users listening on port 3002
users request | id=2c66ad84-2c90-431d-bc27-53de5ac71ab7 | GET /users/1 | status=200 | durationMs=3
users request | id=9e52a2a1-c89d-423b-8f05-4493a6d5dc66 | GET /users/1 | status=200 | durationMs=1
users request | id=1009f7c9-23be-46ce-a433-83577aa54f24 | GET /users/1 | status=200 | durationMs=1
users request | id=8d20c4fa-3725-4e38-a28c-5a720f06f8df | GET /users/1 | status=200 | durationMs=1
users request | id=a155e6d2-be93-4dcb-adf6-f305f1b8105a | GET /users/1 | status=200 | durationMs=1
users request | id=aaee029b-4241-494c-9870-2c8620ef70b2 | GET /users/1 | status=200 | durationMs=1
users request | id=ad6bb1fd-023a-4e61-a317-e244da1ddd54 | GET /users/1 | status=200 | durationMs=0
users request | id=46902db8-2a34-4034-b9a1-1ce3932f16c3 | GET /users/1 | status=200 | durationMs=0
users request | id=79155d39-4fab-41b3-885e-1ca58985eafd | GET /users/1 | status=200 | durationMs=1
users request | id=293f0d80-d6c2-484f-9116-1cf85d6c438a | GET /users/1 | status=200 | durationMs=1
users request | id=5850259a-d5f7-440d-994d-dec84d1dcb09 | GET /users/1 | status=200 | durationMs=1
users request | id=625bdab4-ee1c-4b7c-ad16-90db6d8763f4 | GET /users/1 | status=200 | durationMs=1
users request | id=9d409ce5-19ec-40e3-b085-cd2e940325c2 | GET /users/1 | status=200 | durationMs=0
users request | id=5c5d862a-1667-48d9-ae7b-2401771c68f2 | GET /users/1 | status=200 | durationMs=1
users request | id=bf61da55-c9e0-4379-a2aa-dbc5003c0a09 | GET /users/1 | status=200 | durationMs=0
users request | id=b8718535-2fb0-4943-b71f-4880a2448106 | GET /users/1 | status=200 | durationMs=1
users request | id=889a9575-2364-4632-90c7-4d4d4901f877 | GET /users/1 | status=200 | durationMs=0
users request | id=5e41d967-b5aa-41e8-b6e4-5a864a55c269 | GET /users/1 | status=200 | durationMs=1
users request | id=3c36e0e2-6a16-41a2-a61d-ea36877844b8 | GET /users/1 | status=200 | durationMs=0
users request | id=136b7ccd-886e-431c-af19-20258c3d9b55 | GET /users/1 | status=200 | durationMs=1
users request | id=045f5004-7873-47b7-8e3e-4107eaf13979 | GET /users/1 | status=200 | durationMs=1
users request | id=4d6f3d0a-4aed-47cd-b8d5-f07a5dd86481 | GET /users/1 | status=200 | durationMs=0
users request | id=4af24395-5094-4564-a447-9bbd73f13155 | GET /users/1 | status=200 | durationMs=0
users request | id=a161f081-cc95-4dae-9c75-97aa93c7c082 | GET /users/1 | status=200 | durationMs=1
users request | id=23a94782-c52c-4dd8-982d-d3e164d5fe8a | GET /users/1 | status=200 | durationMs=0
users request | id=996eab27-12a0-4ef9-9cdc-ab7711639807 | GET /users/1 | status=200 | durationMs=1
users request | id=f6baeaad-d2e1-47f1-955f-94b64f860a07 | GET /users/1 | status=200 | durationMs=0
users request | id=e87557b6-89af-4055-8434-5b4154a4bb11 | GET /users/1 | status=200 | durationMs=0
users request | id=64ebdb77-eb2c-4629-8221-d19a4d79feff | GET /users/1 | status=200 | durationMs=0
users request | id=a8844a6b-ac67-4bd1-bf66-382252ee4e2d | GET /users/1 | status=200 | durationMs=0
users request | id=89af998b-8133-4e0d-ab98-b62c7b72d173 | GET /users/1 | status=200 | durationMs=1
users request | id=0ada07d9-9eb8-4d6f-972d-dce83706ddcc | GET /users/1 | status=200 | durationMs=0
users request | id=5d88fb7d-1bf4-45bc-9e4a-1d05b01493ea | GET /users/1 | status=200 | durationMs=1
users request | id=9e7632d5-24ab-4c48-82bb-3f5624eca6cb | GET /users/1 | status=200 | durationMs=1
users request | id=6bff0041-8c2a-4352-ab73-8c76ac7d72c5 | GET /users/1 | status=200 | durationMs=0
users request | id=b482d0ee-3d73-44be-8719-18ec3bcb32c0 | GET /users/1 | status=200 | durationMs=1
users request | id=98827302-60a1-4598-9227-60cd6a2ca374 | GET /users/1 | status=200 | durationMs=0
users request | id=0da6ad20-7a65-40d1-aadd-a20682fcfba3 | GET /users/1 | status=200 | durationMs=0
users request | id=2ff8b9de-73ad-48da-97ef-a15e9fe9af5c | GET /users/1 | status=200 | durationMs=1
users request | id=62567746-c2fb-4d26-bd19-8fef59845fb3 | GET /users/1 | status=200 | durationMs=1
users request | id=9bb63c48-3f3a-4077-a89e-c29ff28a9fd1 | GET /users/1 | status=200 | durationMs=1
users request | id=480594ab-1ef7-4916-9670-0a52d52a30ae | GET /users/1 | status=200 | durationMs=1
users request | id=45fc88a8-a760-4d33-b1bd-cfd6020ee079 | GET /users/1 | status=200 | durationMs=0
users request | id=9b216c35-8f03-4094-aff4-72e05f4c06d9 | GET /users/1 | status=200 | durationMs=0
users request | id=afb3d99d-d203-42f2-a11e-508f50b13e3a | GET /users/1 | status=200 | durationMs=1
users request | id=1aa60816-4a1b-401b-bf77-25c873d03fd6 | GET /users/1 | status=200 | durationMs=0
users request | id=2432de4f-a421-4ce5-adc8-689596715fcd | GET /users/1 | status=200 | durationMs=1
users request | id=889a787c-fbd8-413d-b42d-2fed1e08406c | GET /users/1 | status=200 | durationMs=1
users request | id=9f553ede-7504-4655-b6e6-cb88a2675830 | GET /users/1 | status=200 | durationMs=1
users request | id=5455c07a-1117-46c7-97f4-110757e0d506 | GET /users/1 | status=200 | durationMs=1
users request | id=8b873d01-01e5-4d57-ae9f-d1a86af1e73d | GET /users/1 | status=200 | durationMs=0
users request | id=fca8d6b4-7b48-4790-a5f8-a66516a6690c | GET /users/1 | status=200 | durationMs=0
users request | id=3c3e9fe5-2fcb-485c-8533-f3b0c8e5091a | GET /users/1 | status=200 | durationMs=1
users request | id=de7a6a85-ac1e-44c8-ac21-430d85d4e509 | GET /users/1 | status=200 | durationMs=1
users request | id=4c4acd21-e459-4ace-9002-96389080731e | GET /users/1 | status=200 | durationMs=1
users request | id=69d43c75-4bbb-495a-875f-d934a4733517 | GET /users/1 | status=200 | durationMs=1
users request | id=8a6defd7-21e4-4648-a609-6633fd4e8861 | GET /users/1 | status=200 | durationMs=0
users request | id=7d375f6b-4945-41f9-8d5d-855b56dc54dc | GET /users/1 | status=200 | durationMs=0
users request | id=c13a4717-9dda-4504-b99a-c08d6dc775b7 | GET /users/1 | status=200 | durationMs=1
users request | id=3ee23221-2bb4-49d7-bd25-af960323e2f2 | GET /users/1 | status=200 | durationMs=0
users request | id=ec6d46c0-31e7-4ad1-af93-1f28182c2482 | GET /users/1 | status=200 | durationMs=1
users request | id=9845e656-a8d6-4b75-8a6a-b146c341e271 | GET /users/1 | status=200 | durationMs=0
users request | id=6986098a-db34-484d-bdb9-0aa3877da20f | GET /users/1 | status=200 | durationMs=1
users request | id=ff00c30a-b7c3-4653-b965-c09a79bb787e | GET /users/1 | status=200 | durationMs=0
users request | id=92fb0328-efd4-48a8-a0e0-ab8129b3ce25 | GET /users/1 | status=200 | durationMs=1
users request | id=d6eed284-7ae2-4b44-9c2d-c574236c3519 | GET /users/1 | status=200 | durationMs=1
users request | id=f9d9aa77-126e-4ff6-82bc-9da566521d6c | GET /users/1 | status=200 | durationMs=0
users request | id=d8c0efeb-23d5-42fc-b1e6-d4bb45223848 | GET /users/1 | status=200 | durationMs=1
users request | id=a620ca23-429b-4651-83b1-9388887be8dd | GET /users/1 | status=200 | durationMs=0
users request | id=95c82566-1687-41d0-9e28-bd6353c7ffcf | GET /users/1 | status=200 | durationMs=0
users request | id=1af5d308-98b4-4cb2-ab2a-38a8c5340398 | GET /users/1 | status=200 | durationMs=0
users request | id=07acf69a-e4a3-4315-a11f-bc7523a20617 | GET /users/1 | status=200 | durationMs=0
users request | id=8403ca35-450c-4da3-89fb-3227ac64c593 | GET /users/1 | status=200 | durationMs=0
users request | id=8247e668-0b4b-4adb-ba26-b696afe261bb | GET /users/1 | status=200 | durationMs=0
users request | id=af04d470-13d5-4cb7-aa1b-b5df6637dabf | GET /users/1 | status=200 | durationMs=0
users request | id=2df519b5-2d9f-4cad-b7db-3c507cf03cd6 | GET /users/1 | status=200 | durationMs=1
users request | id=605955f5-9246-458d-a477-5f075597161f | GET /users/1 | status=200 | durationMs=1
users request | id=f6eeb6de-a402-4422-833e-e85f8d2109e7 | GET /users/1 | status=200 | durationMs=0
users request | id=256e1d41-0102-4856-b4fc-454f35c3cebc | GET /users/1 | status=200 | durationMs=1
users request | id=7830019a-dfc4-4dfe-ba1d-428620e5c12a | GET /users/1 | status=200 | durationMs=0
users request | id=0e8094c7-e896-4f9c-9e38-ff0ef47c6b42 | GET /users/1 | status=200 | durationMs=0
users request | id=7eeb1258-bf7e-4e9e-a1da-a1630adc12f3 | GET /users/1 | status=200 | durationMs=0
users request | id=99295f3f-64b8-49d6-a9bb-59bd1949a7b6 | GET /users/1 | status=200 | durationMs=0
users request | id=39f8ad11-5de3-4a1f-90b0-01542701f82f | GET /users/1 | status=200 | durationMs=0
users request | id=7e803dd7-0c1a-4ea0-a70a-c469ed1008b0 | GET /users/1 | status=200 | durationMs=1
users request | id=b22e8e18-9185-4cc0-989f-7cceae4469b2 | GET /users/1 | status=200 | durationMs=1
users request | id=8f15553d-9389-4972-a1cb-8bbc9f4496fd | GET /users/1 | status=200 | durationMs=1
users request | id=d14ac024-d1f4-40d4-9c62-278aada995d7 | GET /users/1 | status=200 | durationMs=1
users request | id=c608f264-933a-44b1-86fd-5f7adc79f667 | GET /users/1 | status=200 | durationMs=1
users request | id=a5d55630-c1d3-46d9-8f3a-9b680351fdda | GET /users/1 | status=200 | durationMs=1
users request | id=482893c5-aaff-4fe2-932d-2e0085e5922f | GET /users/1 | status=200 | durationMs=0
users request | id=b28c418f-0d13-4525-9920-ab4ac32b4a61 | GET /users/1 | status=200 | durationMs=0
users request | id=ad464a44-f19a-4a2e-817b-f6e38b22821f | GET /users/1 | status=200 | durationMs=1
users request | id=d769e1ff-2181-43e1-a3d9-af0753bfc70f | GET /users/1 | status=200 | durationMs=0
users request | id=32738204-49ac-4e99-840f-8149c1ff2e89 | GET /users/1 | status=200 | durationMs=1
users request | id=d2929725-17b8-47bb-9f28-769743f80fdd | GET /users/1 | status=200 | durationMs=1
users request | id=896ab307-0887-40c4-905f-58fe0db78b61 | GET /users/1 | status=200 | durationMs=0
users request | id=49d25eb0-1be5-4d8e-b382-c01f2b457e8b | GET /users/1 | status=200 | durationMs=0
users request | id=b1563c8b-db71-4107-abd4-520bf3fe8569 | GET /users/1 | status=200 | durationMs=0
users request | id=3567798a-cd1d-4bfb-bc14-742dc81c916b | GET /users/1 | status=200 | durationMs=1
users request | id=abafc9cc-156d-43c8-8b71-b90c591faca9 | GET /users/1 | status=200 | durationMs=1
users request | id=375fcbe9-328e-49da-a294-566ec1be0846 | GET /users/1 | status=200 | durationMs=0
users request | id=186d8258-38c0-46d5-9526-6889b8981d3e | GET /users/1 | status=200 | durationMs=1
users request | id=102690d2-42fd-4f1e-a74a-9550457929d0 | GET /users/1 | status=200 | durationMs=1
users request | id=53103eb8-68a6-4655-8980-4089cbdc21dc | GET /users/1 | status=200 | durationMs=1
users request | id=39ed6c7f-75a1-4541-b24d-ee7e401054a7 | GET /users/1 | status=200 | durationMs=0
users request | id=1abcdcc1-c87d-4a9a-b482-e546233e9deb | GET /users/1 | status=200 | durationMs=0
users request | id=8daefa74-7314-4dc2-9c0c-79f8889eccdc | GET /users/1 | status=200 | durationMs=0
users request | id=bfa242e5-61ac-4cd9-95b1-38f67b0f10d5 | GET /users/1 | status=200 | durationMs=1
users request | id=ba99fb52-062c-4034-90ed-6817bdfa31f7 | GET /users/1 | status=200 | durationMs=1
users request | id=bfb24bf9-5a5c-4dc0-94a0-90ba943ec513 | GET /users/1 | status=200 | durationMs=1
users request | id=0a06c445-c324-4272-99a2-820a543c208c | GET /users/1 | status=200 | durationMs=0
users request | id=16e6a56c-9fb5-40e0-aa46-017d2d8da2a6 | GET /users/1 | status=200 | durationMs=0
users request | id=eaeb6a79-1ed7-44db-ac67-47ba9b0a212c | GET /users/1 | status=200 | durationMs=1
users request | id=76842be1-b303-4759-8d10-f5be52c4cd83 | GET /users/1 | status=200 | durationMs=0
users request | id=16ce6d11-8867-4b63-885f-c0dca89b2ce9 | GET /users/1 | status=200 | durationMs=0
users request | id=fdacf9e9-1ef7-4e31-9b04-c1cb8a0b4e93 | GET /users/1 | status=200 | durationMs=0
users request | id=6a15babb-9026-40fc-8a98-435d5066117b | GET /users/1 | status=200 | durationMs=1
users request | id=9b89c6fd-0f39-413d-a0c7-2e485974e4d9 | GET /users/1 | status=200 | durationMs=1
users request | id=4ed6440e-2c62-4e96-a751-beb71a97b1f4 | GET /users/1 | status=200 | durationMs=0
users request | id=4bd9d8d6-dcba-4071-a960-daf79dfeac2b | GET /users/1 | status=200 | durationMs=0
users request | id=a36d1d8a-4aba-439b-a03d-6e5f4bc1125e | GET /users/1 | status=200 | durationMs=1
users request | id=a31cdf29-a3b0-4fc1-9150-99b8ad17c9ed | GET /users/1 | status=200 | durationMs=1
users request | id=054303fc-ddeb-4bfb-a76e-16c207a04ca7 | GET /users/1 | status=200 | durationMs=0
users request | id=a58997f4-77d3-4d20-be2e-7a908e36c6ef | GET /users/1 | status=200 | durationMs=0
users request | id=b9efa36f-1e48-4017-addb-c85c7d489a3e | GET /users/1 | status=200 | durationMs=1
users request | id=bad1e3fb-9a66-43f9-a229-6f4c87d18630 | GET /users/1 | status=200 | durationMs=0
users request | id=8421e9e7-b38d-472b-a949-18634429c515 | GET /users/1 | status=200 | durationMs=1
users request | id=767c5d3d-535b-4b34-a073-bde638dd1be0 | GET /users/1 | status=200 | durationMs=0
users request | id=38268d24-92c6-40e8-bdf2-2a894d3598fa | GET /users/1 | status=200 | durationMs=1
users request | id=57d55096-c38f-48a2-b038-4c35ef31ac31 | GET /users/1 | status=200 | durationMs=1
users request | id=030fddea-60f5-454a-87f5-d5550fcb0615 | GET /users/1 | status=200 | durationMs=0
users request | id=02095ec7-3aa8-418a-8df5-8a750e6ee9cc | GET /users/1 | status=200 | durationMs=0
users request | id=365658bb-d5c4-46f3-8185-9c9c83b9d02c | GET /users/1 | status=200 | durationMs=0
users request | id=2c6939c7-9f48-4e99-b524-b621d465e8a4 | GET /users/1 | status=200 | durationMs=0
users request | id=91ebc66e-d0a8-4c2b-a306-03ecb4304b3e | GET /users/1 | status=200 | durationMs=1
users request | id=28f461f5-0580-4801-9b23-8eac44ecbc7e | GET /users/1 | status=200 | durationMs=1
users request | id=7bdde76e-d069-4bbb-9ecd-243cf428d437 | GET /users/1 | status=200 | durationMs=0
users request | id=e401f9fa-5997-47fd-8062-75c82904ddf5 | GET /users/1 | status=200 | durationMs=0
users request | id=13b3f744-c57b-4856-994f-8f1bf5eed8ec | GET /users/1 | status=200 | durationMs=1
users request | id=c7ea34e2-605a-40d6-b9dd-caf51e615e7f | GET /users/1 | status=200 | durationMs=0
users request | id=789e3a7d-1920-4abd-af0b-652132c356dd | GET /users/1 | status=200 | durationMs=1
users request | id=ced21277-d38f-47de-9f9a-73702cea34f2 | GET /users/1 | status=200 | durationMs=2
users request | id=58891a9e-7a77-4114-93a4-c08ba880639a | GET /users/1 | status=200 | durationMs=0
users request | id=ab5d1a52-4318-4589-a65e-28b5a3e62528 | GET /users/1 | status=200 | durationMs=0
users request | id=9f188f6d-1eaa-4a19-95a7-d2e60c6e0b4d | GET /users/1 | status=200 | durationMs=1
users request | id=f7034e3c-d662-40b5-b7d6-606369a136a3 | GET /users/1 | status=200 | durationMs=1
users request | id=4569ae09-d8c2-45fc-a093-f162a5a62729 | GET /users/1 | status=200 | durationMs=1
users request | id=c3f102f2-298e-4d17-b6f5-8cd40549a7a6 | GET /users/1 | status=200 | durationMs=1
users request | id=4681c898-fd26-4209-a07c-6e7031809249 | GET /users/1 | status=200 | durationMs=0
users request | id=5f34110f-e8e9-4bb9-a74f-ba6913f00a93 | GET /users/1 | status=200 | durationMs=0
users request | id=1aae3a80-46da-4fbf-93c3-c7799407d232 | GET /users/1 | status=200 | durationMs=1
users request | id=dcef0d57-b849-4794-a1ef-a3a706edb33b | GET /users/1 | status=200 | durationMs=0
users request | id=5a920a59-1690-4355-9016-4a1b751a180f | GET /users/1 | status=200 | durationMs=0
users request | id=6e36bb11-e649-453c-b3f1-e522f0cfc04e | GET /users/1 | status=200 | durationMs=1
users request | id=e0b3e799-545c-4f8b-9a40-e7a26d389068 | GET /users/1 | status=200 | durationMs=0
users request | id=3a58be17-4c28-4845-8f3b-35d6561535a7 | GET /users/1 | status=200 | durationMs=0
users request | id=7105e67a-2b9f-49e9-9d3f-4e9e369a74e0 | GET /users/1 | status=200 | durationMs=0
users request | id=6ef2be04-d698-42e0-9b6a-0b7f13b9258c | GET /users/1 | status=200 | durationMs=0
users request | id=f28574c0-1bbf-4f3e-b953-e1965df1b410 | GET /users/1 | status=200 | durationMs=1
users request | id=992fa219-50fd-43f2-8f63-e4e57a38a06c | GET /users/1 | status=200 | durationMs=1
users request | id=5c744d7b-8cab-44ff-9655-2aa8ed0afa56 | GET /users/1 | status=200 | durationMs=1
users request | id=037c014b-85b1-43a4-a009-1ef88216f237 | GET /users/1 | status=200 | durationMs=1
users request | id=ac56b692-395c-4048-a6ab-cbd12ab84d40 | GET /users/1 | status=200 | durationMs=0
users request | id=dc7a65c8-76c4-47a3-9f92-44918597e579 | GET /users/1 | status=200 | durationMs=0
users request | id=10d85e0d-1f23-4605-b666-9f8fd46f37a5 | GET /users/1 | status=200 | durationMs=0
users request | id=f7364bce-6474-4e75-82f2-ab67cde4901d | GET /users/1 | status=200 | durationMs=1
users request | id=0699f3fa-1de7-428b-9954-bcb630c54d98 | GET /users/1 | status=200 | durationMs=0
users request | id=af060947-b524-49fa-a0d1-27852008f936 | GET /users/1 | status=200 | durationMs=0
users request | id=8ddaa1f5-71aa-4b85-b504-22211c254437 | GET /users/1 | status=200 | durationMs=1
users request | id=f6a090a8-5154-4f88-8068-4b4bf32243cf | GET /users/1 | status=200 | durationMs=0
users request | id=bb292859-f8e0-46ee-bad2-54ea443db8ed | GET /users/1 | status=200 | durationMs=1
users request | id=a8c28213-acf3-481b-91d9-5ab001696549 | GET /users/1 | status=200 | durationMs=0
users request | id=d43378bf-9880-410a-b172-2f7dc943b306 | GET /users/1 | status=200 | durationMs=0
users request | id=6b2e49fa-4183-41d5-8f53-db2bb3fcfa9b | GET /users/1 | status=200 | durationMs=0
users request | id=ea1219b1-9d15-41f4-aa96-e8011c1e45d2 | GET /users/1 | status=200 | durationMs=1
users request | id=6d17fa72-f8fa-4334-8b1b-2900275a7b50 | GET /users/1 | status=200 | durationMs=0
users request | id=b1aa6ffb-3f01-45a7-bc3a-b331a9b708dc | GET /users/1 | status=200 | durationMs=1
users request | id=24a75a00-0e91-4f0c-8fc4-c18a7a1a8bac | GET /users/1 | status=200 | durationMs=0
users request | id=7e3da8e2-13d0-49fe-abe3-a8af11322afe | GET /users/1 | status=200 | durationMs=0
users request | id=9cfeaabd-84b2-4ce5-b9d7-6b3b9ce53096 | GET /users/1 | status=200 | durationMs=0
users request | id=294652ba-61ee-4b27-83ee-5c5c0441fe60 | GET /users/1 | status=200 | durationMs=0
users request | id=b8407c86-9dc9-4958-953e-31a9cdb13e22 | GET /users/1 | status=200 | durationMs=0
users request | id=9264c7d0-eca1-45dc-8518-3822cb15ba19 | GET /users/1 | status=200 | durationMs=0
users request | id=ee736148-a891-496e-89ab-6d6aa4331d70 | GET /users/1 | status=200 | durationMs=0
users request | id=314e95d4-3636-4e6c-9a71-9a6e69c292aa | GET /users/1 | status=200 | durationMs=0
users request | id=a9c548ef-e22d-444d-9225-29980c8350e7 | GET /users/1 | status=200 | durationMs=0
users request | id=09ce8dc2-47ef-42a4-98ab-78f0be526eb9 | GET /users/1 | status=200 | durationMs=0
users request | id=54e08691-b0d3-4dc9-9a35-1b393b8fa09b | GET /users/1 | status=200 | durationMs=1
users request | id=d65b7954-3857-4b6c-bce4-b495ae6a8d80 | GET /users/1 | status=200 | durationMs=0
users request | id=e9409236-c791-43c0-9b8a-1e9e8c580b9c | GET /users/1 | status=200 | durationMs=0
users request | id=9ae43ca9-aa4f-4af3-b373-0d7577095465 | GET /users/1 | status=200 | durationMs=1
users request | id=316669aa-7dfb-4640-b8a7-11c309a66830 | GET /users/1 | status=200 | durationMs=0
users request | id=0b6276cc-ce7d-4996-ae90-d574db854040 | GET /users/1 | status=200 | durationMs=0
users request | id=660e4f9c-6f10-4dbe-be4d-2a4ba2d90b83 | GET /users/1 | status=200 | durationMs=0
users request | id=c69d89ef-56f8-47a4-8e1f-f3c200712b19 | GET /users/1 | status=200 | durationMs=1
users request | id=d41679ce-535e-4f2f-b070-ad9f32e8c813 | GET /users/1 | status=200 | durationMs=0
users request | id=b25a3eb9-34e9-4f3a-a71d-e7a82ff10dc2 | GET /users/1 | status=200 | durationMs=0
users request | id=5297332f-4bd6-4743-aaa3-62d7b3b74f83 | GET /users/1 | status=200 | durationMs=0
users request | id=d9126a47-89da-4d3e-b79b-14e3baccdb2f | GET /users/1 | status=200 | durationMs=1
users request | id=138ae44c-5fd2-467b-9f93-4dbe5a267a67 | GET /users/1 | status=200 | durationMs=0
users request | id=d320f95c-b301-4d5b-8226-ad68356759dc | GET /users/1 | status=200 | durationMs=0
users request | id=91ced641-7d06-445c-a510-21673faa6d5d | GET /users/1 | status=200 | durationMs=1
users request | id=6516dfde-9517-4b01-ba53-9933558a84ce | GET /users/1 | status=200 | durationMs=1
users request | id=3e231046-73c7-4ab3-b6b9-746c500ae02b | GET /users/1 | status=200 | durationMs=1
users request | id=ef16d078-01fa-4f76-add2-533a54400032 | GET /users/1 | status=200 | durationMs=0
users request | id=9df138f6-0336-4789-8c74-42cf109c3c45 | GET /users/1 | status=200 | durationMs=0
users request | id=a859a3de-0d60-4672-861b-8dae064fdc45 | GET /users/1 | status=200 | durationMs=1
users request | id=410c4c7a-677a-405f-aa46-aa967960688a | GET /users/1 | status=200 | durationMs=1
users request | id=54b9ae89-8f20-43bc-8432-ea2e5a5b9479 | GET /users/1 | status=200 | durationMs=1
users request | id=f76a83fe-1969-4125-8c18-e4fb0aafb491 | GET /users/1 | status=200 | durationMs=1
users request | id=49947530-638a-44a6-a376-c822dca99c2b | GET /users/1 | status=200 | durationMs=1
users request | id=3660c267-c272-4a28-90c9-1156a7c3430b | GET /users/1 | status=200 | durationMs=1
users request | id=dc46ef13-2f21-4d04-b52b-90a951e7e4cd | GET /users/1 | status=200 | durationMs=0
users request | id=baaeafff-a214-4ec3-aaaf-4281b8b68c73 | GET /users/1 | status=200 | durationMs=1
users request | id=3ff90836-5884-49c9-b5da-3b6303fbf461 | GET /users/1 | status=200 | durationMs=0
users request | id=9be9b61e-3573-4732-a99f-33791d833f83 | GET /users/1 | status=200 | durationMs=1
users request | id=3018c464-523f-4e29-be99-4c55242760bc | GET /users/1 | status=200 | durationMs=0
users request | id=7d7b81ac-2812-447b-bf12-c33f684174ef | GET /users/1 | status=200 | durationMs=1
users request | id=57f1c29a-4a63-4594-9a9c-d74b55f864ce | GET /users/1 | status=200 | durationMs=0
users request | id=73d9e3cf-bfd6-4f19-8486-67caf03ad7ba | GET /users/1 | status=200 | durationMs=0
users request | id=83961665-0a88-4d1e-82fd-b5f5ae328ac4 | GET /users/1 | status=200 | durationMs=0
users request | id=e11dc352-48c6-4ff7-8f9f-58568140d6b5 | GET /users/1 | status=200 | durationMs=0
users request | id=3aa8c461-3c7a-4365-b7c5-eeea69cc8e24 | GET /users/1 | status=200 | durationMs=0
users request | id=3edfc810-9a76-4db3-b38d-19b408cb9c40 | GET /users/1 | status=200 | durationMs=0
users request | id=3a93baa8-b228-40ff-a95b-c1f3b28c4747 | GET /users/1 | status=200 | durationMs=0
users request | id=22ec702f-3654-402c-ba61-a4b34d78936f | GET /users/1 | status=200 | durationMs=0
users request | id=dc05795f-433c-4032-9e23-7dbcd8f823f2 | GET /users/1 | status=200 | durationMs=0
users request | id=1e93ecda-851d-492a-a179-950e74b38049 | GET /users/1 | status=200 | durationMs=0
users request | id=64c4d139-529e-4d24-aec8-1d1a9c7f3432 | GET /users/1 | status=200 | durationMs=0
users request | id=9c819318-db05-4c6e-bf6b-430154be64d7 | GET /users/1 | status=200 | durationMs=0
users request | id=5447cbb6-e15c-4b1b-a41a-17b5a86d9618 | GET /users/1 | status=200 | durationMs=0
users request | id=c53ab486-1112-4e1d-b32f-f4a383298e70 | GET /users/1 | status=200 | durationMs=0
users request | id=6d0c61a9-2c89-4a77-bb2e-c51507bc0bd2 | GET /users/1 | status=200 | durationMs=0
users request | id=24c0c343-86d7-4be6-a8b4-dea93905abaa | GET /users/1 | status=200 | durationMs=1
users request | id=49b29172-7af3-4798-98a0-2e67c273751d | GET /users/1 | status=200 | durationMs=0
users request | id=0bc0cffb-72c3-49d1-be52-2b2f7ae6f3a7 | GET /users/1 | status=200 | durationMs=0
users request | id=bf2e8c5f-ae2f-4f21-9400-9c8e773648a1 | GET /users/1 | status=200 | durationMs=0
users request | id=34a284cc-b5eb-4b66-b1a6-5aa4a1186153 | GET /users/1 | status=200 | durationMs=0
users request | id=f9614988-32a2-46fe-80ba-4387131a96cc | GET /users/1 | status=200 | durationMs=0
users request | id=7ec1ca72-9d4c-4cac-a287-73caad760b81 | GET /users/1 | status=200 | durationMs=1
users request | id=0c2dbc71-a09b-4993-a5e2-b047e2206791 | GET /users/1 | status=200 | durationMs=0
users request | id=5a579224-9a32-4023-9a0e-24cc2b394a59 | GET /users/1 | status=200 | durationMs=1
users request | id=51b8027e-192a-4d4a-b651-6102a0e5557a | GET /users/1 | status=200 | durationMs=0
users request | id=cfdfa475-d07b-41dc-bc29-c0c5979b656c | GET /users/1 | status=200 | durationMs=0
users request | id=3335ec25-2c94-4f56-aadd-2dceddbebe77 | GET /users/1 | status=200 | durationMs=0
users request | id=d1628b15-eec4-4c76-8840-54213d2b3adf | GET /users/1 | status=200 | durationMs=0
users request | id=ab7e59e7-0975-42b2-91ef-77b006dd8b41 | GET /users/1 | status=200 | durationMs=0
users request | id=5e843196-306a-4734-9dab-fe7da1449f37 | GET /users/1 | status=200 | durationMs=1
users request | id=27f3512a-44b4-4873-815a-5c778e91db89 | GET /users/1 | status=200 | durationMs=0
users request | id=fc2363c2-98e4-4a12-925d-dc131d5ed3f1 | GET /users/1 | status=200 | durationMs=1
users request | id=26d4691b-83ef-450c-bb7d-129992e08060 | GET /users/1 | status=200 | durationMs=1
users request | id=0d318d40-e8cf-400b-9703-1a5186c9c1ad | GET /users/1 | status=200 | durationMs=0
users request | id=79ca7151-36a7-4297-9040-f35217a348b3 | GET /users/1 | status=200 | durationMs=0
users request | id=aa3ad221-8906-454d-b23c-ee2d7046e6ee | GET /users/1 | status=200 | durationMs=1
users request | id=4b9408ee-856f-471f-a14b-a28a1effbd9c | GET /users/1 | status=200 | durationMs=0
users request | id=0c31e8c7-ca06-4169-89ad-11ff5c711de0 | GET /users/1 | status=200 | durationMs=0
users request | id=82ed1e9e-5b5c-45e8-8d79-033cb646a263 | GET /users/1 | status=200 | durationMs=0
users request | id=0fd2ac1d-f2d6-4550-b2b9-323413653a53 | GET /users/1 | status=200 | durationMs=0
users request | id=fe5545b3-d786-46af-9859-8f2014e33e09 | GET /users/1 | status=200 | durationMs=0
users request | id=ea0a3e77-5414-40d7-979f-c4b31af5e515 | GET /users/1 | status=200 | durationMs=0
users request | id=b559e4cb-9482-489a-a1c7-07191c1931ec | GET /users/1 | status=200 | durationMs=1
users request | id=d85537d5-6877-4eaf-81c8-3f6aa77ed1d8 | GET /users/1 | status=200 | durationMs=0
users request | id=6ab23d6e-5cd3-4bc6-a610-5dcc8fc7f906 | GET /users/1 | status=200 | durationMs=1
users request | id=a4756529-66f4-4ced-bb33-915a7916a024 | GET /users/1 | status=200 | durationMs=0
users request | id=4dee890d-6245-4ea6-be8e-01945413ae7e | GET /users/1 | status=200 | durationMs=0
users request | id=424e0ad3-2e39-49b0-a208-b043a56e066d | GET /users/1 | status=200 | durationMs=1
users request | id=c45bbe53-d584-4091-b21c-8a72ef592096 | GET /users/1 | status=200 | durationMs=0
users request | id=c2f2180b-d2f2-4f1c-922d-a32fd858330e | GET /users/1 | status=200 | durationMs=0
users request | id=26993c51-2844-4aad-b4d9-a6bbe08a2805 | GET /users/1 | status=200 | durationMs=1
users request | id=e2e72160-1fe8-418c-8367-579889393e49 | GET /users/1 | status=200 | durationMs=0
users request | id=dbd5ab53-a9cc-4ebf-930e-6b97a1dc6dfe | GET /users/1 | status=200 | durationMs=1
users request | id=402eefde-202f-4a63-b8ce-a0ac9dd04321 | GET /users/1 | status=200 | durationMs=0
users request | id=243e0d38-8344-41f6-b1a4-d7d12cb5ba5f | GET /users/1 | status=200 | durationMs=1
users request | id=c07f05ae-da19-4fd0-aaf5-de61d6692b77 | GET /users/1 | status=200 | durationMs=0
users request | id=3cad6bee-e47b-4c22-b967-7ad3333f6281 | GET /users/1 | status=200 | durationMs=1
users request | id=7a072da6-4fa6-4f7c-abc4-528330d69396 | GET /users/1 | status=200 | durationMs=0
users request | id=c58ab198-bf60-4dad-a654-404179e797c6 | GET /users/1 | status=200 | durationMs=1
users request | id=774dd8c3-df29-439a-b8bd-5ad1c4430f48 | GET /users/1 | status=200 | durationMs=0
users request | id=59816442-1e5b-4668-b815-551dccb9eadc | GET /users/1 | status=200 | durationMs=0
users request | id=aec8632c-f22a-46ef-ac39-54934f1628f7 | GET /users/1 | status=200 | durationMs=0
users request | id=178bf61f-ef98-465f-8862-5ce76f1a9d9d | GET /users/1 | status=200 | durationMs=0
users request | id=6d656588-25a5-4c26-b110-08eccf68adb3 | GET /users/1 | status=200 | durationMs=0
users request | id=bb02400c-da10-4e64-8dd2-dd77224d96fe | GET /users/1 | status=200 | durationMs=0
users request | id=dbeee423-2035-410c-9cfc-8d565150cc8d | GET /users/1 | status=200 | durationMs=0
users request | id=beb42ac2-9cc4-4dc9-8e09-de326f9b740d | GET /users/1 | status=200 | durationMs=0
users request | id=453778fc-4f33-48f2-9fd9-ad351835167e | GET /users/1 | status=200 | durationMs=0
users request | id=1ef5e32a-d55e-4470-9258-99f635a5dd8c | GET /users/1 | status=200 | durationMs=0
users request | id=477567e3-4fcf-4a98-8939-ef79760653bc | GET /users/1 | status=200 | durationMs=1
users request | id=d08c3a13-1f8f-4246-b611-b1b1520c275f | GET /users/1 | status=200 | durationMs=0
users request | id=01ab91c7-768f-47a2-8e52-b8bf85062ce9 | GET /users/1 | status=200 | durationMs=0
users request | id=eaf65f7c-80f0-4564-b91b-3de2b4b8a5a3 | GET /users/1 | status=200 | durationMs=1
users request | id=3166b8e9-df5e-410a-baf8-66fd82f65b8d | GET /users/1 | status=200 | durationMs=0
users request | id=c254d5ed-fc51-48d3-973e-956825715e46 | GET /users/1 | status=200 | durationMs=1
users request | id=bd158ac9-bbe8-4e0e-97c9-803f8ebba1c0 | GET /users/1 | status=200 | durationMs=1
users request | id=912880c0-6134-475a-919d-fbcd8534a4ae | GET /users/1 | status=200 | durationMs=1
users request | id=c9133ffc-e420-4fcc-982b-1636d6319613 | GET /users/1 | status=200 | durationMs=0
users request | id=c79e3635-5955-404f-abf9-8ae7af63cc7b | GET /users/1 | status=200 | durationMs=0
users request | id=1c04e7de-4091-4c24-a890-0c61d9d96d64 | GET /users/1 | status=200 | durationMs=0
users request | id=02b1d7c6-79a9-4c7c-b4f2-0bb59a43345b | GET /users/1 | status=200 | durationMs=0
users request | id=3c917e0b-e34b-4b66-a2c4-75aad8a9ed27 | GET /users/1 | status=200 | durationMs=1
users request | id=fa1bf5e0-58e6-4e54-a7e7-78330618c775 | GET /users/1 | status=200 | durationMs=0
users request | id=78ac2439-20bf-4381-99db-4d254080ccbb | GET /users/1 | status=200 | durationMs=0
users request | id=a68cf1df-fbfa-4137-a37b-5b3ee59c1c04 | GET /users/1 | status=200 | durationMs=0
users request | id=c4716a61-0275-4aa6-890f-63fa11a379df | GET /users/1 | status=200 | durationMs=0
users request | id=15c699ae-c776-4b91-9fe2-f22f7a6259ff | GET /users/1 | status=200 | durationMs=1
users request | id=b1e5b1ef-dcd4-4cda-91cb-d59b667a59e6 | GET /users/1 | status=200 | durationMs=0
users request | id=5ff25b8c-1cb1-4d70-9d55-04c5d932c715 | GET /users/1 | status=200 | durationMs=0
users request | id=7aba9096-00ae-4fb6-8470-f6cd38be743c | GET /users/1 | status=200 | durationMs=0
users request | id=79170ea4-fafa-4a76-b38c-f8a624ce594c | GET /users/1 | status=200 | durationMs=1
users request | id=327a938d-e4fb-47f5-94d2-a8f63dd89777 | GET /users/1 | status=200 | durationMs=1
users request | id=500505d9-8d97-4d2c-9a82-4f4549db2d3c | GET /users/1 | status=200 | durationMs=0
users request | id=55aa14ad-381a-46ae-bf26-c5e1a2c9af8f | GET /users/1 | status=200 | durationMs=0
users request | id=e1075a8d-b1bd-4d92-ba11-390c22334f10 | GET /users/1 | status=200 | durationMs=1
users request | id=cb1256f7-e478-4b04-8d21-4a1e3b73e6c5 | GET /users/1 | status=200 | durationMs=0
users request | id=4c1d8847-9df3-4961-ab8a-f00686cbd5ae | GET /users/1 | status=200 | durationMs=0
users request | id=41db8478-f84a-45af-b30b-2eed7896381d | GET /users/1 | status=200 | durationMs=0
users request | id=5630a395-ff82-4b71-8bbc-bfa7f1775ad4 | GET /users/1 | status=200 | durationMs=0
users request | id=0ddcff98-d355-48f0-ad2b-a8c74a4e1b2a | GET /users/1 | status=200 | durationMs=0
users request | id=5d4a57b6-414c-48b7-9057-b333ee358f45 | GET /users/1 | status=200 | durationMs=0
users request | id=388fe6ad-cc00-48df-9d2a-290c3f2db23f | GET /users/1 | status=200 | durationMs=0
users request | id=4ecb569d-ce28-4caa-be83-a0f0f74681f8 | GET /users/1 | status=200 | durationMs=1
users request | id=62f04023-e844-4718-a8c0-0c60323475c2 | GET /users/1 | status=200 | durationMs=0
users request | id=a9687487-ce56-473e-9642-b74fe615cb80 | GET /users/1 | status=200 | durationMs=0
users request | id=644a0c69-5333-4f6a-b0f2-ea4b07d3c930 | GET /users/1 | status=200 | durationMs=0
users request | id=8e2240b8-99a8-4ec5-bdc2-9329ee2b83f2 | GET /users/1 | status=200 | durationMs=1
users request | id=b5eee244-5ebd-4bde-a576-82fc10758201 | GET /users/1 | status=200 | durationMs=0
users request | id=da4a4c3d-156b-4e80-9917-9e55ce490079 | GET /users/1 | status=200 | durationMs=0
users request | id=13a40b9b-5e18-4c66-adad-050a211c6421 | GET /users/1 | status=200 | durationMs=0
users request | id=645399c7-4218-4d60-bf64-83d999f6a037 | GET /users/1 | status=200 | durationMs=1
users request | id=de3f6e42-b420-4abd-9044-7a501e92abba | GET /users/1 | status=200 | durationMs=0
users request | id=18302b0e-8e4d-4fdf-b676-0920aecd5237 | GET /users/1 | status=200 | durationMs=0
users request | id=3cf157e2-24fd-4e23-9596-bf3d36575d5d | GET /users/1 | status=200 | durationMs=0
users request | id=6cf5e754-a922-4bf8-8fce-52f37dd73ed0 | GET /users/1 | status=200 | durationMs=1
users request | id=255738b3-7472-410b-81b8-424e3a3c52ef | GET /users/1 | status=200 | durationMs=1
users request | id=d9e0c46e-851d-41ea-b052-ed39b7dbc1a0 | GET /users/1 | status=200 | durationMs=0
users request | id=7c05df7f-a228-4fac-a2b2-26e2d36c7e4f | GET /users/1 | status=200 | durationMs=1
users request | id=8352798e-207b-4393-8d76-68732c0c08b0 | GET /users/1 | status=200 | durationMs=1
users request | id=b9a7e9c4-1001-4a8b-ae98-e901685fb12e | GET /users/1 | status=200 | durationMs=1
users request | id=08dc4a6e-7f75-41a0-a1fe-b9eca61a0786 | GET /users/1 | status=200 | durationMs=0
users request | id=2087add7-e447-4755-b8af-094a568a605d | GET /users/1 | status=200 | durationMs=0
users request | id=6c8ecc05-ffa6-41b6-a940-34025cf1618d | GET /users/1 | status=200 | durationMs=0
users request | id=3e363765-b755-4ba0-8c18-dd6f873f4aa4 | GET /users/1 | status=200 | durationMs=0
users request | id=c9a36c6a-6e91-4a75-9f7f-f80d8673ff21 | GET /users/1 | status=200 | durationMs=0
users request | id=8a549f97-8e40-4967-9ef7-567efc4efb79 | GET /users/1 | status=200 | durationMs=1
users request | id=cc50edc9-f03d-4100-8e3c-43841fc6c42d | GET /users/1 | status=200 | durationMs=1
users request | id=91aa39f5-c916-4cd7-8321-6875809eefd5 | GET /users/1 | status=200 | durationMs=0
users request | id=dfe7a7d6-5964-49e2-9d27-7db0720ade44 | GET /users/1 | status=200 | durationMs=0
users request | id=efeab3e7-e4f0-4196-9f1e-ca203140104a | GET /users/1 | status=200 | durationMs=0
users request | id=efd4adbf-4ab3-400d-83bc-bcdaf8c3013c | GET /users/1 | status=200 | durationMs=0
users request | id=d56709d5-b38c-4556-a8cd-7cc405a81d83 | GET /users/1 | status=200 | durationMs=1
users request | id=7c4d87d5-0798-47c7-96b6-d06824ea947a | GET /users/1 | status=200 | durationMs=0
users request | id=9f05c9f7-baf9-41de-85c4-8c8f1919c012 | GET /users/1 | status=200 | durationMs=0
users request | id=97962e7f-44f9-4109-b181-6f9c5b545cc7 | GET /users/1 | status=200 | durationMs=1
users request | id=3b0c3dd4-a8cb-4803-a615-ecb8c2411a33 | GET /users/1 | status=200 | durationMs=0
users request | id=daa4b2ed-6342-496a-9366-e4526f8533fa | GET /users/1 | status=200 | durationMs=1
users request | id=b83ad758-ae2d-4d6e-8ad4-d384c61819ee | GET /users/1 | status=200 | durationMs=0
users request | id=84802403-fc41-45f6-9c54-8d5d3c3fbbd2 | GET /users/1 | status=200 | durationMs=1
users request | id=59d15ada-05aa-4587-b08a-0f4bc7fd5cce | GET /users/1 | status=200 | durationMs=1
users request | id=32a0659e-c417-401c-a68c-76a6beb6efd1 | GET /users/1 | status=200 | durationMs=0
users request | id=4b97c179-054f-430a-b4e4-3e5ec20ce6bf | GET /users/1 | status=200 | durationMs=0
users request | id=ff033b1a-227e-4a42-923c-a2d871968fcf | GET /users/1 | status=200 | durationMs=0
users request | id=9558effe-ff37-4c15-808e-476aae31e24a | GET /users/1 | status=200 | durationMs=0
users request | id=f1f7b0ae-71cd-42cc-af1a-26af607c77cd | GET /users/1 | status=200 | durationMs=0
users request | id=3b2186c9-9778-4f94-b073-52955add7fa0 | GET /users/1 | status=200 | durationMs=0
users request | id=ee8b500c-6325-4e81-944f-ce8f9c09b7dc | GET /users/1 | status=200 | durationMs=1
users request | id=7a64c183-3d32-4621-b681-4cb03e4df6df | GET /users/1 | status=200 | durationMs=0
users request | id=cc5b4d03-c651-4f67-8768-82464155a80d | GET /users/1 | status=200 | durationMs=1
users request | id=3a5be292-9506-4386-8403-9425e6a3a4b1 | GET /users/1 | status=200 | durationMs=0
users request | id=00f756eb-8224-46c1-b1ba-31d63549639a | GET /users/1 | status=200 | durationMs=1
users request | id=f91fe728-0119-4f15-a0bb-2e99fd5a5de2 | GET /users/1 | status=200 | durationMs=1
users request | id=2a3be198-bfb0-4c7d-b4bd-65e589117d1b | GET /users/1 | status=200 | durationMs=0
users request | id=21cd9a8d-8bca-49f2-a364-cc7014ff4e53 | GET /users/1 | status=200 | durationMs=0
users request | id=17be47bb-1584-478b-992a-8612ed04a3b5 | GET /users/1 | status=200 | durationMs=0
users request | id=1ba605e1-e0b4-4237-bafe-c7128fdf2e63 | GET /users/1 | status=200 | durationMs=0
users request | id=21604210-4a3f-4d4e-b52d-ca835453ab43 | GET /users/1 | status=200 | durationMs=1
users request | id=d4a53b95-7d0f-4852-bbb5-0037f052d4be | GET /users/1 | status=200 | durationMs=0
users request | id=cc1cd387-23a7-4ea0-a12f-22eb523f1dbb | GET /users/1 | status=200 | durationMs=0
users request | id=780d7c69-84d9-4510-9818-0533bbfff9d7 | GET /users/1 | status=200 | durationMs=0
users request | id=7bc525ed-358c-40e5-b81f-826ca6856865 | GET /users/1 | status=200 | durationMs=1
users request | id=cc70a3e7-c7a4-41f0-b70a-05021bfeda1c | GET /users/1 | status=200 | durationMs=0
users request | id=6217cfdb-ec82-4b10-8650-05d21a484870 | GET /users/1 | status=200 | durationMs=0
users request | id=827b3383-fe0a-45fb-b2e3-ad4e235857d3 | GET /users/1 | status=200 | durationMs=0
users request | id=de04049b-7ee7-4d75-86ec-bdbfd1b5ef87 | GET /users/1 | status=200 | durationMs=1
users request | id=2a0555d4-ee51-42ee-aedf-1448101b71ed | GET /users/1 | status=200 | durationMs=0
users request | id=faad2b67-dbb2-40cb-b7b0-34165d573d4e | GET /users/1 | status=200 | durationMs=1
users request | id=67db37a4-1b8d-4ef0-938a-73744fde8b17 | GET /users/1 | status=200 | durationMs=0
users request | id=b2ad16fe-f943-49d6-a554-04116d34957b | GET /users/1 | status=200 | durationMs=0
users request | id=6ceaa893-0155-4fe7-a17f-b6e9a9c6d985 | GET /users/1 | status=200 | durationMs=1
users request | id=e79fb31e-b0aa-4b6f-b7a7-5a20dc6594b4 | GET /users/1 | status=200 | durationMs=1
users request | id=df280cc9-58ff-4dec-9a69-5a59dd0ed427 | GET /users/1 | status=200 | durationMs=1
users request | id=e16f3f73-f637-46c3-b1f5-e4edc15212ff | GET /users/1 | status=200 | durationMs=0
users request | id=ac50581c-aee3-4669-979f-ad5ebe005ed1 | GET /users/1 | status=200 | durationMs=1
users request | id=8007809a-a7ab-4004-aa70-a789554ca3aa | GET /users/1 | status=200 | durationMs=0
users request | id=4bec0f3f-8d38-4450-aafd-152b4d514de8 | GET /users/1 | status=200 | durationMs=1
users request | id=f4d62046-eef3-4fc5-91e0-cb3fe9feed94 | GET /users/1 | status=200 | durationMs=0
users request | id=199fe8a4-d246-46e2-9eda-d1e0396aa9d0 | GET /users/1 | status=200 | durationMs=0
users request | id=ad6a4e04-c068-4602-ae25-c8b09aef901d | GET /users/1 | status=200 | durationMs=1
users request | id=840faf3f-e141-4c2c-942f-6390fe1e2f38 | GET /users/1 | status=200 | durationMs=1
users request | id=0f9c0d61-cd0c-4ed2-a90a-52e95daa5fa2 | GET /users/1 | status=200 | durationMs=0
users request | id=60f0f076-7446-4be1-84f2-b8dc7ad5141a | GET /users/1 | status=200 | durationMs=0
users request | id=54d9d51a-fd14-48fe-9150-a0ecd239d44f | GET /users/1 | status=200 | durationMs=1
users request | id=7609ae8a-3d95-4e4d-b96c-77397fbd464a | GET /users/1 | status=200 | durationMs=0
users request | id=e7f4e96e-b954-4e60-8994-2e22b413bd78 | GET /users/1 | status=200 | durationMs=1
users request | id=e99f1cc2-1014-4da3-8a0c-cacc2aff8de3 | GET /users/1 | status=200 | durationMs=0
users request | id=1129def6-5938-4ced-88e6-61b719869c3e | GET /users/1 | status=200 | durationMs=0
users request | id=8187d1b3-bd96-49a9-9081-e1411dfad7c5 | GET /users/1 | status=200 | durationMs=1
users request | id=18a5b11a-ebf7-4aa5-9931-7cc15746ce97 | GET /users/1 | status=200 | durationMs=1
users request | id=930bbdfa-401c-4378-a1c3-0cabfe35e01e | GET /users/1 | status=200 | durationMs=1
users request | id=960369c0-757e-4652-b62c-2fb11e6ace8f | GET /users/1 | status=200 | durationMs=0
users request | id=517e4dfc-5c73-428c-bc35-b8769a3a1707 | GET /users/1 | status=200 | durationMs=1
users request | id=64f2c968-4183-4a8a-8b43-c1e39f8ee46b | GET /users/1 | status=200 | durationMs=0
users request | id=8fe1d7ee-df0d-45c6-aed8-00bbf5bc53e1 | GET /users/1 | status=200 | durationMs=0
users request | id=85a08edb-7224-45b2-a1b7-292424914c21 | GET /users/1 | status=200 | durationMs=0
users request | id=115b8e50-0528-472e-adda-6a2ae918ecbf | GET /users/1 | status=200 | durationMs=1
users request | id=8cc99dec-9a87-4d6c-adc2-46f9fdd05b8d | GET /users/1 | status=200 | durationMs=0
users request | id=84e5ed91-9b51-4b7b-a413-40a3f86da770 | GET /users/1 | status=200 | durationMs=0
users request | id=7ee60cd3-06cd-4889-920e-133aaacf60de | GET /users/1 | status=200 | durationMs=0
users request | id=a10efbb8-8f37-4ffd-81f0-3f3993fa6a83 | GET /users/1 | status=200 | durationMs=0
users request | id=9b31be16-fde0-4b00-a021-a14bf33cfbe6 | GET /users/1 | status=200 | durationMs=0
users request | id=4a40f265-498e-4b7c-913d-24167f2f15e0 | GET /users/1 | status=200 | durationMs=0
users request | id=886658aa-f3b4-4811-b7f3-2b7c047242ac | GET /users/1 | status=200 | durationMs=0
users request | id=e11e649a-618f-4a05-9839-59221c649182 | GET /users/1 | status=200 | durationMs=0
users request | id=9070dab1-e916-4fdd-842e-6722ffa0783b | GET /users/1 | status=200 | durationMs=1
users request | id=82f56e56-cf40-483b-93ad-8f27f2762307 | GET /users/1 | status=200 | durationMs=0
users request | id=24e6225c-6f15-4cfb-98eb-9395c8e17529 | GET /users/1 | status=200 | durationMs=1
users request | id=ce63b888-46a9-480f-a364-9abe61546979 | GET /users/1 | status=200 | durationMs=0
users request | id=90bab9e0-254f-47fd-9b3f-eb0cee1c1ca1 | GET /users/1 | status=200 | durationMs=0
users request | id=78f0740f-2280-4c41-a9dd-a9082da38405 | GET /users/1 | status=200 | durationMs=0
users request | id=b88c9903-f145-449b-b08a-636c83b21b87 | GET /users/1 | status=200 | durationMs=0
users request | id=076a6f1b-25db-4721-8cb6-0ada22f51eb2 | GET /users/1 | status=200 | durationMs=0
users request | id=a0096286-dd9f-4e27-9326-9a04df4f9531 | GET /users/1 | status=200 | durationMs=0
users request | id=0aa4c0c9-f9c9-40a9-bd17-6600a8f39e1d | GET /users/1 | status=200 | durationMs=0
users request | id=64eb471b-409d-4d98-923a-fd8b583bff9d | GET /users/1 | status=200 | durationMs=0
users request | id=b77e071a-7b1a-47e9-b516-dc0de9dd3231 | GET /users/1 | status=200 | durationMs=0
users request | id=a09b4d6b-c66a-48a9-bfba-308eabbd13dd | GET /users/1 | status=200 | durationMs=0
users request | id=86de3426-6733-41f3-90ca-b13832e7837e | GET /users/1 | status=200 | durationMs=0
users request | id=6ad9d14d-e33c-45eb-96f2-fefb51362021 | GET /users/1 | status=200 | durationMs=0
users request | id=bf32434b-d79d-4408-887f-5aa45053f31a | GET /users/1 | status=200 | durationMs=1
users request | id=c4863102-beac-4853-910b-b00fb01dee48 | GET /users/1 | status=200 | durationMs=0
users request | id=ae05a0ca-1b2e-4220-ada6-7117f691a6ea | GET /users/1 | status=200 | durationMs=0
users request | id=fee733f7-12a9-40c9-9328-5f79b59d9e6f | GET /users/1 | status=200 | durationMs=1
users request | id=1985cce5-d6b4-4728-bc99-d0b5f6fe98f7 | GET /users/1 | status=200 | durationMs=1
users request | id=db9e38d4-d656-4f64-bf0e-4ad3b8708b8d | GET /users/1 | status=200 | durationMs=1
users request | id=d42ce65e-8fa1-495e-98de-32669d631ad2 | GET /users/1 | status=200 | durationMs=1
users request | id=4a5993b0-fae0-478a-aac5-437079ef3613 | GET /users/1 | status=200 | durationMs=0
users request | id=e8c49dcb-d920-4fba-8d1f-b7361bb5fd37 | GET /users/1 | status=200 | durationMs=0
users request | id=9d67d641-8c07-4df0-a192-754260094201 | GET /users/1 | status=200 | durationMs=0
users request | id=468ec81a-6d97-42ae-9831-680bc7704af6 | GET /users/1 | status=200 | durationMs=0
users request | id=de8e307e-c8c3-4d39-a8ae-9057debaa28c | GET /users/1 | status=200 | durationMs=1
users request | id=337a998a-626d-44de-9681-c7ce9b983bd1 | GET /users/1 | status=200 | durationMs=1
users request | id=2edca902-1cf2-4d4e-be4b-e98597feda3d | GET /users/1 | status=200 | durationMs=0
users request | id=95ef23c9-0744-494d-aa7a-9729c5a4f3d1 | GET /users/1 | status=200 | durationMs=0
users request | id=a9f1eba3-a6d2-4fc3-a546-ab6b657887a5 | GET /users/1 | status=200 | durationMs=1
users request | id=317aa11b-e122-4bf6-8864-c7f4a29a9ce9 | GET /users/1 | status=200 | durationMs=1
users request | id=9cda8bec-6f5a-4adb-a876-cb4a63ab8235 | GET /users/1 | status=200 | durationMs=0
users request | id=bb53f86a-fb30-4f0d-acba-05e2289008e4 | GET /users/1 | status=200 | durationMs=1
users request | id=3820fea2-db0e-45df-a9de-c1b8eb0c915c | GET /users/1 | status=200 | durationMs=1
users request | id=06e4f967-769d-4355-8605-2355f803ca54 | GET /users/1 | status=200 | durationMs=0
users request | id=1424e981-e2c1-46bc-bd99-58f285c38759 | GET /users/1 | status=200 | durationMs=0
users request | id=696989fa-477a-48de-ad79-5d6d259bc8cd | GET /users/1 | status=200 | durationMs=0
users request | id=7883a3bb-a259-4a49-ba8e-2da229acf18f | GET /users/1 | status=200 | durationMs=0
users request | id=51c3f605-4b6c-43b8-9f53-7eac1a26f16d | GET /users/1 | status=200 | durationMs=0
users request | id=f697d4bb-f91e-42b1-9153-48716aa0dfb0 | GET /users/1 | status=200 | durationMs=0
users request | id=9496edcd-bd5b-47e7-b5a5-cba44a062c48 | GET /users/1 | status=200 | durationMs=1
users request | id=bf353ed2-6c28-4ee6-a18b-b1e62a792029 | GET /users/1 | status=200 | durationMs=0
users request | id=50816a6d-a030-4c81-b958-044efe501447 | GET /users/1 | status=200 | durationMs=0
users request | id=0fdac55b-a0ea-4c4a-9b87-3cc9336d9f26 | GET /users/1 | status=200 | durationMs=0
users request | id=4fbdd66d-4f54-456c-ad2a-3b1a162a00d2 | GET /users/1 | status=200 | durationMs=0
users request | id=de20a98f-ab22-457a-96ea-c27b1625a6c9 | GET /users/1 | status=200 | durationMs=1
users request | id=dbd9b3c4-bad3-4cfa-92b4-fd3d6c2e8a08 | GET /users/1 | status=200 | durationMs=0
users request | id=c2db73d3-9748-48af-951b-412f89355e2d | GET /users/1 | status=200 | durationMs=0
users request | id=b743d5c3-50a7-46aa-b464-13aac257815e | GET /users/1 | status=200 | durationMs=0
users request | id=d8b117d5-5394-4373-b7f0-24f30b542246 | GET /users/1 | status=200 | durationMs=0
users request | id=7a72a80a-3032-461b-9f80-72ab988e73fe | GET /users/1 | status=200 | durationMs=0
users request | id=7dd12252-7f5d-4daf-a092-623e295a61ca | GET /users/1 | status=200 | durationMs=1
users request | id=0dc3012c-dc7d-47f5-8215-8f95f92fd7de | GET /users/1 | status=200 | durationMs=0
users request | id=76e9c620-7b23-4c3d-be21-bdcfd57e52c1 | GET /users/1 | status=200 | durationMs=0
users request | id=58ea9328-2e99-4cb5-b53b-699f509f70c0 | GET /users/1 | status=200 | durationMs=0
users request | id=8aab8988-6b41-49d5-939b-adc25284492e | GET /users/1 | status=200 | durationMs=0
users request | id=b3f82d7b-e5a5-4e36-b23e-98305cd9098f | GET /users/1 | status=200 | durationMs=0
users request | id=9e65f278-2c26-400e-9e50-6fb9f16da583 | GET /users/1 | status=200 | durationMs=0
users request | id=7655ad07-3e0e-478f-8d23-0507e8ded26d | GET /users/1 | status=200 | durationMs=1
users request | id=d23fa162-6eca-475d-b79e-a1d0b28d2cb7 | GET /users/1 | status=200 | durationMs=0
users request | id=02481ed0-ce7c-4a6a-aa85-149634f51516 | GET /users/1 | status=200 | durationMs=0
users request | id=10d46b25-08c3-46d1-829c-834d825b8d0d | GET /users/1 | status=200 | durationMs=0
users request | id=dd958e8a-bd6b-4fc0-9896-38a4844e0302 | GET /users/1 | status=200 | durationMs=0
users request | id=2c1d3a67-9971-4306-8c17-256ab84e1af6 | GET /users/1 | status=200 | durationMs=0
users request | id=29fbe327-95d4-4edf-ad72-791c3f212772 | GET /users/1 | status=200 | durationMs=1
users request | id=bcee669f-27ee-4476-84aa-876f86a54e51 | GET /users/1 | status=200 | durationMs=0
users request | id=769049ae-9f4b-4ea5-8cfd-5905d8a6ee2d | GET /users/1 | status=200 | durationMs=0
users request | id=9954edf6-c9fb-4e6f-9205-dfd5f95b6cd2 | GET /users/1 | status=200 | durationMs=0
users request | id=1391b304-6d99-41c7-a69e-372da0422665 | GET /users/1 | status=200 | durationMs=0
users request | id=3de4c9dc-ff55-4465-ac60-aa5af3cf95bb | GET /users/1 | status=200 | durationMs=0
users request | id=e5e2c2ea-961b-48f0-ab09-1b9779dbd069 | GET /users/1 | status=200 | durationMs=0
users request | id=be7ca622-295e-40eb-b7a0-216db7b37042 | GET /users/1 | status=200 | durationMs=0
users request | id=4607148a-7691-4bb0-9f16-73598f8604e7 | GET /users/1 | status=200 | durationMs=0
users request | id=a594b88c-fa97-4a4c-97ee-8df62c7a8d7d | GET /users/1 | status=200 | durationMs=0
users request | id=6941b320-8593-4abd-a0d8-82d660d4bac0 | GET /users/1 | status=200 | durationMs=1
users request | id=b6b73c93-dda8-4690-bad5-13c97594ffc8 | GET /users/1 | status=200 | durationMs=1
users request | id=0bdb83c9-bd76-48a1-b97c-9bd9b7f60b3f | GET /users/1 | status=200 | durationMs=0
users request | id=0f12ec95-1d8b-494e-8598-6cc3fec23620 | GET /users/1 | status=200 | durationMs=0
users request | id=8497f624-5264-4947-ab57-0de8e068b9c8 | GET /users/1 | status=200 | durationMs=0
users request | id=2c7a7e68-d663-4861-89df-243726071997 | GET /users/1 | status=200 | durationMs=0
users request | id=0faec4cb-d69b-48cb-9ec5-90bc3366f747 | GET /users/1 | status=200 | durationMs=0
users request | id=ee7c1e99-e3c5-4b9c-bab2-25e196eb61f6 | GET /users/1 | status=200 | durationMs=0
users request | id=6e903b76-57cd-4ea4-8203-c08ac5577496 | GET /users/1 | status=200 | durationMs=0
users request | id=a06ea514-3471-4761-a89f-a59aab2c512e | GET /users/1 | status=200 | durationMs=0
users request | id=de1e295e-a1ea-43d3-83f6-65e4a5e64203 | GET /users/1 | status=200 | durationMs=0
users request | id=286c3e4d-d294-4e6b-96bd-8cba4ca0831e | GET /users/1 | status=200 | durationMs=0
users request | id=836f8157-f43a-4f4f-b91c-1ce08f2e8392 | GET /users/1 | status=200 | durationMs=1
users request | id=d76cbfee-733a-4389-bee4-816b14e1d234 | GET /users/1 | status=200 | durationMs=1
users request | id=33e532d8-20f5-48ec-8434-3b7680b329cc | GET /users/1 | status=200 | durationMs=0
users request | id=86767eaf-2f20-41a4-9167-f84bf8be96e6 | GET /users/1 | status=200 | durationMs=0
users request | id=c6aa2513-c123-4700-b0d1-c55cb2d2a752 | GET /users/1 | status=200 | durationMs=0
users request | id=d747c863-71ff-48ee-bd38-1620605b81da | GET /users/1 | status=200 | durationMs=1
users request | id=9c53fb30-74ee-451f-bdf9-a28463e4c8dc | GET /users/1 | status=200 | durationMs=0
users request | id=8d7e9287-a3d0-4138-a1aa-6b0b1b1fba48 | GET /users/1 | status=200 | durationMs=0
users request | id=ee9b59bc-819f-45c1-a803-471193f3fbab | GET /users/1 | status=200 | durationMs=0
users request | id=757566f7-2251-473f-a66d-05904f589ef3 | GET /users/1 | status=200 | durationMs=0
users request | id=96f08887-af07-4eef-9c89-63c5dc3a08dc | GET /users/1 | status=200 | durationMs=1
users request | id=4bb5bedd-938f-4f87-8c81-4ccde24e2263 | GET /users/1 | status=200 | durationMs=0
users request | id=11c47834-3dec-4142-84c2-20ae59058bbb | GET /users/1 | status=200 | durationMs=0
users request | id=10b06bca-f46c-4214-9cea-5fca30b134b2 | GET /users/1 | status=200 | durationMs=0
users request | id=98a8a24a-1955-4dcd-a6d9-c1ea899446bf | GET /users/1 | status=200 | durationMs=1
users request | id=1298763d-83b1-49df-bcd0-45c015866619 | GET /users/1 | status=200 | durationMs=0
users request | id=2237942a-22e0-40e3-a220-d25c12f0d4d9 | GET /users/1 | status=200 | durationMs=0
users request | id=458f45d6-d7f4-4e16-a199-93dfba9df9dd | GET /users/1 | status=200 | durationMs=1
users request | id=5c301ce2-4f16-4311-8bc6-5dd947ec247d | GET /users/1 | status=200 | durationMs=0
users request | id=79b6b995-4c19-45db-8ca4-31eb09e1cd09 | GET /users/1 | status=200 | durationMs=0
users request | id=2b9be47b-b147-4b6b-9753-63d9f348d36a | GET /users/1 | status=200 | durationMs=0
users request | id=07435de6-d5e0-49c8-9f18-9a4d1ad911fe | GET /users/1 | status=200 | durationMs=0
users request | id=9eab19a9-d80f-4405-a237-40b3b2257043 | GET /users/1 | status=200 | durationMs=0
users request | id=b586aa23-9ce3-425c-bfaa-694f92262e46 | GET /users/1 | status=200 | durationMs=0
users request | id=7cc39a5a-d4c5-4322-9101-eb88cdd26745 | GET /users/1 | status=200 | durationMs=1
users request | id=6e4f0199-e78a-4dd4-8d17-9fea45b7121f | GET /users/1 | status=200 | durationMs=0
users request | id=4b912789-3466-4d9b-8531-47694060411c | GET /users/1 | status=200 | durationMs=0
users request | id=5b233a8a-6a35-4876-b03d-7f653651e43a | GET /users/1 | status=200 | durationMs=0
users request | id=01dbd02e-82e4-496f-b644-862a00861d0b | GET /users/1 | status=200 | durationMs=0
users request | id=c684a7c0-4059-4005-9cf1-ac591a335b66 | GET /users/1 | status=200 | durationMs=0
users request | id=53c4c57d-23df-4a30-b9d4-ae69995bd281 | GET /users/1 | status=200 | durationMs=1
users request | id=3da8898e-7f4a-4d63-85c8-cc7ff9269159 | GET /users/1 | status=200 | durationMs=0
users request | id=d42acc04-b2f6-424d-9788-f6a4bc20eee7 | GET /users/1 | status=200 | durationMs=0
users request | id=b010949f-1195-4d1e-a676-471910b2a9e1 | GET /users/1 | status=200 | durationMs=0
users request | id=9abb8baa-39e5-40f3-a5cf-1601c41bb723 | GET /users/1 | status=200 | durationMs=0
users request | id=c4f2566b-9157-4bad-b10a-c36bb014af4e | GET /users/1 | status=200 | durationMs=0
users request | id=f32c8c6c-d644-4cdd-9955-8df6b5263964 | GET /users/1 | status=200 | durationMs=1
users request | id=bb563e53-1087-4cec-bf1c-70ff3c762b12 | GET /users/1 | status=200 | durationMs=0
users request | id=28e3f729-486b-474a-bc5c-356f8a0cf5a2 | GET /users/1 | status=200 | durationMs=0
users request | id=81a1bdbc-55e4-41b8-a2fc-f4b30e8ab617 | GET /users/1 | status=200 | durationMs=1
users request | id=1d0cce4c-fdaa-4eb3-ae81-55e79d85cc0e | GET /users/1 | status=200 | durationMs=0
users request | id=038fa35f-9d7f-4341-a52a-5cd1fc01cc14 | GET /users/1 | status=200 | durationMs=0
users request | id=b55bbffd-a49d-4dd4-8c18-000abd75e0b4 | GET /users/1 | status=200 | durationMs=1
users request | id=eb980d18-1fbd-4c6b-bba1-c3db0a482561 | GET /users/1 | status=200 | durationMs=0
users request | id=4bfafc71-6ad1-4d89-a89a-904b5de1ca25 | GET /users/1 | status=200 | durationMs=0
users request | id=a13968af-b6b2-4bbf-b9a4-cb093e7970a4 | GET /users/1 | status=200 | durationMs=0
users request | id=8a42b9a2-4256-441e-9c69-4d977adab93f | GET /users/1 | status=200 | durationMs=1
users request | id=a6121940-f98c-432b-89a0-8bed1921135d | GET /users/1 | status=200 | durationMs=0
users request | id=2bf642cd-eec2-47eb-b194-766d38626677 | GET /users/1 | status=200 | durationMs=0
users request | id=a2f7acd3-e005-4c59-a592-af99348fc9f8 | GET /users/1 | status=200 | durationMs=0
users request | id=6fde36be-3034-4bf0-b24f-cb5faaaac6e7 | GET /users/1 | status=200 | durationMs=0
users request | id=a771edb9-7a68-4ac2-9ae0-288b660172ff | GET /users/1 | status=200 | durationMs=0
users request | id=036023e4-2c8e-4f58-97df-84e848d4f23b | GET /users/1 | status=200 | durationMs=0
users request | id=6b0c0e94-02ab-4443-a477-f7d0d23152e2 | GET /users/1 | status=200 | durationMs=0
users request | id=2306122d-2cf4-4d7f-bbe5-4b055263f344 | GET /users/1 | status=200 | durationMs=1
users request | id=16958788-c20d-4449-b0c2-58bfe5e969f5 | GET /users/1 | status=200 | durationMs=1
users request | id=f6ce13e5-d88c-4dfc-a37f-62d4c6bffd91 | GET /users/1 | status=200 | durationMs=0
users request | id=a08c44c9-4d94-4f09-9496-e2c572bd4229 | GET /users/1 | status=200 | durationMs=0
users request | id=bf17285f-0974-4dfe-b3e2-747f83f63be6 | GET /users/1 | status=200 | durationMs=0
users request | id=b69da766-c15e-442b-8d70-9d76e57f6152 | GET /users/1 | status=200 | durationMs=0
users request | id=6117dd4a-24dc-4212-bedf-3e8e9cb85200 | GET /users/1 | status=200 | durationMs=0
users request | id=a8f94196-cb57-407c-8866-c2f64a22045d | GET /users/1 | status=200 | durationMs=0
users request | id=cd9ba215-0c75-462d-aab3-ce50d8cf2eaf | GET /users/1 | status=200 | durationMs=0
users request | id=8814b09c-3977-481d-8622-3bd7c5b67a70 | GET /users/1 | status=200 | durationMs=0
users request | id=ee22fc31-e49a-4077-9ef1-c24f1b3fddf4 | GET /users/1 | status=200 | durationMs=1
users request | id=b18048db-a63c-4fcc-bb96-be876d40e234 | GET /users/1 | status=200 | durationMs=1
users request | id=3252e22c-21ec-4688-85c6-33478891fa42 | GET /users/1 | status=200 | durationMs=0
users request | id=f622dae8-42ba-45aa-a55e-29e745f5d4ae | GET /users/1 | status=200 | durationMs=0
users request | id=3fc014e5-917a-42ea-a16c-0db94b5cf1ba | GET /users/1 | status=200 | durationMs=0
users request | id=32dcefad-7bf5-4cff-aa6f-df6ddc47fcda | GET /users/1 | status=200 | durationMs=0
users request | id=a859bd58-e61f-4474-bdce-0e5607742346 | GET /users/1 | status=200 | durationMs=0
users request | id=de1c0044-abd0-45f2-874f-ec5c52eb1198 | GET /users/1 | status=200 | durationMs=0
users request | id=cf3d097a-c176-452b-8822-71b048dfe0c8 | GET /users/1 | status=200 | durationMs=0
users request | id=ebca7e2b-5832-4864-a6c5-54b51989b9d8 | GET /users/1 | status=200 | durationMs=0
users request | id=a6388e96-dd6b-4b1b-a086-2bb1dca61552 | GET /users/1 | status=200 | durationMs=1
users request | id=dabb6a10-8a27-4da6-beff-a2d898f80809 | GET /users/1 | status=200 | durationMs=0
users request | id=04b1ce83-a005-4888-9c7f-e96cd2980292 | GET /users/1 | status=200 | durationMs=0
users request | id=e1636915-613e-469a-9112-13663ca6e721 | GET /users/1 | status=200 | durationMs=0
users request | id=1d50f4a2-ce9c-4f25-8c0b-402f5b987fb8 | GET /users/1 | status=200 | durationMs=0
users request | id=07f3ff55-5099-40e7-a809-d76e7a6ef84a | GET /users/1 | status=200 | durationMs=1
users request | id=656880ea-48d2-487c-8cb5-a3ac6322c6f7 | GET /users/1 | status=200 | durationMs=0
users request | id=c762bd0a-ef87-4897-b7c7-73a38d2be9b5 | GET /users/1 | status=200 | durationMs=0
users request | id=a299b7ac-693b-4e79-ba1e-96052bc557fd | GET /users/1 | status=200 | durationMs=0
users request | id=0d31da69-79fa-4806-b191-f9e1f17fb013 | GET /users/1 | status=200 | durationMs=1
users request | id=ee90b5d5-ed94-4f60-aeae-500cef8bd6d4 | GET /users/1 | status=200 | durationMs=0
users request | id=6ab7fc4d-25ca-4b3c-91f6-1e7c4b66c4b0 | GET /users/1 | status=200 | durationMs=0
users request | id=d555327f-b5c1-44e0-b0e3-88de7edae5ef | GET /users/1 | status=200 | durationMs=0
users request | id=f44c0409-c127-4ff7-8572-086e1abfb35d | GET /users/1 | status=200 | durationMs=0
users request | id=8a5a4dea-5022-45d2-9046-210d7e220dee | GET /users/1 | status=200 | durationMs=0
users request | id=9178b55d-657a-4342-b934-60a237d591f2 | GET /users/1 | status=200 | durationMs=0
users request | id=04709374-e849-405a-9b82-fc601d134338 | GET /users/1 | status=200 | durationMs=0
users request | id=fdf633fb-c880-4947-9cd3-00f05c55ba3e | GET /users/1 | status=200 | durationMs=0
users request | id=ee86ddde-7d2b-4344-8dec-652b8fe9961d | GET /users/1 | status=200 | durationMs=1
users request | id=8eaea942-e7ea-4e4d-bf49-3289211a799a | GET /users/1 | status=200 | durationMs=0
users request | id=8afa724f-71c9-43fd-a0da-37d11819f116 | GET /users/1 | status=200 | durationMs=0
users request | id=faa72e50-acb1-4c67-94b5-29b01ec1a623 | GET /users/1 | status=200 | durationMs=1
users request | id=ac2d8f31-d200-403e-8ac2-ca893f6af427 | GET /users/1 | status=200 | durationMs=0
users request | id=2c60ba98-e2b0-403a-8c3d-ad743acc2d83 | GET /users/1 | status=200 | durationMs=0
users request | id=7fd6d140-5abb-48fc-b1cb-74d6c3e67371 | GET /users/1 | status=200 | durationMs=1
users request | id=c159e0c2-db28-43e5-bc5f-fafd984d7df2 | GET /users/1 | status=200 | durationMs=1
users request | id=04affe80-e30f-434d-9cd2-02d7ba6ff2c9 | GET /users/1 | status=200 | durationMs=0
users request | id=69baa134-1659-4632-8615-108206d5a792 | GET /users/1 | status=200 | durationMs=0
users request | id=b845f762-b53b-4ed8-896d-c18d84bcf9c7 | GET /users/1 | status=200 | durationMs=0
users request | id=f8c21d6b-6ded-437c-8800-f9fc7a90b139 | GET /users/1 | status=200 | durationMs=0
users request | id=046445b8-597c-4c7e-af51-bb6bf542717c | GET /users/1 | status=200 | durationMs=0
users request | id=7b4b7fc8-6cee-4fe3-99c4-6f27b86cdd96 | GET /users/1 | status=200 | durationMs=1
users request | id=bc70d5cc-18f6-4ac9-9971-a4ac979765d6 | GET /users/1 | status=200 | durationMs=0
users request | id=1958eb87-3378-4e94-ae8e-2a12e7b7441a | GET /users/1 | status=200 | durationMs=1
users request | id=15925964-f697-49b5-9ecd-8cc041ad8ee8 | GET /users/1 | status=200 | durationMs=1
users request | id=0de48d1c-0c4d-4cd6-a49e-a29b24cd6af0 | GET /users/1 | status=200 | durationMs=0
users request | id=34442f64-c590-4661-b8ed-01493a5c35ec | GET /users/1 | status=200 | durationMs=1
users request | id=5a7eb8f7-5072-4d7a-94f0-28d90d91eeb1 | GET /users/1 | status=200 | durationMs=1
users request | id=f2bc9ab2-de4c-497f-90b8-7619e32c4efb | GET /users/1 | status=200 | durationMs=1
users request | id=2f88a39d-5d4a-4ba7-9a67-ac4a2bc49ce2 | GET /users/1 | status=200 | durationMs=1
users request | id=30e8bfcc-9b3e-467a-9921-576bfe9c466e | GET /users/1 | status=200 | durationMs=1
users request | id=4d5f605f-4c73-414a-bda9-e58027140a00 | GET /users/1 | status=200 | durationMs=0
users request | id=0b276c96-830a-46a1-8d3e-5809efde04b0 | GET /users/1 | status=200 | durationMs=1
users request | id=74e29984-3bb7-43c2-bf30-abab2cc6b573 | GET /users/1 | status=200 | durationMs=0
users request | id=01f3f218-6b35-481b-a9ee-62f9622ce02a | GET /users/1 | status=200 | durationMs=0
users request | id=507f8a4d-f32e-418e-8c27-da3f5df6943a | GET /users/1 | status=200 | durationMs=1
users request | id=5f43522c-eb5c-42f1-8bb5-327dfc4a3210 | GET /users/1 | status=200 | durationMs=1
users request | id=2920fdda-ed13-4c3c-9110-30db5d501b08 | GET /users/1 | status=200 | durationMs=0
users request | id=a3a42648-5582-4682-8d50-f6ab9b82c145 | GET /users/1 | status=200 | durationMs=0
users request | id=60ae7bd5-3cf5-427a-9414-b291546d19a8 | GET /users/1 | status=200 | durationMs=0
users request | id=5efd043f-b388-42df-afcb-389b10d8d304 | GET /users/1 | status=200 | durationMs=0
users request | id=c2a381e4-6561-4d7b-8557-2cf666e9f9eb | GET /users/1 | status=200 | durationMs=1
users request | id=2d86299d-2750-4892-9606-8db9351fec86 | GET /users/1 | status=200 | durationMs=0
users request | id=ebe3859e-aace-4a65-ad69-2f34473ff654 | GET /users/1 | status=200 | durationMs=0
users request | id=db08fab5-4f3c-4e52-afc3-f33ec4d546de | GET /users/1 | status=200 | durationMs=1
users request | id=772b0b9c-4086-4855-8d51-58c8abe3c831 | GET /users/1 | status=200 | durationMs=1
users request | id=13c37e56-3649-4852-a76c-16363626915e | GET /users/1 | status=200 | durationMs=1
users request | id=8edbb3c5-a145-4445-9598-f8ffc67511e0 | GET /users/1 | status=200 | durationMs=0
users request | id=48e843b2-f4ad-4ad5-9154-451d1fec2fe1 | GET /users/1 | status=200 | durationMs=0
users request | id=d7006a09-cb4b-4dd7-8db5-fdad946daf64 | GET /users/1 | status=200 | durationMs=0
users request | id=ea7eb932-883d-4e25-8f6a-a8ce84358351 | GET /users/1 | status=200 | durationMs=0
users request | id=8639502b-add5-4215-a9d9-e3eb9e22208b | GET /users/1 | status=200 | durationMs=0
users request | id=3e5721d9-fe78-43a9-8209-213e80360cb1 | GET /users/1 | status=200 | durationMs=0
users request | id=43e58817-cd69-4c9b-8bcf-ec1b0c5b524b | GET /users/1 | status=200 | durationMs=1
users request | id=6f106a7d-5d4a-44e2-ad51-f524374bd7bc | GET /users/1 | status=200 | durationMs=0
users request | id=32c9d0d0-e814-464a-874a-2b6c55c1ace4 | GET /users/1 | status=200 | durationMs=0
users request | id=338d80a4-ba64-478e-a8a0-9a3ce9df5b29 | GET /users/1 | status=200 | durationMs=1
users request | id=04c39edd-3954-4873-bbac-b560d0025330 | GET /users/1 | status=200 | durationMs=1
users request | id=809814c1-1ab0-427e-bcee-5af8fe4b7a94 | GET /users/1 | status=200 | durationMs=1
users request | id=9b4e621e-e9fa-4630-b902-fe0bddf83e97 | GET /users/1 | status=200 | durationMs=0
users request | id=8d8f699a-5ebe-4811-9329-2c80e2509d50 | GET /users/1 | status=200 | durationMs=0
users request | id=d3253004-8e7c-413b-b087-888f2f128884 | GET /users/1 | status=200 | durationMs=0
users request | id=176613f3-fd70-4641-8098-73675a6ec8da | GET /users/1 | status=200 | durationMs=0
users request | id=86a14914-c08b-4057-b136-efc5feb2d29d | GET /users/1 | status=200 | durationMs=0
users request | id=938c771a-f97c-48bc-9d79-3fec84547a43 | GET /users/1 | status=200 | durationMs=0
users request | id=579790a4-e76b-45e3-bf76-008abd1be9fc | GET /users/1 | status=200 | durationMs=1
users request | id=4ac9640a-a9de-4b2d-86c8-d7314bbbb66f | GET /users/1 | status=200 | durationMs=0
users request | id=691ccd60-be0c-4e83-a5a8-753ab0fa9274 | GET /users/1 | status=200 | durationMs=0
users request | id=cd9a3b82-f3d6-44ea-8409-6899215039aa | GET /users/1 | status=200 | durationMs=0
users request | id=6290a387-1c49-43f5-b34d-0f69084101c2 | GET /users/1 | status=200 | durationMs=0
users request | id=e09f1b0f-5a31-4b4c-90b2-b6a77f55ad24 | GET /users/1 | status=200 | durationMs=1
users request | id=16c32efa-41f1-4122-9a2e-a54d882757bb | GET /users/1 | status=200 | durationMs=0
users request | id=c78effb3-16be-4730-b76a-2e3d71b76aea | GET /users/1 | status=200 | durationMs=1
users request | id=f21d0411-ea38-492d-adf8-e75905c7899f | GET /users/1 | status=200 | durationMs=0
users request | id=531359c9-f573-46f4-8cc0-62d1d6322ab8 | GET /users/1 | status=200 | durationMs=0
users request | id=942ac705-4b2d-42b2-8756-5cf90cd2dc96 | GET /users/1 | status=200 | durationMs=0
users request | id=419508c7-d0d3-498a-82d4-df2f5562bf2b | GET /users/1 | status=200 | durationMs=0
users request | id=97093bc0-f8e2-4f79-8e15-249b8092ecd2 | GET /users/1 | status=200 | durationMs=0
users request | id=5c02ba4a-a896-4d9e-8413-ff3ff4fe4289 | GET /users/1 | status=200 | durationMs=0
users request | id=6db7ceb9-fa0e-4ab5-8fa4-32f405c709c1 | GET /users/1 | status=200 | durationMs=1
users request | id=d7501c3d-a8f0-4a29-be0e-683495b1ea33 | GET /users/1 | status=200 | durationMs=0
users request | id=3407c828-2fe7-4000-b77e-6fb9c6b7eadb | GET /users/1 | status=200 | durationMs=0
users request | id=8ba852d7-2a34-48f5-89b2-88c943ee6ff0 | GET /users/1 | status=200 | durationMs=0
users request | id=8a360008-e9cd-4a4d-821c-2d5bdd4a203b | GET /users/1 | status=200 | durationMs=0
users request | id=9a246b3b-a6f4-4c01-8444-daf02e8c1ba5 | GET /users/1 | status=200 | durationMs=1
users request | id=d33981b1-ea54-44e3-b025-2db343660473 | GET /users/1 | status=200 | durationMs=0
users request | id=df6f8b43-482b-422e-905f-9d14bf3720aa | GET /users/1 | status=200 | durationMs=0
users request | id=9720d1a9-7366-4819-91bc-e709957b1260 | GET /users/1 | status=200 | durationMs=0
users request | id=c169c093-0602-4427-9d41-b4cb02f8abf0 | GET /users/1 | status=200 | durationMs=0
users request | id=47eecf5a-4831-4c0e-80c5-67c7e84c73d5 | GET /users/1 | status=200 | durationMs=0
users request | id=8644707b-c2c7-4ca9-b488-4e7fce044031 | GET /users/1 | status=200 | durationMs=1
users request | id=d0107f9c-4920-42fd-ab0a-499a4babc7b3 | GET /users/1 | status=200 | durationMs=0
users request | id=0f861144-08ca-4a7f-841f-222088d6cc7d | GET /users/1 | status=200 | durationMs=0
users request | id=634bd1ae-2edd-415f-86d9-129c51757c89 | GET /users/1 | status=200 | durationMs=0
users request | id=687cb425-cdb2-49d3-ab74-9d36a9e61151 | GET /users/1 | status=200 | durationMs=0
users request | id=b8068aee-e03e-483e-819d-00534be45c87 | GET /users/1 | status=200 | durationMs=0
users request | id=dcfd3495-00ed-4edc-888e-ee10a6ef910a | GET /users/1 | status=200 | durationMs=0
users request | id=15da10a5-f0d2-4a74-bb0a-3734c086d9fc | GET /users/1 | status=200 | durationMs=1
users request | id=830993e6-0b90-4bcb-8d0a-81c17ebdf76c | GET /users/1 | status=200 | durationMs=0
users request | id=6a1162e9-adeb-4192-993d-4dd66f803576 | GET /users/1 | status=200 | durationMs=0
users request | id=19f312a2-b46f-4844-8d5c-ee339c0b9d17 | GET /users/1 | status=200 | durationMs=1
users request | id=26b889be-e803-4c05-b89d-d3482189cf43 | GET /users/1 | status=200 | durationMs=0
users request | id=22580fb3-79b1-4da7-9fd0-b41696f003c1 | GET /users/1 | status=200 | durationMs=0
users request | id=cc1d9fa0-63f1-4cd0-b91f-9aebd6dadc30 | GET /users/1 | status=200 | durationMs=0
users request | id=55fb2124-e1a0-4d08-ac79-2a513acefdf6 | GET /users/1 | status=200 | durationMs=1
users request | id=9e3e8ab3-ae16-4e0c-94f6-493852388284 | GET /users/1 | status=200 | durationMs=0
users request | id=46037352-7d30-4d59-8441-85885ec0e317 | GET /users/1 | status=200 | durationMs=0
users request | id=aa05f084-6f01-46a6-af4d-ed57ee96230e | GET /users/1 | status=200 | durationMs=0
users request | id=4fdeaac9-6ee0-4ba1-bad3-bd7d2429c920 | GET /users/1 | status=200 | durationMs=0
users request | id=3b22e165-18e6-418a-9c55-c32849fa417c | GET /users/1 | status=200 | durationMs=0
users request | id=9101c0dc-55a5-4c3f-b3ef-0f5201f85778 | GET /users/1 | status=200 | durationMs=0
users request | id=649b9947-df8a-4d1c-8ecc-cf4258fd65d3 | GET /users/1 | status=200 | durationMs=0
users request | id=6ef3abf4-579f-4190-b0b0-13d4bf862d7f | GET /users/1 | status=200 | durationMs=0
users request | id=400885ce-7b6b-4d9c-bf02-58652a9517f2 | GET /users/1 | status=200 | durationMs=1
users request | id=aaea1db0-0ea9-4bc4-9a02-acd01dec1daf | GET /users/1 | status=200 | durationMs=0
users request | id=84f11b6b-81ab-4f0f-8de8-e3f600a38796 | GET /users/1 | status=200 | durationMs=0
users request | id=86c1390d-84c2-4085-bc12-a338e1ca4f11 | GET /users/1 | status=200 | durationMs=0
users request | id=dee16a47-0b30-4da9-b95c-dc053cfb90b3 | GET /users/1 | status=200 | durationMs=0
users request | id=cba27fc8-4b75-4915-b916-acbe06ebd375 | GET /users/1 | status=200 | durationMs=0
users request | id=f8faac3b-95a6-4db6-8aa1-941d50c48ab4 | GET /users/1 | status=200 | durationMs=0
users request | id=0435fdf2-6344-4e65-acfa-e6016613c8d6 | GET /users/1 | status=200 | durationMs=0
users request | id=15461937-107a-4180-9274-639c2767f82f | GET /users/1 | status=200 | durationMs=0
users request | id=fe871921-aff3-4b2e-9e37-0385a4ea061f | GET /users/1 | status=200 | durationMs=0
users request | id=d6535bbe-7573-4d3d-b421-60d80f79a348 | GET /users/1 | status=200 | durationMs=0
users request | id=4e3e386c-9a4c-46dc-9d14-f0b4f7ee5b9d | GET /users/1 | status=200 | durationMs=1
users request | id=0d4c483f-0850-48d2-8d99-3a1d76ab6a34 | GET /users/1 | status=200 | durationMs=0
users request | id=b6cf233e-01a5-4654-9af3-22eebd10589e | GET /users/1 | status=200 | durationMs=0
users request | id=8b8d7391-8c5f-4d56-a1b0-3731b72cb0fd | GET /users/1 | status=200 | durationMs=0
users request | id=344343b0-0225-4ee0-aed4-e41be91ca15e | GET /users/1 | status=200 | durationMs=1
users request | id=74bb1021-2f92-4589-9170-7ed708043eea | GET /users/1 | status=200 | durationMs=0
users request | id=4a6f12d2-b8ef-4a71-aba9-ea82d021cc61 | GET /users/1 | status=200 | durationMs=0
users request | id=e5eda820-ea58-4c2b-8c58-7d6877a64a33 | GET /users/1 | status=200 | durationMs=0
users request | id=a053d61c-b147-4a83-b8e1-5dca53ef4c84 | GET /users/1 | status=200 | durationMs=0
users request | id=57c14d40-bebd-418b-be2f-0306e9d1ef25 | GET /users/1 | status=200 | durationMs=0
users request | id=639b162c-f568-463e-b6a3-14c93f530140 | GET /users/1 | status=200 | durationMs=0
users request | id=c6e916fb-c680-4c36-a051-4dfdab5db806 | GET /users/1 | status=200 | durationMs=0
users request | id=cedf79bb-f751-4aa1-b4fa-d8c4616cebc3 | GET /users/1 | status=200 | durationMs=0
users request | id=09b48c2c-b008-4641-b068-0bafb58e2e52 | GET /users/1 | status=200 | durationMs=0
users request | id=4727b99d-0be3-49f5-8e35-2fb0828e3ce9 | GET /users/1 | status=200 | durationMs=0
users request | id=dcf31f61-d2cf-44ba-b44f-20cafddcfde1 | GET /users/1 | status=200 | durationMs=0
users request | id=fe44c103-c580-401d-9e99-1704d3afc8d6 | GET /users/1 | status=200 | durationMs=1
users request | id=49a8b46b-1bdd-4752-81ea-e7c367636098 | GET /users/1 | status=200 | durationMs=0
users request | id=a27b1d07-dd16-40f5-87df-b6f2cb61d70c | GET /users/1 | status=200 | durationMs=0
users request | id=653c4e13-954a-4b7a-8bd8-5b905d2e67a5 | GET /users/1 | status=200 | durationMs=0
users request | id=876ffb9a-0bd6-474b-974e-c121faaa69a4 | GET /users/1 | status=200 | durationMs=0
users request | id=8781b53d-2351-4b5d-a132-5af714e05d55 | GET /users/1 | status=200 | durationMs=0
users request | id=f2804121-5335-4c71-bbf3-2a6912379bc2 | GET /users/1 | status=200 | durationMs=1
users request | id=aeb84bb6-278c-4a0f-add6-4a31673f3cbe | GET /users/1 | status=200 | durationMs=1
users request | id=1a1d1d8c-fea9-4038-a03a-f493f69932b9 | GET /users/1 | status=200 | durationMs=0
users request | id=f425c3a4-2fac-4822-b559-fa6211531c4b | GET /users/1 | status=200 | durationMs=1
users request | id=05399035-fb36-4368-98ae-544115a7857e | GET /users/1 | status=200 | durationMs=0
users request | id=dd9aa865-94eb-4210-8336-ccbedd913128 | GET /users/1 | status=200 | durationMs=0
users request | id=2c53e826-9af8-42fb-b813-3e55416a6d79 | GET /users/1 | status=200 | durationMs=0
users request | id=c66ba21b-d3d9-4eb5-8391-c5e061299703 | GET /users/1 | status=200 | durationMs=0
users request | id=2412303b-503d-4190-bd06-d1d37b8fe223 | GET /users/1 | status=200 | durationMs=0
users request | id=95fbd57b-6925-430e-9997-ece99d462186 | GET /users/1 | status=200 | durationMs=0
users request | id=3f8a8690-04ac-4444-a1e6-65f8d66d6382 | GET /users/1 | status=200 | durationMs=0
users request | id=1881cf11-c26f-4c16-bbf4-7b96089a73f4 | GET /users/1 | status=200 | durationMs=0
users request | id=003f34cc-e3d9-4387-beb7-7dfa5967d0af | GET /users/1 | status=200 | durationMs=0
users request | id=f1b69ea2-57b4-4ea6-8801-fdd005a121d7 | GET /users/1 | status=200 | durationMs=0
users request | id=b0f9fbff-4006-438b-8d93-43cd9f83f0bf | GET /users/1 | status=200 | durationMs=0
users request | id=1c75664e-b176-4a92-94b2-5da01a6ea43b | GET /users/1 | status=200 | durationMs=1
users request | id=e848c4e5-8334-49fd-bec0-088b7da70ba1 | GET /users/1 | status=200 | durationMs=1
users request | id=f739db29-14c6-4585-8449-657629f0fe0d | GET /users/1 | status=200 | durationMs=0
users request | id=984aab02-57a1-4753-8e84-a327a486cad2 | GET /users/1 | status=200 | durationMs=0
users request | id=799b7b03-b5cb-40e5-bbd3-799db201cb05 | GET /users/1 | status=200 | durationMs=1
users request | id=9da95fd4-da7e-4958-a4e1-755f6add3a40 | GET /users/1 | status=200 | durationMs=1
users request | id=4710f36b-f671-4a98-bb20-791b4c656b32 | GET /users/1 | status=200 | durationMs=0
users request | id=5f53791d-1360-4cd1-a8ba-184167b777c1 | GET /users/1 | status=200 | durationMs=1
users request | id=d8d2b937-2371-4702-95f8-e84f5c130364 | GET /users/1 | status=200 | durationMs=1
users request | id=cd295cb3-6d98-4af0-b750-d0e2cce241d1 | GET /users/1 | status=200 | durationMs=0
users request | id=be519d43-c8db-4219-8bc2-61462b2759d8 | GET /users/1 | status=200 | durationMs=0
users request | id=06bfce9b-8462-444f-8f5c-d64147930be1 | GET /users/1 | status=200 | durationMs=0
users request | id=92a11ef5-2ebf-436c-ac4e-2fce069433dd | GET /users/1 | status=200 | durationMs=1
users request | id=50fee8cd-ef5b-4673-b3bc-669c54fb5beb | GET /users/1 | status=200 | durationMs=0
users request | id=35df29da-28d9-4d23-9ef8-09c9cbeacd09 | GET /users/1 | status=200 | durationMs=1
users request | id=474e1691-6483-4f91-b8d5-ae787fd9ffe0 | GET /users/1 | status=200 | durationMs=1
users request | id=0bed5a09-f37b-4b46-8f16-a27d41a46cd5 | GET /users/1 | status=200 | durationMs=0
users request | id=1fd27d1b-cdd7-4ed6-84c8-f7d45f0b7faf | GET /users/1 | status=200 | durationMs=0
users request | id=c3223552-9062-4304-899d-891f425fe36e | GET /users/1 | status=200 | durationMs=0
users request | id=8ea98a61-e16a-4f60-99ee-befb3d381817 | GET /users/1 | status=200 | durationMs=1
users request | id=f43d1a79-ef73-4ac6-9f96-37c50d28eded | GET /users/1 | status=200 | durationMs=0
users request | id=d18761b6-45bf-452f-9de5-db02784ad630 | GET /users/1 | status=200 | durationMs=0
users request | id=188673bd-5761-4208-832f-d505213483b2 | GET /users/1 | status=200 | durationMs=0
users request | id=b7b6adee-5beb-4aec-ae4c-616d91ac8ffd | GET /users/1 | status=200 | durationMs=0
users request | id=92fcef8b-db2c-4a4e-ab49-62916ccc8497 | GET /users/1 | status=200 | durationMs=1
users request | id=f1718788-53b1-4e96-8982-342e917dad1d | GET /users/1 | status=200 | durationMs=0
users request | id=0416a5c9-5ed0-4b73-a76a-c9aa48f830a4 | GET /users/1 | status=200 | durationMs=1
users request | id=74eef5e4-f5a3-40d3-8a57-50fab90883fe | GET /users/1 | status=200 | durationMs=0
users request | id=a98e7b32-9078-4065-a4c2-ce9d53d058dd | GET /users/1 | status=200 | durationMs=0
users request | id=d6d8f644-3e28-4255-a8fe-1c0941400dee | GET /users/1 | status=200 | durationMs=0
users request | id=d19be579-31bc-4e4e-8451-85f8490a8d1e | GET /users/1 | status=200 | durationMs=1
users request | id=cf6ecc90-df7b-424b-9dad-4d99f5fcf0f1 | GET /users/1 | status=200 | durationMs=0
users request | id=e57db1e6-a05e-4832-a05a-834a441fafa1 | GET /users/1 | status=200 | durationMs=0
users request | id=95d920e7-eb55-41ae-9127-389cd6519f11 | GET /users/1 | status=200 | durationMs=1
users request | id=101bbbe3-987c-4f99-a57d-6a199dc64d10 | GET /users/1 | status=200 | durationMs=1
users request | id=2e6c621c-9f2e-430e-8219-5e1c95baf2f8 | GET /users/1 | status=200 | durationMs=0
users request | id=05430c21-dca7-43ec-8c78-b1dfdc539d29 | GET /users/1 | status=200 | durationMs=1
users request | id=6195f8ab-99d1-4a3f-ac8d-45f4b9a69e08 | GET /users/1 | status=200 | durationMs=0
users request | id=35ff2538-4fdb-429f-8f14-7cb34ebbfe00 | GET /users/1 | status=200 | durationMs=0
users request | id=7b368fdf-806a-44fc-b583-0044273e1ee1 | GET /users/1 | status=200 | durationMs=0
users request | id=b7a89ae5-27a7-4b6a-a548-304e27b64a1c | GET /users/1 | status=200 | durationMs=0
users request | id=03eebe1d-ac25-4532-b46b-ceb3852c7b54 | GET /users/1 | status=200 | durationMs=0
users request | id=b8982270-786b-489c-84d9-b2a74b360a8a | GET /users/1 | status=200 | durationMs=1
users request | id=3c574d8f-12c0-4267-bcfd-4ff0d5064188 | GET /users/1 | status=200 | durationMs=0
users request | id=0f32eaec-38c4-4a4b-9c63-262dca60e740 | GET /users/1 | status=200 | durationMs=0
users request | id=e57408d5-020b-4be0-96bf-76332ada92a6 | GET /users/1 | status=200 | durationMs=1
users request | id=46fa8ed5-dd39-44dc-9f6a-edfc02e27f09 | GET /users/1 | status=200 | durationMs=0
users request | id=176d1414-1a2d-4bc2-908a-7251b5900eeb | GET /users/1 | status=200 | durationMs=0
users request | id=6537771b-2cbe-4689-bebd-aa3f90cc3429 | GET /users/1 | status=200 | durationMs=0
users request | id=637ce08b-ba66-4610-bf12-51150b610b20 | GET /users/1 | status=200 | durationMs=1
users request | id=c37eed13-9793-4e2a-b709-8692b3f5d417 | GET /users/1 | status=200 | durationMs=1
users request | id=620eb4ef-14c7-4949-aab1-0f7e5059d28c | GET /users/1 | status=200 | durationMs=0
users request | id=e52209a9-7294-455c-a0dd-d8f3010f6552 | GET /users/1 | status=200 | durationMs=0
users request | id=8d9074d4-7c51-42e1-b6f7-f77ada043a62 | GET /users/1 | status=200 | durationMs=0
users request | id=5851a557-377e-4e06-b04a-3df21b4653ac | GET /users/1 | status=200 | durationMs=1
users request | id=801cf7c9-685d-4e1a-bcc5-3eed03068a5f | GET /users/1 | status=200 | durationMs=0
users request | id=22a1168e-5043-4f12-a5e9-8b6f218312f1 | GET /users/1 | status=200 | durationMs=0
users request | id=3aea4c23-7675-46e8-b483-160304f45f0d | GET /users/1 | status=200 | durationMs=1
users request | id=2ab2ed4c-6bb6-4ab0-b59f-6afe34095a15 | GET /users/1 | status=200 | durationMs=0
users request | id=2f388216-76b0-43c8-b045-7275838d419c | GET /users/1 | status=200 | durationMs=0
users request | id=254a4f63-6fc3-4148-a2f9-48e3ca4b31c0 | GET /users/1 | status=200 | durationMs=0
users request | id=22d9262c-57ae-45e8-a52f-862811d9a11d | GET /users/1 | status=200 | durationMs=0
users request | id=47b92910-cced-46ce-be2f-66425e1f40a3 | GET /users/1 | status=200 | durationMs=0
users request | id=dab4bda2-775f-4baf-8c75-b8139807f06d | GET /users/1 | status=200 | durationMs=1
users request | id=378a8452-8fe8-47f6-bc9d-2de1f17ec363 | GET /users/1 | status=200 | durationMs=1
users request | id=ca45c654-2964-488e-9cdf-145ee94509cb | GET /users/1 | status=200 | durationMs=0
users request | id=e31953a2-ebac-4373-9654-7c6a0a844abd | GET /users/1 | status=200 | durationMs=0
users request | id=37bd77be-1f20-4137-811f-5e1ca6aee3cb | GET /users/1 | status=200 | durationMs=0
users request | id=610119ad-1308-400b-afed-2b025c4b79de | GET /users/1 | status=200 | durationMs=1
users request | id=d17e0d71-509e-477c-b137-6bde31eb864b | GET /users/1 | status=200 | durationMs=0
users request | id=7c97c06e-056f-473a-8bbe-0ad45fdb70f9 | GET /users/1 | status=200 | durationMs=0
users request | id=fb87b5ba-8b6b-43f8-b4b5-380db735df0d | GET /users/1 | status=200 | durationMs=0
users request | id=2ecf0740-96c4-41de-aa5e-5115c6fc74c4 | GET /users/1 | status=200 | durationMs=0
users request | id=a57fd8a3-f618-4a57-8fd4-a54767c9c2ea | GET /users/1 | status=200 | durationMs=0
users request | id=d57772bf-e02d-4e02-9d5f-76364ef14f1d | GET /users/1 | status=200 | durationMs=0
users request | id=96cc3d53-18ab-4702-87b8-ae7a4900ec97 | GET /users/1 | status=200 | durationMs=0
users request | id=9cbd5fda-d811-4aed-bafc-a0edd17da5d0 | GET /users/1 | status=200 | durationMs=1
users request | id=1c11d7cb-00ae-4775-bfea-116e42fde97f | GET /users/1 | status=200 | durationMs=0
users request | id=662c1fe6-d2c1-4dde-892d-c135c253f5c8 | GET /users/1 | status=200 | durationMs=0
users request | id=6d2ac3df-ae9e-4513-bcd2-6433c5fbe8f3 | GET /users/1 | status=200 | durationMs=0
users request | id=ee22c55d-5d9b-4f67-a7f8-06b6e26b5441 | GET /users/1 | status=200 | durationMs=0
users request | id=bf415b91-2bbc-4d9a-9afd-f95355ee66d5 | GET /users/1 | status=200 | durationMs=0
users request | id=57cf9578-4fd4-494a-8f05-a1324fac438e | GET /users/1 | status=200 | durationMs=0
users request | id=0ff538c2-36e4-4088-8a06-b0f19f53062a | GET /users/1 | status=200 | durationMs=1
users request | id=8b396dae-c562-41dd-9f2f-079f64a8964f | GET /users/1 | status=200 | durationMs=0
users request | id=df65b750-a945-438e-bff9-821354244520 | GET /users/1 | status=200 | durationMs=0
users request | id=b2156ae5-ed87-4394-b6ca-9737854f5820 | GET /users/1 | status=200 | durationMs=0
users request | id=55b79fdc-e149-4303-851c-15280e0aea80 | GET /users/1 | status=200 | durationMs=0
users request | id=0830e47f-3d34-4257-b704-ffc42b8a5cec | GET /users/1 | status=200 | durationMs=0
users request | id=ba4a9c3e-e9d3-4c94-bf47-8fc90e948253 | GET /users/1 | status=200 | durationMs=1
users request | id=46adf0d9-bbb8-43ca-8ffc-971566099220 | GET /users/1 | status=200 | durationMs=0
users request | id=49a42c23-543c-488c-8356-7d65ce1de384 | GET /users/1 | status=200 | durationMs=0
users request | id=32a88b14-a32a-4ffa-be0d-7adad0f93569 | GET /users/1 | status=200 | durationMs=0
users request | id=aa3ad45f-7b12-4526-8cd9-15801ca52e5a | GET /users/1 | status=200 | durationMs=0
users request | id=385e9a80-ed6a-4aa6-86f9-a969fb93de00 | GET /users/1 | status=200 | durationMs=1
users request | id=260ac94f-86b5-419f-b10e-2a0dfa374e0f | GET /users/1 | status=200 | durationMs=0
users request | id=7cb0371b-9dd9-4f0d-b4e6-60640e283da0 | GET /users/1 | status=200 | durationMs=0
users request | id=052c0adc-fda2-4b4e-b41e-5ef4f77d6241 | GET /users/1 | status=200 | durationMs=0
users request | id=cafc63b5-47ba-46a8-bf48-17aa2cb862ba | GET /users/1 | status=200 | durationMs=0
users request | id=de94067a-14e8-4973-a3e2-aeb62a2f5bae | GET /users/1 | status=200 | durationMs=0
users request | id=a26330f0-34ae-4ad1-b46e-006361f9f634 | GET /users/1 | status=200 | durationMs=0
users request | id=e67c6cda-3166-4bc5-8633-dc91808f2e2a | GET /users/1 | status=200 | durationMs=0
users request | id=2b1adb58-18e7-4be4-abce-85bc5171eda1 | GET /users/1 | status=200 | durationMs=1
users request | id=82344d09-5776-40d6-ac96-a6f983e26a0b | GET /users/1 | status=200 | durationMs=0
users request | id=0e6033b3-7d11-421d-b568-4e8ce4b3d0ce | GET /users/1 | status=200 | durationMs=0
users request | id=13cb060f-115a-4e7a-ae15-f208908a9e8e | GET /users/1 | status=200 | durationMs=0
users request | id=4f5229b7-fd54-425a-93a7-3f2019581691 | GET /users/1 | status=200 | durationMs=0
users request | id=19bf094f-4a19-4ce4-bdad-91cca0d05724 | GET /users/1 | status=200 | durationMs=0
users request | id=6d668d81-6903-410b-8a0d-01f716444e9e | GET /users/1 | status=200 | durationMs=0
users request | id=650e22c2-e9fd-4a29-b3bc-2915d5a6c882 | GET /users/1 | status=200 | durationMs=0
users request | id=d7ce24a0-8895-44d2-9535-6eb1a0cafd4c | GET /users/1 | status=200 | durationMs=0
users request | id=22320613-3352-4f5d-a786-fff5461b952b | GET /users/1 | status=200 | durationMs=0
users request | id=d8f10faa-8562-47ef-b0cc-ffcd9b154ed3 | GET /users/1 | status=200 | durationMs=0
users request | id=48801747-f048-4286-88c8-5c853192b234 | GET /users/1 | status=200 | durationMs=0
users request | id=12999202-395a-424b-af1a-c9236c60119a | GET /users/1 | status=200 | durationMs=0
users request | id=0307c332-cb10-4ee6-8fb9-2b9e5ebaa6ec | GET /users/1 | status=200 | durationMs=1
users request | id=9f945ae2-5527-4e32-ae99-d38111cc2421 | GET /users/1 | status=200 | durationMs=0
users request | id=53b48602-dfec-4c76-9710-a0926708acac | GET /users/1 | status=200 | durationMs=1
users request | id=f514c24f-4fd2-4fac-a88d-259aa420cf7c | GET /users/1 | status=200 | durationMs=0
users request | id=75bfa726-ac17-4481-af38-52ad0afaa989 | GET /users/1 | status=200 | durationMs=0
users request | id=46fa6d44-6665-4733-92b2-1688e5a52b2d | GET /users/1 | status=200 | durationMs=1
users request | id=5cb56449-871f-49ca-b13c-ddbf390db66f | GET /users/1 | status=200 | durationMs=1
users request | id=736fec49-778d-4a03-926c-2427b11ff9f4 | GET /users/1 | status=200 | durationMs=0
users request | id=9da4888a-8247-43ba-9236-5e18d650b652 | GET /users/1 | status=200 | durationMs=0
users request | id=5596ee90-be0d-48c6-8594-cf9af803202f | GET /users/1 | status=200 | durationMs=0
users request | id=74c47765-e3ad-49ee-8d15-879b6944ac8d | GET /users/1 | status=200 | durationMs=1
users request | id=19ce8f3b-a57f-4663-ac97-3388217838a8 | GET /users/1 | status=200 | durationMs=0
users request | id=cbc8ed7a-43ad-48b4-b5b2-bc532dad021e | GET /users/1 | status=200 | durationMs=0
users request | id=19a22b3f-e9f3-47f5-8523-d9ff02f9089f | GET /users/1 | status=200 | durationMs=0
users request | id=53a4bc35-45d9-44e5-9b01-c7b6c7d9fe56 | GET /users/1 | status=200 | durationMs=1
users request | id=e19bd612-508c-4829-ab69-b31397614e75 | GET /users/1 | status=200 | durationMs=0
users request | id=4e213a36-3c92-4395-abef-92537e22eb70 | GET /users/1 | status=200 | durationMs=0
users request | id=910498ba-d948-4ebc-a43e-d06429b0df00 | GET /users/1 | status=200 | durationMs=0
users request | id=c57694fd-b798-46d7-9889-f9c19dadfd9d | GET /users/1 | status=200 | durationMs=0
users request | id=0930cc47-9b18-43c4-9330-c00cb1d948c6 | GET /users/1 | status=200 | durationMs=0
users request | id=f691ed0d-908c-4422-a914-fc4f37b41fad | GET /users/1 | status=200 | durationMs=0
users request | id=2ec452c2-64a8-4b91-8204-206cb28e2fa8 | GET /users/1 | status=200 | durationMs=0
users request | id=f3ab9142-1d58-49f3-b2a3-213c85392e80 | GET /users/1 | status=200 | durationMs=1
users request | id=b22ea157-77fd-4481-819c-9068961af0ea | GET /users/1 | status=200 | durationMs=0
users request | id=98015394-4872-46d5-ba6f-81440ac2db47 | GET /users/1 | status=200 | durationMs=1
users request | id=632e036c-daec-47b9-863f-45aaa764372f | GET /users/1 | status=200 | durationMs=0
users request | id=ec9a95a8-9067-464c-98b3-0b64730e7e21 | GET /users/1 | status=200 | durationMs=1
users request | id=3e359446-8af3-446d-990f-3b50e214e8bf | GET /users/1 | status=200 | durationMs=0
users request | id=f9e160d9-398a-4d8c-8948-6310124f150f | GET /users/1 | status=200 | durationMs=0
users request | id=e4b2412e-1daf-4768-85ae-718679591bc8 | GET /users/1 | status=200 | durationMs=0
users request | id=3c54136b-069f-4790-97fc-bdcc717d938b | GET /users/1 | status=200 | durationMs=0
users request | id=891a36b0-70c5-4648-9f17-926a3590db03 | GET /users/1 | status=200 | durationMs=0
users request | id=0cde9a1a-9026-4e58-9cdd-0aca272b8a78 | GET /users/1 | status=200 | durationMs=0
users request | id=8e4fdd97-bf9e-430c-95c3-de90aa12cf63 | GET /users/1 | status=200 | durationMs=0
users request | id=6be3f490-2917-4fc3-9018-6cfa159c65e5 | GET /users/1 | status=200 | durationMs=1
users request | id=438759fd-06d2-4803-861c-9d6caab45614 | GET /users/1 | status=200 | durationMs=1
users request | id=99e8eca7-a270-4d4f-9c57-ceddfa343d2d | GET /users/1 | status=200 | durationMs=0
users request | id=b199814b-abd3-4109-a192-018360cc4c6e | GET /users/1 | status=200 | durationMs=0
users request | id=b5fa3b44-39f5-4fa6-8003-c25e6c06f392 | GET /users/1 | status=200 | durationMs=0
users request | id=2b97de64-3300-492d-8063-61e2f8af298a | GET /users/1 | status=200 | durationMs=0
users request | id=f5780fa6-fd65-462c-a6b2-5e79c8a1f1ba | GET /users/1 | status=200 | durationMs=0
users request | id=f6d19870-bf36-4c17-b6c3-8295693e529b | GET /users/1 | status=200 | durationMs=1
users request | id=0d9b139d-3375-4107-a958-9dc9cc386dbd | GET /users/1 | status=200 | durationMs=1
users request | id=e235458d-a732-45df-9ced-ce2b51028554 | GET /users/1 | status=200 | durationMs=0
users request | id=a42e3e8f-0ab6-48b2-aee1-df4c76f87bc7 | GET /users/1 | status=200 | durationMs=1
users request | id=fccfaeb4-f9bc-4d1b-8039-3692ad406410 | GET /users/1 | status=200 | durationMs=1
users request | id=41718d19-76ba-4462-8f5f-5cab962516e2 | GET /users/1 | status=200 | durationMs=0
users request | id=7edeb8a4-d538-4540-bde5-880d77372e9c | GET /users/1 | status=200 | durationMs=0
users request | id=0f0e29af-7267-49ab-89bb-2783bfe2d30b | GET /users/1 | status=200 | durationMs=0
users request | id=421776fd-0760-4676-b4ee-9724ade92700 | GET /users/1 | status=200 | durationMs=0
users request | id=5b5bb949-0323-4725-96ac-12568cb63fc4 | GET /users/1 | status=200 | durationMs=0
users request | id=f84fbb5d-5d82-4f9c-8577-b986095071f2 | GET /users/1 | status=200 | durationMs=0
users request | id=99d8d70a-97c6-4ebb-a68e-76154962aee3 | GET /users/1 | status=200 | durationMs=0
users request | id=1c3c250a-36d6-45ea-9bc3-5c599189d222 | GET /users/1 | status=200 | durationMs=0
users request | id=87aea7e9-af46-49e0-a905-06c1e88d5c20 | GET /users/1 | status=200 | durationMs=0
users request | id=515a4226-58ec-4615-bb7f-34b5fd64d0bb | GET /users/1 | status=200 | durationMs=0
users request | id=fdac1561-90e0-450a-9321-e773b33ed93d | GET /users/1 | status=200 | durationMs=0
users request | id=5e0f9a20-d9ac-4d6b-a8de-e3978821ae84 | GET /users/1 | status=200 | durationMs=0
users request | id=314cedbc-a4ef-4af8-ae43-e5f4bc16ccb2 | GET /users/1 | status=200 | durationMs=0
users request | id=d7b18373-a6d2-4edc-9c1c-eb8a4da36a8e | GET /users/1 | status=200 | durationMs=0
users request | id=6453d0af-2679-4b58-aed4-923bc84373d7 | GET /users/1 | status=200 | durationMs=0
users request | id=41403c36-733d-4796-8bcf-cb307b589c57 | GET /users/1 | status=200 | durationMs=0
users request | id=b4e366d1-ca1d-41dd-9b52-eda0de7a0f76 | GET /users/1 | status=200 | durationMs=0
users request | id=b1d26bb9-8059-4690-9889-6d500443d588 | GET /users/1 | status=200 | durationMs=0
users request | id=7e52b636-7ac2-4359-aa8f-c73881a0d280 | GET /users/1 | status=200 | durationMs=0
users request | id=3a42a3b5-bd74-45ce-a6e8-ec2a26fc8f24 | GET /users/1 | status=200 | durationMs=1
users request | id=71ecf86a-2746-48e0-a40e-abea75fee806 | GET /users/1 | status=200 | durationMs=0
users request | id=6ca43e01-370d-455b-a370-5d811be02982 | GET /users/1 | status=200 | durationMs=0
users request | id=166e150a-d27e-4fdf-a740-990511718ca5 | GET /users/1 | status=200 | durationMs=1
users request | id=6da0916f-e206-4fb1-93fa-f19516150e08 | GET /users/1 | status=200 | durationMs=0
users request | id=49718a0b-3f2e-4fb7-a0a6-afb1645e1146 | GET /users/1 | status=200 | durationMs=1
users request | id=e5849cef-b7cb-42fd-85a5-de81bd4e09f6 | GET /users/1 | status=200 | durationMs=0
users request | id=c559a384-f08e-435d-b49a-67bd041cb0d6 | GET /users/1 | status=200 | durationMs=0
users request | id=f89212b8-3cac-4d83-bd6d-684ffa13b978 | GET /users/1 | status=200 | durationMs=0
users request | id=7ff70d69-51fb-41d4-ae1d-00aac76b4d70 | GET /users/1 | status=200 | durationMs=0
users request | id=d6590720-c359-4f81-8d80-55a2d3ea6cf2 | GET /users/1 | status=200 | durationMs=1
users request | id=96b0a617-5962-41ff-99f9-04105d050799 | GET /users/1 | status=200 | durationMs=0
users request | id=b3866080-442c-4643-80f5-551311278aee | GET /users/1 | status=200 | durationMs=0
users request | id=3d4fd862-150b-4c32-9462-d8104a226ff0 | GET /users/1 | status=200 | durationMs=1
users request | id=900e96c6-0eaa-41f2-919f-3ccabf9e473f | GET /users/1 | status=200 | durationMs=0
users request | id=f3327b06-37f9-4742-9582-b006c8405b13 | GET /users/1 | status=200 | durationMs=0
users request | id=cd26f38b-cf8a-44fd-b3a7-d89fc47440fd | GET /users/1 | status=200 | durationMs=1
users request | id=afb6cc9d-137b-4444-87c2-235f17ff9673 | GET /users/1 | status=200 | durationMs=1
users request | id=ce80e7ab-c0d4-49fd-b24e-b0789e0af4bd | GET /users/1 | status=200 | durationMs=0
users request | id=aae233e2-28a7-4a01-9210-66dbd3e48a30 | GET /users/1 | status=200 | durationMs=0
users request | id=c194dfec-e3cd-4f77-9c99-b0a237c864b0 | GET /users/1 | status=200 | durationMs=0
users request | id=bed70a93-785c-4580-8c15-e5b9ba4cb4ba | GET /users/1 | status=200 | durationMs=1
users request | id=f54b7b03-128c-4918-891c-1f229ff86722 | GET /users/1 | status=200 | durationMs=0
users request | id=a1760308-e6d4-408a-be63-18a6f4d22968 | GET /users/1 | status=200 | durationMs=0
users request | id=5a4a7230-829b-4632-9603-df289fc686b1 | GET /users/1 | status=200 | durationMs=0
users request | id=c4414bd5-ca3e-467e-b1c0-a794afe368d0 | GET /users/1 | status=200 | durationMs=0
users request | id=3e8667ee-0b35-469c-ad61-39ee52759cd5 | GET /users/1 | status=200 | durationMs=0
users request | id=ccbd5087-4156-43ac-b490-85d696eab0d4 | GET /users/1 | status=200 | durationMs=0
users request | id=97c1052c-9eda-4920-85e4-c19ff935a4bf | GET /users/1 | status=200 | durationMs=0
users request | id=9e468ff8-7153-427d-aebe-7125ab4f2216 | GET /users/1 | status=200 | durationMs=0
users request | id=458a2568-a4e0-4e29-b95d-fa1c7a573c57 | GET /users/1 | status=200 | durationMs=1
users request | id=d07c6237-f4f6-43e9-b708-99c6ee1bbe07 | GET /users/1 | status=200 | durationMs=0
users request | id=283f0db9-9f15-43eb-bcf9-89ef7c663dd2 | GET /users/1 | status=200 | durationMs=0
users request | id=6797f54c-b7ba-44a9-a8d9-0ba0bdec06f9 | GET /users/1 | status=200 | durationMs=0
users request | id=8aeac12f-2f55-4605-8ac3-c7d5d41fec8a | GET /users/1 | status=200 | durationMs=0
users request | id=6ed8adc6-a6d5-4c98-8263-a7aebbb95562 | GET /users/1 | status=200 | durationMs=0
users request | id=f29e8118-11b3-4389-aea6-56d0d25b7d8a | GET /users/1 | status=200 | durationMs=1
users request | id=b734540e-00d7-4747-af7a-6a82583ccd5f | GET /users/1 | status=200 | durationMs=0
users request | id=fbeae901-df28-46e3-bfe5-47931e1536ab | GET /users/1 | status=200 | durationMs=1
users request | id=d1f7529b-30c6-45fd-ab09-ed13f5dd807f | GET /users/1 | status=200 | durationMs=0
users request | id=713f7058-690a-40fd-a367-d268020a5d6b | GET /users/1 | status=200 | durationMs=1
users request | id=2d82c00d-702b-40f7-988e-c2642c3c638d | GET /users/1 | status=200 | durationMs=0
users request | id=314ed209-bf27-4b54-938a-b1baebe00ba2 | GET /users/1 | status=200 | durationMs=0
users request | id=aafd86d8-edcc-4caa-8d1d-3ca22a5f44c1 | GET /users/1 | status=200 | durationMs=0
users request | id=bcde4830-03c2-4096-bbb1-c97b38e858bc | GET /users/1 | status=200 | durationMs=1
users request | id=2a0b0933-9abb-4f2d-ae6b-d894fc2520f0 | GET /users/1 | status=200 | durationMs=1
