users listening on port 3002
users request | id=7798887d-1253-408d-a761-e0edcdcd05e9 | GET /users/1 | status=200 | durationMs=4
users request | id=306c7c44-397c-41f8-b9da-62aa64008777 | GET /users/1 | status=200 | durationMs=0
users request | id=4d7a8dc6-205f-4d37-836f-408fc8a64c0f | GET /users/1 | status=200 | durationMs=0
users request | id=161c767e-9cb8-40f1-bc95-3ec3423d259a | GET /users/1 | status=200 | durationMs=0
users request | id=9cefc881-ee6d-4f7c-81b0-df35bf00544d | GET /users/1 | status=200 | durationMs=1
users request | id=ef30a520-63eb-4fb5-924d-c75bc95125d9 | GET /users/1 | status=200 | durationMs=0
users request | id=3c2bc24e-8b9e-4dca-8e70-7767c290b739 | GET /users/1 | status=200 | durationMs=1
users request | id=c5093c84-a563-42bc-b2c9-6324c623c9b3 | GET /users/1 | status=200 | durationMs=1
users request | id=4e509bc6-a604-4c8c-b54f-64156f519c00 | GET /users/1 | status=200 | durationMs=0
users request | id=4b73a9a0-baec-4e3e-80ad-16cb1c173d1f | GET /users/1 | status=200 | durationMs=0
users request | id=b7a70ec9-dc0e-4f18-a33d-699d0a5ea7ef | GET /users/1 | status=200 | durationMs=0
users request | id=17cdf870-20df-4ddf-9f03-5d3a8133f625 | GET /users/1 | status=200 | durationMs=1
users request | id=189d219d-4c58-4d54-a22d-11035d500726 | GET /users/1 | status=200 | durationMs=1
users request | id=27e8a4f4-d12e-4d49-8d75-be0b08931daf | GET /users/1 | status=200 | durationMs=0
users request | id=414b8ebc-f125-44e1-ad67-98253ab6f8c0 | GET /users/1 | status=200 | durationMs=0
users request | id=bde45f2a-32fd-4116-8735-d6dabd88eb72 | GET /users/1 | status=200 | durationMs=0
users request | id=51e61f0f-9189-40ea-8177-bce83cbb21fe | GET /users/1 | status=200 | durationMs=1
users request | id=50726ef6-7930-405c-9c79-0ffec10c272c | GET /users/1 | status=200 | durationMs=0
users request | id=b5ed1b12-34c0-4872-9405-5042c02f4214 | GET /users/1 | status=200 | durationMs=0
users request | id=3fbae526-7657-4675-b643-c08832f751bf | GET /users/1 | status=200 | durationMs=1
users request | id=c72e32c1-0676-491c-9122-16c32df94963 | GET /users/1 | status=200 | durationMs=1
users request | id=2b8aec8f-c4fc-4165-b770-18a97242d2b2 | GET /users/1 | status=200 | durationMs=0
users request | id=7b0819f9-b4c6-473c-a2d5-9e601e8c9cc0 | GET /users/1 | status=200 | durationMs=0
users request | id=901c9875-3961-4f52-8fce-a367e9757b6b | GET /users/1 | status=200 | durationMs=0
users request | id=d706278d-e535-43ee-af79-d2bc2a908259 | GET /users/1 | status=200 | durationMs=0
users request | id=45640774-0ee7-4c39-a617-f647a37dcd78 | GET /users/1 | status=200 | durationMs=1
users request | id=0671b909-fa4e-469e-ab83-69f888442c27 | GET /users/1 | status=200 | durationMs=0
users request | id=108d2edb-c8d2-43bf-afa9-31ddcbac04fa | GET /users/1 | status=200 | durationMs=0
users request | id=99715039-d5b7-475f-99e5-e54dc66d923e | GET /users/1 | status=200 | durationMs=1
users request | id=cdd4f5ff-600e-42a2-9859-bb9e56330333 | GET /users/1 | status=200 | durationMs=0
users request | id=3b7cc463-9a00-4894-8f25-0bc82b81ab8b | GET /users/1 | status=200 | durationMs=0
users request | id=d12b21d3-4879-4661-b39e-8e34093c62fa | GET /users/1 | status=200 | durationMs=0
users request | id=efcb4da1-9d1b-4445-b495-10535154b08e | GET /users/1 | status=200 | durationMs=0
users request | id=78939d0c-056a-4cfa-82cb-fd42c1259a62 | GET /users/1 | status=200 | durationMs=0
users request | id=b88b6c87-eb36-4528-a40e-b02beafc78f3 | GET /users/1 | status=200 | durationMs=0
users request | id=7a45e257-645a-4fa2-b2ad-d9b24cebc889 | GET /users/1 | status=200 | durationMs=0
users request | id=2562550d-4c86-44a8-880a-2355886072c3 | GET /users/1 | status=200 | durationMs=0
users request | id=8e24c885-09b7-4a88-a2d8-f91dbf18fd5e | GET /users/1 | status=200 | durationMs=0
users request | id=82408d3c-01e9-459c-b92b-8de314c0fd90 | GET /users/1 | status=200 | durationMs=0
users request | id=70b4cbba-9ac8-4a23-bddd-63f5b32ed0cb | GET /users/1 | status=200 | durationMs=0
users request | id=b41f807b-0ba5-4cd6-a016-3a5de6d227a6 | GET /users/1 | status=200 | durationMs=0
users request | id=da0c6891-7a41-474d-a6d4-6a91402ddbb3 | GET /users/1 | status=200 | durationMs=1
users request | id=c66201b6-3d71-4cad-b2b1-11484c1f3fcc | GET /users/1 | status=200 | durationMs=0
users request | id=3761f8fb-1b36-43ff-8e81-b15f65a3f405 | GET /users/1 | status=200 | durationMs=0
users request | id=84618a42-9c68-4d4c-9af5-f4d4e05a2f2b | GET /users/1 | status=200 | durationMs=0
users request | id=10efb496-4639-44aa-b8ea-ff2fd0b9cded | GET /users/1 | status=200 | durationMs=0
users request | id=9bfa6ab9-016a-41d8-9f29-54eb3950cdb7 | GET /users/1 | status=200 | durationMs=0
users request | id=2e723cc6-7b17-4054-8daa-ed81f22bad2d | GET /users/1 | status=200 | durationMs=0
users request | id=721d7bdd-3f0d-476d-a5b9-2632f207841a | GET /users/1 | status=200 | durationMs=1
users request | id=6fa29695-21d9-46da-8af3-71c1b4d9665f | GET /users/1 | status=200 | durationMs=1
users request | id=22a61458-3cb8-45a7-928c-c6b850b6cede | GET /users/1 | status=200 | durationMs=1
users request | id=2b5005dc-c895-4604-8f62-bf3086e99580 | GET /users/1 | status=200 | durationMs=0
users request | id=b8fd4b08-2dd1-4476-8e04-b79bdfd073bf | GET /users/1 | status=200 | durationMs=0
users request | id=168fa20b-8e63-4c2d-9742-1d7237ec3dd0 | GET /users/1 | status=200 | durationMs=0
users request | id=fa65b8e8-774b-4e3d-9c8e-0cbc1ba68329 | GET /users/1 | status=200 | durationMs=0
users request | id=aa7e2412-947b-4164-8ce0-6f029ee0ac62 | GET /users/1 | status=200 | durationMs=0
users request | id=a7a99a82-d9eb-4a88-8b64-a77ff17a1054 | GET /users/1 | status=200 | durationMs=1
users request | id=17031871-fcae-4e5c-afcf-8cec86f5bf1b | GET /users/1 | status=200 | durationMs=0
users request | id=c92ae4fe-8deb-4fcd-a886-f45a17ed8178 | GET /users/1 | status=200 | durationMs=0
users request | id=fe65ca4a-a4d3-4b8a-aaeb-dc0dcfec28c9 | GET /users/1 | status=200 | durationMs=0
users request | id=90eb6126-8fef-445b-9485-987963c7117b | GET /users/1 | status=200 | durationMs=1
users request | id=e939dbdb-6743-4012-8294-b7e25ad8a90e | GET /users/1 | status=200 | durationMs=1
users request | id=a3b3a671-0b9b-4b4c-8dad-9bc1bd71ffd2 | GET /users/1 | status=200 | durationMs=0
users request | id=2cc7a7f0-32a7-4ad6-8c41-e5157dc23784 | GET /users/1 | status=200 | durationMs=0
users request | id=0e613c6d-ea75-4b89-b38a-f3ec30e8c503 | GET /users/1 | status=200 | durationMs=0
users request | id=aa8229f6-d2a2-4d78-8c7e-4374af667ad7 | GET /users/1 | status=200 | durationMs=0
users request | id=f6533729-dc91-42c3-b62b-692b52104edb | GET /users/1 | status=200 | durationMs=0
users request | id=962353ba-2925-45ec-9c01-d8ef1b467019 | GET /users/1 | status=200 | durationMs=1
users request | id=c1de27c3-0a8c-43d3-83d5-55fd001dd34f | GET /users/1 | status=200 | durationMs=0
users request | id=bb3f8190-73ca-4c99-879f-122ffba68181 | GET /users/1 | status=200 | durationMs=1
users request | id=fb9e7e75-ad20-48f3-b4da-723f1309b110 | GET /users/1 | status=200 | durationMs=0
users request | id=dc569d20-90ab-4ad0-9dcf-1b8fc92f6b32 | GET /users/1 | status=200 | durationMs=1
users request | id=724d1d51-9692-4731-924a-f07c3335b2cb | GET /users/1 | status=200 | durationMs=1
users request | id=c64b91f4-f091-4615-a432-9b45f1f3665e | GET /users/1 | status=200 | durationMs=0
users request | id=fad9a4d9-03e1-489c-83ae-f8a62b58fafa | GET /users/1 | status=200 | durationMs=0
users request | id=6954e5d2-1734-4032-ad72-dadd403d6c74 | GET /users/1 | status=200 | durationMs=0
users request | id=850f265c-886e-4486-af17-b35fd582db6e | GET /users/1 | status=200 | durationMs=0
users request | id=486e6f5f-3a5e-430d-931c-ee5c798593e4 | GET /users/1 | status=200 | durationMs=1
users request | id=333b8573-2f8a-413d-8134-061285ad3336 | GET /users/1 | status=200 | durationMs=1
users request | id=95815933-6767-47bd-bc40-76d779f829d2 | GET /users/1 | status=200 | durationMs=0
users request | id=f7136d85-2360-4bca-9df2-44f9f53fb278 | GET /users/1 | status=200 | durationMs=0
users request | id=70bb09c8-c768-4c97-8cd2-07f1b269fced | GET /users/1 | status=200 | durationMs=0
users request | id=222334f9-3a0e-4aa1-b7ac-baacfad74f94 | GET /users/1 | status=200 | durationMs=0
users request | id=d2422b10-6b5c-4dbd-aa64-cfdc77cebc7c | GET /users/1 | status=200 | durationMs=0
users request | id=82a35144-1121-4ca7-8de7-500bf19348d4 | GET /users/1 | status=200 | durationMs=0
users request | id=a9ac28f9-f767-495a-a523-89640bc2f23f | GET /users/1 | status=200 | durationMs=0
users request | id=947b5dd4-b649-4f98-93a4-eda42b1736a5 | GET /users/1 | status=200 | durationMs=1
users request | id=1eadcd96-1855-4985-aa13-530f4700ae8e | GET /users/1 | status=200 | durationMs=0
users request | id=2e166469-e660-4c25-a3a6-d690897855ff | GET /users/1 | status=200 | durationMs=0
users request | id=0e5e66e5-d91e-4f51-83fd-616c90716b83 | GET /users/1 | status=200 | durationMs=0
users request | id=f7fc02ff-9351-45d5-95c0-f12f4c1c9f8c | GET /users/1 | status=200 | durationMs=0
users request | id=f45f0561-828a-4d83-84ce-dd96a1e7e883 | GET /users/1 | status=200 | durationMs=0
users request | id=eb98661b-e6b2-41af-aacb-17df471e8f94 | GET /users/1 | status=200 | durationMs=0
users request | id=8a7a154a-cbe1-4746-bd34-71347b26a889 | GET /users/1 | status=200 | durationMs=0
users request | id=f66e40e0-4ebe-4159-b229-13ca129d780e | GET /users/1 | status=200 | durationMs=1
users request | id=59421286-6334-4723-93d2-e868fd7e21b2 | GET /users/1 | status=200 | durationMs=0
users request | id=75a7d28f-a343-4bf8-a9b7-522a8710f980 | GET /users/1 | status=200 | durationMs=0
users request | id=d3cde264-8542-45dc-8a90-58037a308eda | GET /users/1 | status=200 | durationMs=1
users request | id=b616869e-8220-4db7-b9bb-32bcd958a362 | GET /users/1 | status=200 | durationMs=0
users request | id=9504a4c1-960a-4f86-a0c6-258629b5aad9 | GET /users/1 | status=200 | durationMs=1
users request | id=14ab2dc8-a06d-4bd9-ba99-53abc464a135 | GET /users/1 | status=200 | durationMs=0
users request | id=07ec7603-b801-4c38-b777-bcc69ca38214 | GET /users/1 | status=200 | durationMs=0
users request | id=d2032d35-272a-4e47-8078-c44727dca132 | GET /users/1 | status=200 | durationMs=0
users request | id=813b2345-daf8-44ae-a398-5e06e11df7de | GET /users/1 | status=200 | durationMs=1
users request | id=2bbed715-8d41-4b6b-b185-f7877606cc08 | GET /users/1 | status=200 | durationMs=0
users request | id=e36f74f6-aa9c-4579-87b8-82c0ae523c30 | GET /users/1 | status=200 | durationMs=0
users request | id=8e6c43a7-f6c3-4a51-81da-628c449a2612 | GET /users/1 | status=200 | durationMs=0
users request | id=c6d36d1b-5bf5-409e-ba2e-ef7670b76221 | GET /users/1 | status=200 | durationMs=0
users request | id=13b436ac-15e3-44e7-9731-3815fe2d449e | GET /users/1 | status=200 | durationMs=1
users request | id=4fca5545-40c6-4f65-8c7c-0ad4f3bc81d2 | GET /users/1 | status=200 | durationMs=1
users request | id=8aae52c0-7fac-4106-b088-c59e0015f5b0 | GET /users/1 | status=200 | durationMs=4
users request | id=b263f763-14d9-4437-b1de-5177c25ab078 | GET /users/1 | status=200 | durationMs=1
users request | id=82a37697-bffe-4881-8097-35d1657caa04 | GET /users/1 | status=200 | durationMs=0
users request | id=62a0d4f4-d264-43ef-8119-cd9c0df71d2f | GET /users/1 | status=200 | durationMs=1
users request | id=49f51b1f-10be-4d81-8042-5dc2dd6067d0 | GET /users/1 | status=200 | durationMs=1
users request | id=19dd9eb2-a7f7-4b08-8bf7-b21a7d1a7381 | GET /users/1 | status=200 | durationMs=1
users request | id=f4e4cf41-422e-485a-810f-9d4137be5273 | GET /users/1 | status=200 | durationMs=0
users request | id=d5ec4e0a-50d1-4328-92cd-25566e74fbab | GET /users/1 | status=200 | durationMs=0
users request | id=851e1d5c-ee69-4355-88a8-ae112d1a5ca4 | GET /users/1 | status=200 | durationMs=0
users request | id=21e4e430-a8d7-424a-83e8-e95541250d09 | GET /users/1 | status=200 | durationMs=0
users request | id=155cb062-ac1c-49bf-9cc5-bcb6ad2dd925 | GET /users/1 | status=200 | durationMs=0
users request | id=4b83efd1-c8b5-4386-b85a-e36e66e16cd5 | GET /users/1 | status=200 | durationMs=1
users request | id=e2f4b5c8-715f-4257-8bcf-a448ea3f2e89 | GET /users/1 | status=200 | durationMs=1
users request | id=5d5b313c-78d7-41ad-94bc-dfcc83a12595 | GET /users/1 | status=200 | durationMs=0
users request | id=d3206f83-56e7-4d0e-b7df-5a47617765d1 | GET /users/1 | status=200 | durationMs=0
users request | id=5edcbda8-8403-4ee5-83ec-f3c0928fdd4c | GET /users/1 | status=200 | durationMs=0
users request | id=830c227c-c1ad-4c17-8590-db9625b5a785 | GET /users/1 | status=200 | durationMs=0
users request | id=789642c2-4747-40a9-a54c-f6f33c2bc7bb | GET /users/1 | status=200 | durationMs=0
users request | id=a08d2abd-8633-4dde-88af-1b9c9ecbd7e0 | GET /users/1 | status=200 | durationMs=0
users request | id=00c5b182-fe8b-469d-817d-eda84e1b4bd6 | GET /users/1 | status=200 | durationMs=0
users request | id=0200c1f6-1b71-4bc6-a83a-ce494278b1d0 | GET /users/1 | status=200 | durationMs=0
users request | id=ba9e711e-4e3c-44b3-ae63-753d82ae303a | GET /users/1 | status=200 | durationMs=0
users request | id=a625159c-79a3-4d56-bc75-f0e382fa6f80 | GET /users/1 | status=200 | durationMs=1
users request | id=24bf534e-e77e-4aa6-9ddb-58601efd3b24 | GET /users/1 | status=200 | durationMs=0
users request | id=74f96608-7cca-41f9-87bd-4a5167b5205b | GET /users/1 | status=200 | durationMs=0
users request | id=a57d297c-101f-40cc-968d-c8ddd77837fb | GET /users/1 | status=200 | durationMs=1
users request | id=48715436-f3d7-416b-8171-5574803f543d | GET /users/1 | status=200 | durationMs=0
users request | id=f84a30f7-a0a1-4ea7-9e36-7774aca6d596 | GET /users/1 | status=200 | durationMs=0
users request | id=1bda9a33-236d-43d3-a5d6-8639eaf19892 | GET /users/1 | status=200 | durationMs=0
users request | id=a8eecdfb-431f-4781-856c-edccbe50b45c | GET /users/1 | status=200 | durationMs=0
users request | id=18c32e26-2943-4e7f-83c6-59aae6dc3aae | GET /users/1 | status=200 | durationMs=0
users request | id=7401187c-3690-47dd-846a-c6e932fb97b6 | GET /users/1 | status=200 | durationMs=1
users request | id=0653c087-2316-494e-907d-dfd8712762ea | GET /users/1 | status=200 | durationMs=0
users request | id=7f0cde1b-1faf-4cf8-ac8a-a3b81d31a6b1 | GET /users/1 | status=200 | durationMs=0
users request | id=da5469a2-cbee-4980-9f2a-e6e45f469de5 | GET /users/1 | status=200 | durationMs=0
users request | id=94320235-4095-47c0-aa33-31828461ffaa | GET /users/1 | status=200 | durationMs=0
users request | id=838c797a-94ef-499a-990c-b019a1bc2ac6 | GET /users/1 | status=200 | durationMs=0
users request | id=0cc43dab-7019-4cf3-95dd-166a5c210498 | GET /users/1 | status=200 | durationMs=0
users request | id=deb09194-5c41-44c1-8e94-727cdf3e26d7 | GET /users/1 | status=200 | durationMs=0
users request | id=f71f1d4d-f15b-426e-8117-7388aa81587e | GET /users/1 | status=200 | durationMs=1
users request | id=349f7562-6013-430e-b194-368765b7020a | GET /users/1 | status=200 | durationMs=0
users request | id=b1096afd-b16c-46f6-8490-af017ea996db | GET /users/1 | status=200 | durationMs=0
users request | id=3269f5af-22f0-4d35-9af6-472d2873a1c6 | GET /users/1 | status=200 | durationMs=0
users request | id=ee6981c8-d734-40d1-8edf-1c6745a0791b | GET /users/1 | status=200 | durationMs=0
users request | id=3bb2553f-53cf-49ec-88b4-c61ed05e54d0 | GET /users/1 | status=200 | durationMs=0
users request | id=5769c47c-1fff-47ab-9918-559ad91b7cdf | GET /users/1 | status=200 | durationMs=0
users request | id=3d696339-08cd-4b95-89f0-e8691f5ad7e7 | GET /users/1 | status=200 | durationMs=1
users request | id=790b95d9-b714-497e-830e-8300dad0c192 | GET /users/1 | status=200 | durationMs=0
users request | id=d044f976-e00f-4412-a993-b793e8cf1f8e | GET /users/1 | status=200 | durationMs=0
users request | id=2364a61d-bd8b-4695-a6ab-999573a9246a | GET /users/1 | status=200 | durationMs=0
users request | id=d0601e21-3d53-4a83-b7d6-feb7d86f4295 | GET /users/1 | status=200 | durationMs=1
users request | id=dc44343f-2d4a-4363-b36f-04f6c9c5c539 | GET /users/1 | status=200 | durationMs=0
users request | id=1c1b9cdb-23e6-462e-bbf6-4113c3254267 | GET /users/1 | status=200 | durationMs=1
users request | id=fd3f3ecf-cc47-40db-a86f-c1b8d78f9404 | GET /users/1 | status=200 | durationMs=0
users request | id=b34e53cc-c4d4-48dc-8190-89abfa74bddb | GET /users/1 | status=200 | durationMs=0
users request | id=202fbc49-fce1-48f8-8833-bf41d3c7b2fb | GET /users/1 | status=200 | durationMs=0
users request | id=cd62fe7d-04c5-4543-a550-db4e287213ec | GET /users/1 | status=200 | durationMs=1
users request | id=1f4dfd65-5a8a-4a95-a4e3-79966f4f8907 | GET /users/1 | status=200 | durationMs=0
users request | id=fb6251c7-8284-4be9-b729-d5fc819b773a | GET /users/1 | status=200 | durationMs=0
users request | id=bb1e604b-c11a-4a83-9dc6-2218d9cb6db1 | GET /users/1 | status=200 | durationMs=1
users request | id=f2efd04d-fdd6-4eff-9bd9-0f95490d0336 | GET /users/1 | status=200 | durationMs=1
users request | id=3793553b-2c86-44bb-a04e-d9c5a7c3c094 | GET /users/1 | status=200 | durationMs=1
users request | id=e63c0956-8f00-49fb-be2d-3afcd957d634 | GET /users/1 | status=200 | durationMs=1
users request | id=587c160a-6c23-44ea-9046-c4af8cce376d | GET /users/1 | status=200 | durationMs=0
users request | id=631737d8-ed32-4917-a078-f2e2e6d56ca1 | GET /users/1 | status=200 | durationMs=1
users request | id=5d6e5191-e2a2-4e8a-9486-9c5bd57555e8 | GET /users/1 | status=200 | durationMs=0
users request | id=04fb7da6-34ea-4ae4-b0d7-460965f689da | GET /users/1 | status=200 | durationMs=1
users request | id=5dab8948-f77f-4427-bd0c-e76ea2aed817 | GET /users/1 | status=200 | durationMs=1
users request | id=bc5c791e-ac22-4b09-8076-bc7ba1b4cfb9 | GET /users/1 | status=200 | durationMs=0
users request | id=01466a13-fb6c-40e9-9c4b-94b818ae627c | GET /users/1 | status=200 | durationMs=0
users request | id=7786e4ca-1d07-4bfb-924b-83e3bf8501e4 | GET /users/1 | status=200 | durationMs=0
users request | id=429f3dfc-64df-4afb-87eb-58689d7f792d | GET /users/1 | status=200 | durationMs=0
users request | id=92ae6416-11bf-4f09-ba20-58f409985c5c | GET /users/1 | status=200 | durationMs=0
users request | id=7e8cc1d7-dc10-4f8c-a87c-b6afce4b21c0 | GET /users/1 | status=200 | durationMs=0
users request | id=dfcad828-184a-4b3a-9ba4-8d65ac2a08f0 | GET /users/1 | status=200 | durationMs=0
users request | id=b89eef44-6b53-4713-a9fb-5999087f6448 | GET /users/1 | status=200 | durationMs=0
users request | id=576091d8-6eb0-44fe-930c-46f0b285bd57 | GET /users/1 | status=200 | durationMs=0
users request | id=44d73e83-0f63-4449-be47-c9fadc9b6918 | GET /users/1 | status=200 | durationMs=0
users request | id=abd49f21-c244-46a8-89e9-846d38ea6a90 | GET /users/1 | status=200 | durationMs=0
users request | id=31c62653-98bf-43b1-9606-4fb1735198d9 | GET /users/1 | status=200 | durationMs=1
users request | id=1afb8452-1b91-46ea-8d87-429340677a7d | GET /users/1 | status=200 | durationMs=0
users request | id=07e4c0b6-84a3-48f8-983a-25578e8c8d70 | GET /users/1 | status=200 | durationMs=0
users request | id=8424c40b-c5e0-487e-8890-cf2de8772438 | GET /users/1 | status=200 | durationMs=0
users request | id=dbd44757-d3c4-49a4-b2fd-77ac8d0ff94c | GET /users/1 | status=200 | durationMs=1
users request | id=463401b8-33d4-49c0-ac54-839582b198e3 | GET /users/1 | status=200 | durationMs=1
users request | id=9fc2be17-bf14-4781-9436-b0c199f2a2b1 | GET /users/1 | status=200 | durationMs=0
users request | id=f47a1948-badb-4e18-9041-2c34c6d7c533 | GET /users/1 | status=200 | durationMs=1
users request | id=09f5b6fa-fe53-4213-867a-731f4f905a9f | GET /users/1 | status=200 | durationMs=1
users request | id=4a04842e-993d-4bef-b6b8-e16b3c00cf66 | GET /users/1 | status=200 | durationMs=0
users request | id=8386248c-feb8-45f2-9125-1c0648b4c595 | GET /users/1 | status=200 | durationMs=1
users request | id=220645ea-9db1-4620-b383-2b179abc250a | GET /users/1 | status=200 | durationMs=0
users request | id=71e287f5-77cc-4413-8ed2-99e50116793d | GET /users/1 | status=200 | durationMs=1
users request | id=d495923b-666b-42a9-9a9d-1958019a72d4 | GET /users/1 | status=200 | durationMs=0
users request | id=5c60f523-25b3-4814-9248-285b932e04b3 | GET /users/1 | status=200 | durationMs=1
users request | id=b9467eb7-b5d1-4894-b583-bdffaedd3a09 | GET /users/1 | status=200 | durationMs=0
users request | id=37f3ad7c-458b-4f6d-83f0-1258bc196339 | GET /users/1 | status=200 | durationMs=0
users request | id=3dbd2b08-f1f9-4288-98d7-8be2c4cc13af | GET /users/1 | status=200 | durationMs=0
users request | id=e7fcefee-7698-4cea-9d95-3808e774d969 | GET /users/1 | status=200 | durationMs=0
users request | id=6ce67fbb-9693-46e7-9779-a33d860b6cee | GET /users/1 | status=200 | durationMs=0
users request | id=64605080-4db1-468c-a86a-dd135372db25 | GET /users/1 | status=200 | durationMs=0
users request | id=381d7b0e-4ca4-4a52-88d6-5d06794c0de2 | GET /users/1 | status=200 | durationMs=0
users request | id=1e59d026-5ac6-4e5f-ad72-75404a152574 | GET /users/1 | status=200 | durationMs=0
users request | id=08dfa809-92f5-491a-80bc-1803f95a1427 | GET /users/1 | status=200 | durationMs=0
users request | id=c3ab3e7f-c3cf-4943-a7d1-2059e65a5cc8 | GET /users/1 | status=200 | durationMs=0
users request | id=623d7571-b20d-4e9f-ba1c-465359d4c705 | GET /users/1 | status=200 | durationMs=0
users request | id=32bd3a7f-7b7e-48de-83e8-3fd894fc3707 | GET /users/1 | status=200 | durationMs=0
users request | id=702e173c-cc93-4150-b60a-acb785d4b54f | GET /users/1 | status=200 | durationMs=1
users request | id=2157bde7-20a0-4c36-87da-612280a8cc05 | GET /users/1 | status=200 | durationMs=0
users request | id=5daf7fda-85ca-46be-9484-7bef05f290d8 | GET /users/1 | status=200 | durationMs=1
users request | id=f0ae7384-b931-441c-b1a2-7e9dcb0ad9ad | GET /users/1 | status=200 | durationMs=0
users request | id=bd56895b-0e15-4d3a-b44a-2776b46a5921 | GET /users/1 | status=200 | durationMs=0
users request | id=905c9dd9-5165-4363-bfb9-59353200fa10 | GET /users/1 | status=200 | durationMs=0
users request | id=f593e0fc-6389-45da-83b8-35253e1cb900 | GET /users/1 | status=200 | durationMs=0
users request | id=7ea8c1b3-696e-4b46-89ac-1305fda5fda7 | GET /users/1 | status=200 | durationMs=1
users request | id=52e3b173-6337-4724-830d-93b852c8635b | GET /users/1 | status=200 | durationMs=1
users request | id=44a7cdb7-69f7-422d-b565-94519a93ba60 | GET /users/1 | status=200 | durationMs=1
users request | id=f23fdec5-ea5b-4029-a412-49494fbb5d9e | GET /users/1 | status=200 | durationMs=0
users request | id=877ee9e1-2a6f-4ce3-9532-dfec70b60bf9 | GET /users/1 | status=200 | durationMs=0
users request | id=0729aed4-e88c-4dbd-b68a-136e264f2ddc | GET /users/1 | status=200 | durationMs=0
users request | id=7088335b-5ecb-419f-9e47-16e418970c5e | GET /users/1 | status=200 | durationMs=1
users request | id=c6291df6-5f55-4b59-bd2b-f6a53e29538b | GET /users/1 | status=200 | durationMs=0
users request | id=95269462-4646-4fab-961d-18cb7bb77fe1 | GET /users/1 | status=200 | durationMs=1
users request | id=5f1f9d91-cd4f-47d9-81e1-b899be5c9e7d | GET /users/1 | status=200 | durationMs=0
users request | id=73f465af-0cda-4ac3-8a6f-ee95fa07b0ab | GET /users/1 | status=200 | durationMs=1
users request | id=84daccbd-27d6-4118-b46e-c55f76ee1309 | GET /users/1 | status=200 | durationMs=0
users request | id=e52aa8ba-9a05-4e0b-a473-c6450b8e022f | GET /users/1 | status=200 | durationMs=0
users request | id=f51ff024-a4ff-47e8-aaf2-f1446b460b60 | GET /users/1 | status=200 | durationMs=1
users request | id=f0a3a74c-377c-49bf-8aab-35f7f9d81561 | GET /users/1 | status=200 | durationMs=1
users request | id=f0e05b73-8fb4-4e11-bdd0-5282fd3414c5 | GET /users/1 | status=200 | durationMs=1
users request | id=0a295217-be19-43a3-90f2-7a02678e6fcf | GET /users/1 | status=200 | durationMs=0
users request | id=74892553-6a35-4220-966d-3bf8f08b1ac5 | GET /users/1 | status=200 | durationMs=0
users request | id=365c737a-c838-4296-8dba-2e029ed0b139 | GET /users/1 | status=200 | durationMs=0
users request | id=a017198d-c6d4-400b-898e-9d02b1378423 | GET /users/1 | status=200 | durationMs=0
users request | id=ee2c45bd-4b50-4a2a-a564-8cab8c86bede | GET /users/1 | status=200 | durationMs=1
users request | id=241578aa-1e99-4722-9d14-b36328a914ba | GET /users/1 | status=200 | durationMs=1
users request | id=54fa216a-a9d3-4c63-ad52-f6a1fd2c9742 | GET /users/1 | status=200 | durationMs=0
users request | id=b1c3ec3e-fb6b-43a5-8736-44a88bdf26fc | GET /users/1 | status=200 | durationMs=0
users request | id=6ba6a8dc-8202-4831-94e1-9636e09fbee0 | GET /users/1 | status=200 | durationMs=0
users request | id=93c95441-4933-4a2e-9a3d-fb973f1cf7ee | GET /users/1 | status=200 | durationMs=0
users request | id=f4e1c38f-2c1e-454b-82f0-ed8a63d68e6b | GET /users/1 | status=200 | durationMs=1
users request | id=76fcac12-c53c-46c0-b3e5-d5cced63d7b8 | GET /users/1 | status=200 | durationMs=0
users request | id=fad425ad-fc55-4ce2-afb9-d26198c9ba0e | GET /users/1 | status=200 | durationMs=1
users request | id=eae96a2f-ceae-4dac-bcf2-0bb41a8b4dd3 | GET /users/1 | status=200 | durationMs=1
users request | id=eaa4b2ca-6481-4261-93ba-76a98625bed6 | GET /users/1 | status=200 | durationMs=0
users request | id=df8f893b-53dd-4ea8-8b24-175581ceaf7c | GET /users/1 | status=200 | durationMs=0
users request | id=2fdaa0d8-e75e-45cd-94ae-34defaaf0dde | GET /users/1 | status=200 | durationMs=1
users request | id=120539b1-f2e6-464f-bd69-026c32bddaf6 | GET /users/1 | status=200 | durationMs=0
users request | id=b12e2d9a-d049-4ebe-ba12-02ca794d33db | GET /users/1 | status=200 | durationMs=1
users request | id=f5dfd0dc-9b12-43e2-877e-9863fd9a919a | GET /users/1 | status=200 | durationMs=0
users request | id=21be0834-1f1a-4421-a1b8-04029feb629c | GET /users/1 | status=200 | durationMs=0
users request | id=3d4d0462-7814-418d-a7f3-0fad944f63b4 | GET /users/1 | status=200 | durationMs=0
users request | id=1e450be9-ae3d-49e3-a775-e03f08896934 | GET /users/1 | status=200 | durationMs=0
users request | id=f7916c09-831b-4953-a777-d95d45b73226 | GET /users/1 | status=200 | durationMs=0
users request | id=28409b8d-e713-46c1-9ab7-fe004950f078 | GET /users/1 | status=200 | durationMs=1
users request | id=14bfe036-b4cb-4ee6-b230-fb0141bee5e8 | GET /users/1 | status=200 | durationMs=0
users request | id=763368b0-7965-49d5-a183-b9c32f230bd7 | GET /users/1 | status=200 | durationMs=1
users request | id=3c9d7d85-cddc-4b8d-ae11-fe5e37d53161 | GET /users/1 | status=200 | durationMs=1
users request | id=fa8d9f55-37e8-4c82-bd26-95cf66d1a530 | GET /users/1 | status=200 | durationMs=1
users request | id=cd144389-08e6-4f6a-b5f9-9365095bc8c9 | GET /users/1 | status=200 | durationMs=0
users request | id=9c8bb469-515e-4c91-9450-4c0aab65c8ae | GET /users/1 | status=200 | durationMs=1
users request | id=885c3847-da8f-4cc4-9a53-f54c6ce5c819 | GET /users/1 | status=200 | durationMs=0
users request | id=ee536f43-1b4c-4076-9fa3-ecf8f7d4dc47 | GET /users/1 | status=200 | durationMs=0
users request | id=63bb6475-66b9-46ce-adaa-7e7c8e4eda07 | GET /users/1 | status=200 | durationMs=1
users request | id=8a603c09-fafa-4dc2-870d-e537755396b4 | GET /users/1 | status=200 | durationMs=0
users request | id=f9f56b60-f5d4-4d1e-9777-a29b0423d256 | GET /users/1 | status=200 | durationMs=1
users request | id=fee4251d-9d7e-4a82-910b-23b7b2a412a8 | GET /users/1 | status=200 | durationMs=0
users request | id=fc10248c-45dd-404d-8aee-7fc5812ddf70 | GET /users/1 | status=200 | durationMs=0
users request | id=4836041e-f4ed-433b-8211-0c5cc033f108 | GET /users/1 | status=200 | durationMs=0
users request | id=1e0987aa-3d87-4a1d-aea3-6cb385f53159 | GET /users/1 | status=200 | durationMs=1
users request | id=c4cc471e-d5c6-4349-b3d5-93779b3fedad | GET /users/1 | status=200 | durationMs=1
users request | id=e6d76020-8938-4ffe-881d-b2cd3361f52b | GET /users/1 | status=200 | durationMs=0
users request | id=53e98ca9-3a3c-46da-a537-a3a7028cd670 | GET /users/1 | status=200 | durationMs=1
users request | id=e948be0e-fafa-43d5-bade-70699d01b499 | GET /users/1 | status=200 | durationMs=0
users request | id=bf0f5ba9-eb13-44a8-a753-2762954991d2 | GET /users/1 | status=200 | durationMs=0
users request | id=2f683ac3-1195-4a15-8c87-0473d3f01807 | GET /users/1 | status=200 | durationMs=0
users request | id=cf456246-8caa-47cd-b740-add096f526f2 | GET /users/1 | status=200 | durationMs=0
users request | id=9fbe48b8-ab9d-4bcf-b358-a2e824aa5582 | GET /users/1 | status=200 | durationMs=1
users request | id=68802f7d-5603-4260-b2e3-0f275fb548ff | GET /users/1 | status=200 | durationMs=1
users request | id=c86f67f6-1c73-44d7-9d88-82629861d074 | GET /users/1 | status=200 | durationMs=0
users request | id=19b4db1f-572d-43db-bc1f-549ef2ab99aa | GET /users/1 | status=200 | durationMs=0
users request | id=e6f55ac1-6959-45a1-8c5c-0e91d7147d8b | GET /users/1 | status=200 | durationMs=0
users request | id=cadffb10-28d6-4523-923d-8ce615b4a068 | GET /users/1 | status=200 | durationMs=1
users request | id=2742bcee-80ad-4905-a5aa-3cee57742335 | GET /users/1 | status=200 | durationMs=0
users request | id=c7a9ad00-c289-4811-af8d-dfb50a7ecf3b | GET /users/1 | status=200 | durationMs=0
users request | id=4a357cbc-7ddd-42cc-b2c4-66b353f84325 | GET /users/1 | status=200 | durationMs=0
users request | id=8e577c36-9645-40c8-9c2f-b935755170d5 | GET /users/1 | status=200 | durationMs=1
users request | id=dceccb07-9a3b-48c9-beb3-03040d1bdc0d | GET /users/1 | status=200 | durationMs=0
users request | id=93bf97b5-a83d-4735-a56f-cf8a1f9ae2d2 | GET /users/1 | status=200 | durationMs=0
users request | id=60488053-0780-4e22-a4c2-4e12726228f3 | GET /users/1 | status=200 | durationMs=0
users request | id=e5c83935-2b0d-424e-b49c-f7dffee5c383 | GET /users/1 | status=200 | durationMs=0
users request | id=3033d21f-a78e-45f7-8894-44403434b8c8 | GET /users/1 | status=200 | durationMs=0
users request | id=13afea41-f90a-4493-bbd4-d5df7da758aa | GET /users/1 | status=200 | durationMs=0
users request | id=367254ff-416d-4c95-a3fa-948954c3652c | GET /users/1 | status=200 | durationMs=0
users request | id=315db574-1ea5-463b-8abf-94e72afb4c23 | GET /users/1 | status=200 | durationMs=1
users request | id=60431f62-0b15-4009-8f78-d14262792fdc | GET /users/1 | status=200 | durationMs=0
users request | id=342b460b-1520-4b5a-95e2-0ed09279ceb2 | GET /users/1 | status=200 | durationMs=0
users request | id=01eca880-41b8-41eb-b004-16a419c8c6c5 | GET /users/1 | status=200 | durationMs=0
users request | id=0cd46773-6329-47fd-af1d-63e0beb61e22 | GET /users/1 | status=200 | durationMs=0
users request | id=fcbcecbf-c7fe-417b-b63d-0f90a9335365 | GET /users/1 | status=200 | durationMs=0
users request | id=0e0520f8-62e5-456c-9bfa-086df9603c8a | GET /users/1 | status=200 | durationMs=0
users request | id=48e72fa3-dbd7-415a-a010-1faa835385da | GET /users/1 | status=200 | durationMs=0
users request | id=44f97b64-f178-41b6-9425-719de7b4fec8 | GET /users/1 | status=200 | durationMs=1
users request | id=a92a9d22-4758-4f7e-bd0b-837daf5931e1 | GET /users/1 | status=200 | durationMs=0
users request | id=e827edcc-31a5-4906-aea7-e9b2ec1aeb57 | GET /users/1 | status=200 | durationMs=0
users request | id=175c7959-ebcc-448a-b587-4eb34b58833d | GET /users/1 | status=200 | durationMs=0
users request | id=360dbacb-567e-473f-bd56-2b5ca561a475 | GET /users/1 | status=200 | durationMs=0
users request | id=76efff97-3f9c-49b3-91dc-b8355812c6ec | GET /users/1 | status=200 | durationMs=0
users request | id=ce0b0425-5176-4743-8d97-b7e738c02eec | GET /users/1 | status=200 | durationMs=0
users request | id=cfdc81ee-19ca-4fd9-aefe-2ec89bc4d103 | GET /users/1 | status=200 | durationMs=0
users request | id=492ed928-1f71-4567-800d-d7ded33954c1 | GET /users/1 | status=200 | durationMs=0
users request | id=c11fe202-7105-4b8d-8e4f-6257e53f8c15 | GET /users/1 | status=200 | durationMs=0
users request | id=89d42625-12b6-4b6f-aee0-101706964fba | GET /users/1 | status=200 | durationMs=0
users request | id=429839ee-6ae1-41c3-b7c4-328f5c495762 | GET /users/1 | status=200 | durationMs=0
users request | id=7d912d3e-19a6-43de-8975-8c42992265f0 | GET /users/1 | status=200 | durationMs=0
users request | id=358c0822-5843-4a65-ac18-e3a1236084db | GET /users/1 | status=200 | durationMs=0
users request | id=8442d9ef-bad8-48a2-9ade-7e6511967d24 | GET /users/1 | status=200 | durationMs=1
users request | id=c8373a51-5740-4d8b-a678-a7e131a5e773 | GET /users/1 | status=200 | durationMs=1
users request | id=49fd79f7-cae8-40bd-83e7-d3c90ce096a7 | GET /users/1 | status=200 | durationMs=0
users request | id=8af24006-53a9-4a75-ba72-febd4e491daf | GET /users/1 | status=200 | durationMs=0
users request | id=f1ea308f-0ae7-4ba8-b1f8-ee8d7d9d7487 | GET /users/1 | status=200 | durationMs=1
users request | id=e41eb321-4a0a-4c47-8a95-c076b254742c | GET /users/1 | status=200 | durationMs=0
users request | id=483326b5-696d-4b0d-98a7-04909e4ae569 | GET /users/1 | status=200 | durationMs=1
users request | id=5ce81f83-d062-4888-8ce0-0ed8442bae8c | GET /users/1 | status=200 | durationMs=1
users request | id=42da37e7-b606-43aa-9a46-c12c6e90148f | GET /users/1 | status=200 | durationMs=1
users request | id=228f4fc5-e94d-465c-9799-d31612bf2d68 | GET /users/1 | status=200 | durationMs=0
users request | id=701dc811-ebee-4672-bcfd-fcc5c6ed46e4 | GET /users/1 | status=200 | durationMs=0
users request | id=f8a9d888-4bfb-4208-9ec3-2675b15e67da | GET /users/1 | status=200 | durationMs=1
users request | id=428398cb-497a-42a7-b22d-871b88d07b49 | GET /users/1 | status=200 | durationMs=0
users request | id=b448fa7d-a808-4929-a564-24861fa1136c | GET /users/1 | status=200 | durationMs=0
users request | id=efb984d8-edcc-4d06-8906-b02c10411821 | GET /users/1 | status=200 | durationMs=1
users request | id=429bc818-4449-4535-9865-0fa528c449e0 | GET /users/1 | status=200 | durationMs=1
users request | id=2a713388-e710-4963-b108-85d231b2b344 | GET /users/1 | status=200 | durationMs=0
users request | id=3422b88c-518c-47c8-9495-87ce88c46a24 | GET /users/1 | status=200 | durationMs=0
users request | id=27c7ee8e-ccba-43b8-8a95-627ca89621eb | GET /users/1 | status=200 | durationMs=0
users request | id=7a903275-c721-4cf3-bad1-6ed4bc6a6451 | GET /users/1 | status=200 | durationMs=0
users request | id=2da5690f-0e38-4fb1-95fd-9398e0f443f0 | GET /users/1 | status=200 | durationMs=0
users request | id=18aa052e-e5ef-4c99-ae0b-1164d5b3c290 | GET /users/1 | status=200 | durationMs=1
users request | id=4766764f-e594-4c84-954d-2953cc850017 | GET /users/1 | status=200 | durationMs=1
users request | id=870e33d4-e654-47b1-be14-6afc6d05c488 | GET /users/1 | status=200 | durationMs=1
users request | id=328531da-be22-4cb5-8e4f-f22196dee4b3 | GET /users/1 | status=200 | durationMs=0
users request | id=f58a4a1f-ee1d-4f6b-8f29-4844a7d6e6c2 | GET /users/1 | status=200 | durationMs=1
users request | id=9e56bbaa-0966-4282-9a76-d349d82ad485 | GET /users/1 | status=200 | durationMs=0
users request | id=8ddc028f-479f-4c78-bc41-850e229d1652 | GET /users/1 | status=200 | durationMs=0
users request | id=f62d90cd-dbca-4efe-bfdf-e180671c75a5 | GET /users/1 | status=200 | durationMs=0
users request | id=69567430-5e60-4b87-a5ae-f67049b04c25 | GET /users/1 | status=200 | durationMs=0
users request | id=90943d45-6bc9-4437-8362-33b703ff2f1b | GET /users/1 | status=200 | durationMs=0
users request | id=e9438175-99e1-4314-8187-9d6e98f0dae7 | GET /users/1 | status=200 | durationMs=0
users request | id=2f0d5fb5-cec6-4f01-bcce-e4fc7298b348 | GET /users/1 | status=200 | durationMs=0
users request | id=5a9121c8-8216-41c9-8a59-990b3dac2e7f | GET /users/1 | status=200 | durationMs=0
users request | id=c8b7f251-d40c-4f38-8631-d15c3abcdabb | GET /users/1 | status=200 | durationMs=0
users request | id=774f34b7-4e1a-4086-bb44-ff270b8a0ad4 | GET /users/1 | status=200 | durationMs=0
users request | id=51f33d19-d579-4215-9f2a-3119c3e5a213 | GET /users/1 | status=200 | durationMs=0
users request | id=9551afab-f4fd-490e-a066-29b758831dd3 | GET /users/1 | status=200 | durationMs=1
users request | id=8a022fdd-537c-4be7-9594-c80aca2eaeda | GET /users/1 | status=200 | durationMs=0
users request | id=2e6236d4-88b2-4042-9cf6-3b55153f7e09 | GET /users/1 | status=200 | durationMs=0
users request | id=9766aebd-c867-4551-bb72-976eddec78b7 | GET /users/1 | status=200 | durationMs=1
users request | id=e032ae6f-5254-4f6a-a5fb-2c589d066032 | GET /users/1 | status=200 | durationMs=1
users request | id=0ac393ae-4ad7-4caa-aa13-a0fee02725a1 | GET /users/1 | status=200 | durationMs=1
users request | id=3147c492-bf4c-4d79-985d-e7f1bb0cfe52 | GET /users/1 | status=200 | durationMs=0
users request | id=081968a9-beac-45c5-a12e-7e3ab5c982e1 | GET /users/1 | status=200 | durationMs=1
users request | id=058ad77c-f1f6-4d02-a0ee-0571f1f406c1 | GET /users/1 | status=200 | durationMs=0
users request | id=2623d1c3-f54a-48bc-9e20-8caec88e4e37 | GET /users/1 | status=200 | durationMs=1
users request | id=7184128b-c455-4dec-8cf9-373efd6bc4cc | GET /users/1 | status=200 | durationMs=0
users request | id=4eeaf5c7-60c7-45d2-94a5-b73541e79449 | GET /users/1 | status=200 | durationMs=0
users request | id=f2392484-0b4a-4066-a80e-2a31a9d226f4 | GET /users/1 | status=200 | durationMs=0
users request | id=e3223bf0-df8c-46f5-9ae1-fd902d1d8ddb | GET /users/1 | status=200 | durationMs=0
users request | id=b0f3e7bf-47ed-4b23-87d5-e25d9e6798d2 | GET /users/1 | status=200 | durationMs=0
users request | id=87be7f71-2e19-4c99-89b5-08a92c9a0c8b | GET /users/1 | status=200 | durationMs=0
users request | id=14361122-abcb-47ca-b319-cde590c904d6 | GET /users/1 | status=200 | durationMs=1
users request | id=2976f673-9800-401e-9039-e1f08d40ba3e | GET /users/1 | status=200 | durationMs=0
users request | id=16989461-68ad-40ea-bd78-d0b1f7e18c71 | GET /users/1 | status=200 | durationMs=0
users request | id=81fbcf77-67a7-4be6-9089-a6b532b02241 | GET /users/1 | status=200 | durationMs=0
users request | id=faa563bb-8ce0-4e4c-8d3b-6572abfd7449 | GET /users/1 | status=200 | durationMs=0
users request | id=de517b4f-6d4e-4ecf-aa44-e1f3883b9408 | GET /users/1 | status=200 | durationMs=0
users request | id=18b91193-89ef-4579-81b4-56b28068f27d | GET /users/1 | status=200 | durationMs=0
users request | id=16b9ecd5-a935-4f0b-991b-956a60c5edd1 | GET /users/1 | status=200 | durationMs=0
users request | id=1b55919a-d6a2-49be-be42-2d94beec6ff6 | GET /users/1 | status=200 | durationMs=1
users request | id=9a4f3043-2a49-470c-99eb-430018cdae60 | GET /users/1 | status=200 | durationMs=1
users request | id=b2ef8ce5-f873-42ad-b7fa-afb5a522d498 | GET /users/1 | status=200 | durationMs=0
users request | id=4f808a01-5a45-46c4-98a9-b97d852d530d | GET /users/1 | status=200 | durationMs=0
users request | id=6df595f3-ebf0-4aaf-8d34-7a0815c25944 | GET /users/1 | status=200 | durationMs=1
users request | id=a27c767a-f637-4faf-a86a-ecd646a413be | GET /users/1 | status=200 | durationMs=0
users request | id=f9fb76a1-7056-4684-82eb-9afd04c134a2 | GET /users/1 | status=200 | durationMs=1
users request | id=addf5d0a-7fcd-466a-b4b4-fe47219adfcd | GET /users/1 | status=200 | durationMs=1
users request | id=c52eed6f-28a7-46a4-9d12-2fd4e7776357 | GET /users/1 | status=200 | durationMs=0
users request | id=cfb9915f-ff8a-4467-8d60-7c180c225bed | GET /users/1 | status=200 | durationMs=0
users request | id=7a4f9a3e-b5a7-4e2b-a267-287c58922d2b | GET /users/1 | status=200 | durationMs=1
users request | id=ca7964fa-7373-4a63-b6e9-2630bd27299f | GET /users/1 | status=200 | durationMs=0
users request | id=4c88bc1e-1956-4517-b920-c653e83841ca | GET /users/1 | status=200 | durationMs=1
users request | id=6fd044bb-7697-4405-aec7-fe613d26fc2b | GET /users/1 | status=200 | durationMs=0
users request | id=7bd42c77-24a5-4b07-8aa9-b3b282a2473d | GET /users/1 | status=200 | durationMs=0
users request | id=1f213ee5-d917-4e8c-b531-0ee2bef5face | GET /users/1 | status=200 | durationMs=1
users request | id=0fb27925-22be-4e18-82bd-6367acc8d70b | GET /users/1 | status=200 | durationMs=0
users request | id=4bf3774a-5e15-4043-a996-9946eebcfcfe | GET /users/1 | status=200 | durationMs=1
users request | id=2ae92129-b009-4de7-ad7d-e82219ff7e40 | GET /users/1 | status=200 | durationMs=0
users request | id=5e589ba0-bfb2-418e-bdda-ba846f84471b | GET /users/1 | status=200 | durationMs=0
users request | id=88d827c3-292f-4126-b9a1-1ea61db8ec82 | GET /users/1 | status=200 | durationMs=0
users request | id=81288ce2-02cd-4bdb-938b-5332321730b4 | GET /users/1 | status=200 | durationMs=0
users request | id=89cf5e2e-4c19-4046-a3f1-f5c82530d805 | GET /users/1 | status=200 | durationMs=0
users request | id=4efef453-d069-4fda-86ce-60b2bc72bfdf | GET /users/1 | status=200 | durationMs=0
users request | id=af645694-9b50-47e7-8a1e-5dc616365a9c | GET /users/1 | status=200 | durationMs=1
users request | id=ed8fa36d-1283-45a4-a0c6-2bba324412c1 | GET /users/1 | status=200 | durationMs=0
users request | id=8d31df56-d21b-4dff-a074-0e3ddfaed074 | GET /users/1 | status=200 | durationMs=0
users request | id=e41212ff-e52a-4b58-991f-c652b9bf90a7 | GET /users/1 | status=200 | durationMs=0
users request | id=8f81a9ec-d691-493c-985a-4bcd7ca7cb81 | GET /users/1 | status=200 | durationMs=1
users request | id=3afbfb5c-7100-4da4-a076-6f1edcec28dc | GET /users/1 | status=200 | durationMs=0
users request | id=24ac6412-8ef1-4d86-86ad-5b7ce002836f | GET /users/1 | status=200 | durationMs=0
users request | id=d47c4454-54ed-4f71-aa2a-5f78ba1461c3 | GET /users/1 | status=200 | durationMs=1
users request | id=2264e3f6-2a0b-43c0-a39d-e197b50c5c58 | GET /users/1 | status=200 | durationMs=0
users request | id=e49cce4c-0fdd-4655-ba5f-767ee04ae500 | GET /users/1 | status=200 | durationMs=0
users request | id=eab13979-fb11-4412-9786-008349c8b14c | GET /users/1 | status=200 | durationMs=0
users request | id=25d0968e-09e8-4b71-b844-5fea419baac1 | GET /users/1 | status=200 | durationMs=0
users request | id=b03e3132-a68c-4af6-b4cf-f6b7d4968172 | GET /users/1 | status=200 | durationMs=0
users request | id=d7495381-83ce-4ca1-bf3e-f73ec7bfd223 | GET /users/1 | status=200 | durationMs=1
users request | id=f80aa3a3-a31e-41f9-9360-14c029f6da33 | GET /users/1 | status=200 | durationMs=0
users request | id=68fbb3d9-c894-4930-9391-c41fd739e922 | GET /users/1 | status=200 | durationMs=1
users request | id=8b1f2ed9-b6f1-4d5d-858c-f5bec5bbcd2b | GET /users/1 | status=200 | durationMs=0
users request | id=65e1c2ff-d718-4ff5-8717-ad1d3b6ed83e | GET /users/1 | status=200 | durationMs=1
users request | id=005e097b-8ace-40a6-adee-316eca19807f | GET /users/1 | status=200 | durationMs=0
users request | id=90ff0559-7d8f-4a9b-9a14-336355c80bf9 | GET /users/1 | status=200 | durationMs=0
users request | id=4409eac9-0e44-4f0e-94e1-0ffe31da5025 | GET /users/1 | status=200 | durationMs=0
users request | id=ee75be8b-0083-4fb8-bece-048672178db8 | GET /users/1 | status=200 | durationMs=0
users request | id=a2f46505-907b-4153-9525-102d9bb4b3b6 | GET /users/1 | status=200 | durationMs=0
users request | id=8bd77491-4686-4630-956c-c21bf8687d91 | GET /users/1 | status=200 | durationMs=0
users request | id=93164bbc-e467-4618-942f-88db9d38161d | GET /users/1 | status=200 | durationMs=0
users request | id=2a460c91-4ecb-4765-9b6f-556bbd7813e5 | GET /users/1 | status=200 | durationMs=0
users request | id=2f9f8ba9-4807-40d7-a2f3-00091951fb80 | GET /users/1 | status=200 | durationMs=0
users request | id=681b4bf8-7dd9-4423-8acf-50dcd92cd919 | GET /users/1 | status=200 | durationMs=1
users request | id=a1344dfc-4d4c-4b64-aa95-55e48c690a4f | GET /users/1 | status=200 | durationMs=0
users request | id=8d31a289-0f21-4c80-942b-7200292f2577 | GET /users/1 | status=200 | durationMs=0
users request | id=88c16045-01c7-4ac4-bfb7-e0e360b8ffc7 | GET /users/1 | status=200 | durationMs=0
users request | id=11c6dfd0-6a43-42e1-87a8-94a77d4eb94d | GET /users/1 | status=200 | durationMs=0
users request | id=9039b934-797a-4256-baa0-2701b3dff7f7 | GET /users/1 | status=200 | durationMs=0
users request | id=57500995-dd0f-49c0-9328-92c1f782126e | GET /users/1 | status=200 | durationMs=0
users request | id=dd93a498-18b4-4dd2-a5b2-2fd4b889975f | GET /users/1 | status=200 | durationMs=1
users request | id=341eaced-1eac-43b2-94bc-b14f9a44b586 | GET /users/1 | status=200 | durationMs=1
users request | id=726341b1-b1ab-4072-a81c-ffa89c76f31a | GET /users/1 | status=200 | durationMs=0
users request | id=6c1f732f-24da-42a7-ab8a-a89eae6384c6 | GET /users/1 | status=200 | durationMs=0
users request | id=8da067ae-a186-4741-bd60-1b28007de7c5 | GET /users/1 | status=200 | durationMs=0
users request | id=f475d2bd-4d5c-4092-b669-276e857e583d | GET /users/1 | status=200 | durationMs=0
users request | id=1a033e0e-b191-4b11-b470-c6a7543f5b6c | GET /users/1 | status=200 | durationMs=0
users request | id=5a40b98b-d490-4f28-91ad-3e3e4d695efa | GET /users/1 | status=200 | durationMs=1
users request | id=082701d9-01dc-49a0-ac4f-e1717ebce069 | GET /users/1 | status=200 | durationMs=1
users request | id=83312ad0-9aee-47f8-a2b8-5596231c8854 | GET /users/1 | status=200 | durationMs=0
users request | id=fa9356e9-2445-4960-9bb7-e7af54fabdd1 | GET /users/1 | status=200 | durationMs=0
users request | id=6fb736b3-0c9f-4897-b470-955df470d8c4 | GET /users/1 | status=200 | durationMs=0
users request | id=c2de14cb-bcd1-40e2-9be6-e6f000421fb2 | GET /users/1 | status=200 | durationMs=0
users request | id=1d4b1c6e-9984-4d71-911a-cdd2bda52d97 | GET /users/1 | status=200 | durationMs=0
users request | id=ef6a9fd7-555d-4c4e-80e6-02350092abbd | GET /users/1 | status=200 | durationMs=0
users request | id=93e81b68-5f9c-49a3-8733-5efb2597ad05 | GET /users/1 | status=200 | durationMs=0
users request | id=f59257a4-e31d-4262-8dbb-ee575bca9f68 | GET /users/1 | status=200 | durationMs=0
users request | id=1d3af6c2-d27f-44ae-a8ba-f44a06559186 | GET /users/1 | status=200 | durationMs=0
users request | id=9c7f4281-0ef3-4fba-9cbd-64fef7817eea | GET /users/1 | status=200 | durationMs=0
users request | id=f99c4ea3-c9cd-4a1b-862f-679c26060a8c | GET /users/1 | status=200 | durationMs=0
users request | id=6f14e408-6596-4abf-829e-7d2e13ede548 | GET /users/1 | status=200 | durationMs=0
users request | id=4bc14db3-3d1f-4bb5-a567-7278025f1c10 | GET /users/1 | status=200 | durationMs=0
users request | id=c3bbbd64-225c-41a3-a819-43cb8ee160c0 | GET /users/1 | status=200 | durationMs=0
users request | id=7248db6a-bdff-451f-878c-ab9fddf3c7c3 | GET /users/1 | status=200 | durationMs=0
users request | id=33c32ad5-fd3b-465b-aeb4-5daa9e982cf2 | GET /users/1 | status=200 | durationMs=0
users request | id=25117ac3-9d0a-4f92-ab46-7906b7be8250 | GET /users/1 | status=200 | durationMs=0
users request | id=3e8d957a-c885-4312-a1d6-4c4fcebc7c9a | GET /users/1 | status=200 | durationMs=0
users request | id=63b81b6f-b071-438b-80f1-d7b69dbb8bce | GET /users/1 | status=200 | durationMs=0
users request | id=fba4d941-c141-4fed-863c-6bc171709aae | GET /users/1 | status=200 | durationMs=0
users request | id=2ac14232-f4e6-4a76-ad95-bd53b8abd757 | GET /users/1 | status=200 | durationMs=1
users request | id=e0b44e3d-d3bb-4d55-9a4b-b68fac4a7957 | GET /users/1 | status=200 | durationMs=0
users request | id=72d2e841-2c88-477b-96b2-9c35f320fe8a | GET /users/1 | status=200 | durationMs=1
users request | id=2c6a1eb6-4f4a-4a2b-a8e6-04c98488e10d | GET /users/1 | status=200 | durationMs=1
users request | id=adb29482-1c8a-4fc6-9e43-d8a41ee74783 | GET /users/1 | status=200 | durationMs=0
users request | id=b79d8499-5839-42a9-a60c-5a6202ea044e | GET /users/1 | status=200 | durationMs=1
users request | id=55c9be50-a633-4443-9d43-fd493dc3604a | GET /users/1 | status=200 | durationMs=0
users request | id=edcdaadd-0bd7-4457-a006-fff44a4636ad | GET /users/1 | status=200 | durationMs=1
users request | id=97917782-9990-464f-b04b-454aa7d46369 | GET /users/1 | status=200 | durationMs=0
users request | id=0301fd4a-9d0b-401a-adf2-6c933dcc59c9 | GET /users/1 | status=200 | durationMs=0
users request | id=a714723f-e661-4ce0-8c80-dfb5426569f3 | GET /users/1 | status=200 | durationMs=1
users request | id=9b021c67-7ec0-4dc3-bfb1-cd16d8ebbdef | GET /users/1 | status=200 | durationMs=1
users request | id=2ef65bf3-688f-411b-b8aa-f9f9401b1c9a | GET /users/1 | status=200 | durationMs=1
users request | id=0f5f1840-c6f7-4718-b629-57bdb03378ef | GET /users/1 | status=200 | durationMs=1
users request | id=f4670482-dfaf-4bed-8482-ecb15d5d629a | GET /users/1 | status=200 | durationMs=1
users request | id=c1e353cd-be40-4d5d-9a07-01e989c2445e | GET /users/1 | status=200 | durationMs=0
users request | id=133cce06-e5e6-4cbe-b53e-e0180438955d | GET /users/1 | status=200 | durationMs=1
users request | id=83b3fc1f-8cf3-4c44-a128-b710afcc5d72 | GET /users/1 | status=200 | durationMs=0
users request | id=e08202e9-298d-404a-9350-b7a26a745fde | GET /users/1 | status=200 | durationMs=0
users request | id=6ea187c7-953d-4e40-a538-865177ea848a | GET /users/1 | status=200 | durationMs=0
users request | id=b6e566aa-a976-453a-95e1-4373e531fc0c | GET /users/1 | status=200 | durationMs=0
users request | id=2373b4dc-d6f4-40b1-ae7d-09c7c7c1dd8b | GET /users/1 | status=200 | durationMs=0
users request | id=a597fe67-4235-4cfd-bb79-000697b37910 | GET /users/1 | status=200 | durationMs=0
users request | id=d51fd3af-83e6-430b-a40c-8ed39e50bf79 | GET /users/1 | status=200 | durationMs=0
users request | id=9f556176-0441-4dec-950a-08b6c3ce63ff | GET /users/1 | status=200 | durationMs=1
users request | id=8f18419f-3af2-4d2c-84a2-6f8813457fad | GET /users/1 | status=200 | durationMs=0
users request | id=7674a75b-d450-4272-ac11-529456bb8ef7 | GET /users/1 | status=200 | durationMs=0
users request | id=2d62cfa3-d0ab-41a2-81ad-7c71e223fcf5 | GET /users/1 | status=200 | durationMs=1
users request | id=c2be65c0-c717-432b-9a2c-dbcab59da818 | GET /users/1 | status=200 | durationMs=0
users request | id=6e4f7c03-75d1-44a5-9d5a-a8a28f50fb6d | GET /users/1 | status=200 | durationMs=1
users request | id=5660afbe-f15a-4337-8894-5a22e33b8827 | GET /users/1 | status=200 | durationMs=1
users request | id=3e4c19fa-05eb-48e2-ab7d-35a8a9a50d1b | GET /users/1 | status=200 | durationMs=0
users request | id=fb4fe8a7-bbe5-4e98-9dce-269ea611dd1b | GET /users/1 | status=200 | durationMs=0
users request | id=56a233ff-9ce2-4a4b-a52a-3eb1d3c3a677 | GET /users/1 | status=200 | durationMs=0
users request | id=763eb4ac-99b0-4c61-ae8b-e0a483caca15 | GET /users/1 | status=200 | durationMs=0
users request | id=565d8fa7-636a-4114-8ee1-16d838ac3591 | GET /users/1 | status=200 | durationMs=0
users request | id=080c90d8-3c5c-442f-8d38-5a3dc445f05b | GET /users/1 | status=200 | durationMs=0
users request | id=c0e95876-0a60-478c-8fb1-2b0702fccbcc | GET /users/1 | status=200 | durationMs=1
users request | id=c7073a99-bcfb-4681-80a1-ae6b065aec3c | GET /users/1 | status=200 | durationMs=1
users request | id=020f449e-0d8f-4bbf-83de-ae9a5c092f29 | GET /users/1 | status=200 | durationMs=0
users request | id=813bf7a9-f6b7-41c5-b38b-ed051c662885 | GET /users/1 | status=200 | durationMs=0
users request | id=9c77712c-a3e2-4166-bdee-8717ef644ccd | GET /users/1 | status=200 | durationMs=1
users request | id=b1868021-1662-49e9-acd2-7b0dc317e0b5 | GET /users/1 | status=200 | durationMs=1
users request | id=67bb43a3-b3bd-4eae-a917-59a65c7d74a3 | GET /users/1 | status=200 | durationMs=1
users request | id=01531792-b3d4-4ccb-9f99-91afeb15961e | GET /users/1 | status=200 | durationMs=1
users request | id=bd4604ea-583e-4210-b3c0-fb0a6810287e | GET /users/1 | status=200 | durationMs=0
users request | id=eda6aa85-54b3-469b-919b-2cc73196dddf | GET /users/1 | status=200 | durationMs=1
users request | id=3159c6b2-9fa5-463b-be55-162a760352f8 | GET /users/1 | status=200 | durationMs=0
users request | id=d7392ff3-cf91-4e32-9e20-529d4f2c2237 | GET /users/1 | status=200 | durationMs=0
users request | id=1621f688-54a6-4d98-8916-8b9e130ac07f | GET /users/1 | status=200 | durationMs=0
users request | id=e60805ef-380d-49ba-a1c5-5bfcfe3fc92f | GET /users/1 | status=200 | durationMs=0
users request | id=079a70ec-6ab3-4020-9150-691650d9bfc5 | GET /users/1 | status=200 | durationMs=1
users request | id=1025464c-8372-4095-8100-af6e46a29bdd | GET /users/1 | status=200 | durationMs=0
users request | id=e0eb64eb-f1e6-4ad6-a4c4-5a110ce1fe98 | GET /users/1 | status=200 | durationMs=0
users request | id=e6631ba3-9edc-4084-9f20-ffd6810595b1 | GET /users/1 | status=200 | durationMs=1
users request | id=daed7014-ffcd-46bf-935a-c04e9fb002dc | GET /users/1 | status=200 | durationMs=0
users request | id=2dec623f-fe7d-402f-a5bd-78237eef3613 | GET /users/1 | status=200 | durationMs=0
users request | id=94993811-d27f-4923-b652-4d06ae52198c | GET /users/1 | status=200 | durationMs=0
users request | id=4732e65a-b024-4d99-81cd-6b859bb3b270 | GET /users/1 | status=200 | durationMs=0
users request | id=417a69c0-ec62-423a-96ea-a8ee77b6d30d | GET /users/1 | status=200 | durationMs=1
users request | id=46e04db1-4352-457d-85a9-f07a52d107e8 | GET /users/1 | status=200 | durationMs=0
users request | id=50be12a3-a6f7-4898-b522-88158be4b3a4 | GET /users/1 | status=200 | durationMs=1
users request | id=77491df2-1fc6-4209-a78e-943a2ad2ccd8 | GET /users/1 | status=200 | durationMs=0
users request | id=ba762ac4-fe09-42d1-a821-fa1a58cef6e9 | GET /users/1 | status=200 | durationMs=0
users request | id=7b184e48-9ce3-4d06-bab8-1dc009c954d1 | GET /users/1 | status=200 | durationMs=1
users request | id=14f1dcdf-55cb-48e4-a246-a528c64cd8a8 | GET /users/1 | status=200 | durationMs=0
users request | id=bcf9f7bf-7410-466d-bb68-b629eee1a574 | GET /users/1 | status=200 | durationMs=0
users request | id=48f7ce33-b516-48f5-adca-2f842023da68 | GET /users/1 | status=200 | durationMs=0
users request | id=b90928f3-33c4-4556-a985-710b76fa1079 | GET /users/1 | status=200 | durationMs=1
users request | id=4d2cbcea-00a2-4b4c-ac20-c1c123057601 | GET /users/1 | status=200 | durationMs=1
users request | id=bd74f2f1-f028-460a-b2e8-5c0bcd12f987 | GET /users/1 | status=200 | durationMs=0
users request | id=ba24e463-e80c-4c20-970a-0ceb72e30a98 | GET /users/1 | status=200 | durationMs=1
users request | id=eac4a589-0f4c-44b7-9d40-347f85067064 | GET /users/1 | status=200 | durationMs=1
users request | id=bb77f450-adea-41bd-ad97-ff8073ab43dd | GET /users/1 | status=200 | durationMs=1
users request | id=ba99492d-d9be-4371-9161-f9ffd6117a74 | GET /users/1 | status=200 | durationMs=1
users request | id=42dab616-499f-4c79-94d9-c933558b98e2 | GET /users/1 | status=200 | durationMs=0
users request | id=a716b66b-9ba5-4362-aeae-8502b41aa73f | GET /users/1 | status=200 | durationMs=0
users request | id=bb2a82d6-569f-4a05-b9f1-34b516e1d02c | GET /users/1 | status=200 | durationMs=0
users request | id=fc49619d-bf4d-4c58-9b5b-f1bfb2ed8816 | GET /users/1 | status=200 | durationMs=1
users request | id=c8828d47-01d1-4e36-8c25-ad5a31d79cf6 | GET /users/1 | status=200 | durationMs=0
users request | id=8477a872-23e7-49bd-81a8-29119d19a41a | GET /users/1 | status=200 | durationMs=0
users request | id=e31e365d-430d-45f6-9cf5-4e4cb3c7716b | GET /users/1 | status=200 | durationMs=1
users request | id=cb618963-89e5-4d91-bff8-03c7f839e941 | GET /users/1 | status=200 | durationMs=0
users request | id=fca79421-9a37-4a5f-99b9-90e339532ab0 | GET /users/1 | status=200 | durationMs=0
users request | id=9a918246-6a45-48ba-96f4-56f3804a3e3f | GET /users/1 | status=200 | durationMs=1
users request | id=c084d568-a7d9-4d3c-a66f-466d6722fcaf | GET /users/1 | status=200 | durationMs=1
users request | id=d35859d2-3989-4114-8901-dcc26d95b77f | GET /users/1 | status=200 | durationMs=0
users request | id=67754bc5-2e40-4762-b74e-6f54198335bb | GET /users/1 | status=200 | durationMs=0
users request | id=f2a6c716-b098-499a-90d2-0cde161a0970 | GET /users/1 | status=200 | durationMs=1
users request | id=f0cde5b1-081e-4895-ba0b-b796f32dea58 | GET /users/1 | status=200 | durationMs=0
users request | id=ed8a0583-014f-4fc2-a3de-d0c1059e40da | GET /users/1 | status=200 | durationMs=0
users request | id=7354cdeb-96ea-4fde-8f72-fd0c5f2bf312 | GET /users/1 | status=200 | durationMs=0
users request | id=140ef2e7-35b3-413d-a9c7-f6c67cddf8af | GET /users/1 | status=200 | durationMs=0
users request | id=7862c26a-8b47-4216-8720-fc62b3ff9408 | GET /users/1 | status=200 | durationMs=0
users request | id=2d5d901d-c74c-4ab3-bd82-177e181c64f8 | GET /users/1 | status=200 | durationMs=0
users request | id=307e4eca-c5b8-4af9-8539-42e462e8db87 | GET /users/1 | status=200 | durationMs=0
users request | id=1c8a5f6d-f77a-4c62-9c05-722dce25e9a0 | GET /users/1 | status=200 | durationMs=0
users request | id=74d46252-f1fe-4a83-873b-6737f735dba8 | GET /users/1 | status=200 | durationMs=0
users request | id=95ba33c6-9dd8-41d8-8ad8-717512cd8501 | GET /users/1 | status=200 | durationMs=0
users request | id=75307c8b-ad80-4d52-9e59-65dc36851527 | GET /users/1 | status=200 | durationMs=0
users request | id=c0cca366-5c0a-4197-844a-951c30193ae6 | GET /users/1 | status=200 | durationMs=0
users request | id=9d8c385b-4546-4193-afbb-10dcb23f56bb | GET /users/1 | status=200 | durationMs=0
users request | id=25628736-671d-4c3a-8855-4c50cd14141d | GET /users/1 | status=200 | durationMs=1
users request | id=3b3ac29c-38fa-4b54-bdbc-c67ceab91b85 | GET /users/1 | status=200 | durationMs=1
users request | id=2acc6151-8154-4123-a406-733885f41ad5 | GET /users/1 | status=200 | durationMs=0
users request | id=5f827554-e220-4a62-a0ba-d9aeedd3d60d | GET /users/1 | status=200 | durationMs=0
users request | id=c20f774c-37a0-4cc8-b459-ba0ac6c87b55 | GET /users/1 | status=200 | durationMs=0
users request | id=a4144d4a-3ed1-44a6-a2b4-3af7768b2caf | GET /users/1 | status=200 | durationMs=1
users request | id=e1c98495-7656-496e-ae32-3eb7f57dcd5a | GET /users/1 | status=200 | durationMs=0
users request | id=652b1bab-6b81-4444-9ccd-d02473e5b914 | GET /users/1 | status=200 | durationMs=0
users request | id=78cfda27-634d-4555-9062-4a8bce6b46d3 | GET /users/1 | status=200 | durationMs=0
users request | id=51e5b906-8074-49fa-9d20-0ae4a42c119f | GET /users/1 | status=200 | durationMs=0
users request | id=b5d78d34-c238-4e51-b899-dc425d95ae90 | GET /users/1 | status=200 | durationMs=0
users request | id=56e902e1-da13-4779-aa17-40b2393e0a23 | GET /users/1 | status=200 | durationMs=0
users request | id=513e7206-1f2e-4fc4-9c80-12b818c53fb7 | GET /users/1 | status=200 | durationMs=0
users request | id=342b4420-7330-4c23-a2c5-fb4dc79a8abd | GET /users/1 | status=200 | durationMs=0
users request | id=69b82765-ae17-4040-8a00-22c46449ff3b | GET /users/1 | status=200 | durationMs=0
users request | id=5ab99874-e740-4c52-8404-ccd31261857b | GET /users/1 | status=200 | durationMs=0
users request | id=c72869eb-3e3c-4aa9-acd1-8eaa43c222d5 | GET /users/1 | status=200 | durationMs=0
users request | id=8402e49b-b616-4d80-b2c9-724cbf017fb4 | GET /users/1 | status=200 | durationMs=0
users request | id=46394e23-7ef0-4b6d-af1d-c41a41f10bde | GET /users/1 | status=200 | durationMs=0
users request | id=4d2a91c8-e14a-4492-b157-c739a0fd43b4 | GET /users/1 | status=200 | durationMs=0
users request | id=42217d9b-6c46-4789-b792-421add3cc779 | GET /users/1 | status=200 | durationMs=1
users request | id=65f1fdee-b008-49cb-9dd4-ddf2bc3b6807 | GET /users/1 | status=200 | durationMs=0
users request | id=b4662616-2f55-479c-b188-b06fd949d1d9 | GET /users/1 | status=200 | durationMs=0
users request | id=cccb9d34-4120-4338-824d-090fa35fd587 | GET /users/1 | status=200 | durationMs=0
users request | id=9264057b-309f-4828-aaac-9e579602aedc | GET /users/1 | status=200 | durationMs=0
users request | id=88f3b20a-8014-466d-ad70-7e4e7c7615bb | GET /users/1 | status=200 | durationMs=0
users request | id=e6739120-5048-4d4c-9282-700251fbe5ba | GET /users/1 | status=200 | durationMs=0
users request | id=69e1ad54-e60b-4582-8d62-19686dc1e178 | GET /users/1 | status=200 | durationMs=0
users request | id=7e083440-f18e-4fc3-9b4c-41fddcef43b1 | GET /users/1 | status=200 | durationMs=0
users request | id=9b9b82e3-7698-4894-b46f-3c6457db25c6 | GET /users/1 | status=200 | durationMs=0
users request | id=7f7d829c-7ca5-4c33-b908-5da07fde4b4e | GET /users/1 | status=200 | durationMs=0
users request | id=3a38429c-035d-482e-aa6a-69971e0808e5 | GET /users/1 | status=200 | durationMs=0
users request | id=b0fe5b5c-1a5c-49a9-8b44-5aae9e01c080 | GET /users/1 | status=200 | durationMs=0
users request | id=18a80823-5944-4a0a-adfe-fdd90aa87fe8 | GET /users/1 | status=200 | durationMs=1
users request | id=c8a8c76d-bdb8-407c-8ea1-3a767d0dcc2d | GET /users/1 | status=200 | durationMs=0
users request | id=259daea2-549a-467d-b238-b5ba49a9ebaa | GET /users/1 | status=200 | durationMs=1
users request | id=238cb793-4bfc-4c8d-abce-26d28e832446 | GET /users/1 | status=200 | durationMs=0
users request | id=dee26335-c5d5-4df9-aa5b-62e599df1982 | GET /users/1 | status=200 | durationMs=1
users request | id=f959f641-d24b-45f6-b415-c956f684f6be | GET /users/1 | status=200 | durationMs=0
users request | id=1d10849d-92f3-4fbd-881e-877836c150ab | GET /users/1 | status=200 | durationMs=0
users request | id=9f1ca957-8ff3-4472-8633-fb9773543497 | GET /users/1 | status=200 | durationMs=0
users request | id=0f89c61d-eb4f-4d07-b957-57271be14ddc | GET /users/1 | status=200 | durationMs=0
users request | id=a54e699b-b182-4bce-a818-eaa0dbda973d | GET /users/1 | status=200 | durationMs=0
users request | id=c4b57b98-0655-475a-984d-f4a2d44473dc | GET /users/1 | status=200 | durationMs=0
users request | id=acbe3e46-6f30-42c2-8d51-2c2c7967889e | GET /users/1 | status=200 | durationMs=0
users request | id=09518f86-e54a-4d47-ab48-f1024d4651f6 | GET /users/1 | status=200 | durationMs=0
users request | id=aeddbaf2-75ad-4252-95e6-e6a5bd5bc5b8 | GET /users/1 | status=200 | durationMs=0
users request | id=c949ca83-bbd7-4e5c-8bec-e637530ccbed | GET /users/1 | status=200 | durationMs=0
users request | id=87ad8ffb-3885-43f0-9019-4d752944a01e | GET /users/1 | status=200 | durationMs=0
users request | id=0b0a5d98-eda1-4eb1-8b88-86612083e138 | GET /users/1 | status=200 | durationMs=1
users request | id=53327838-e74c-42ee-9d7e-c686b05bebf3 | GET /users/1 | status=200 | durationMs=0
users request | id=71c6dab8-bb7b-49bd-aaf5-ca3b2641c933 | GET /users/1 | status=200 | durationMs=0
users request | id=1c00a309-d865-4958-99d7-6507c7b23b75 | GET /users/1 | status=200 | durationMs=0
users request | id=19df52be-cdcb-40a6-80ce-5f7aa62d735e | GET /users/1 | status=200 | durationMs=0
users request | id=428184c2-a2fc-4d65-a416-89eafc30cc15 | GET /users/1 | status=200 | durationMs=0
users request | id=e2d30f1e-1cf3-45c1-a7a5-5e93a160bc93 | GET /users/1 | status=200 | durationMs=0
users request | id=46a34530-4e2d-455c-9fae-f9c3c1247899 | GET /users/1 | status=200 | durationMs=0
users request | id=5fa56e40-146b-4a65-a670-ca5f2ef48344 | GET /users/1 | status=200 | durationMs=0
users request | id=a84104de-a860-489d-83fc-22379af51c43 | GET /users/1 | status=200 | durationMs=0
users request | id=f9d3b359-80b0-4148-a374-80f36176d9ba | GET /users/1 | status=200 | durationMs=1
users request | id=6d6de89e-563d-4663-8d91-eb04ec830e7d | GET /users/1 | status=200 | durationMs=1
users request | id=4866f301-081e-4c27-ba1a-30d3240c4c2f | GET /users/1 | status=200 | durationMs=0
users request | id=258a8f5d-14e8-474d-b296-3d11b3d46be2 | GET /users/1 | status=200 | durationMs=0
users request | id=3321a19d-e594-4ece-952e-81c75c82efc3 | GET /users/1 | status=200 | durationMs=0
users request | id=b4974a64-8c20-4969-bb2b-7bc413f0236c | GET /users/1 | status=200 | durationMs=0
users request | id=3fb27227-29c8-47dc-a315-7abe5507d708 | GET /users/1 | status=200 | durationMs=0
users request | id=533fa410-09b3-4e9a-8530-9998f2c34688 | GET /users/1 | status=200 | durationMs=0
users request | id=46e8d04a-7df8-4930-9d87-29ff9f87fdbb | GET /users/1 | status=200 | durationMs=0
users request | id=85410d44-d8f8-4a6e-84d9-11c454bf40e0 | GET /users/1 | status=200 | durationMs=0
users request | id=f961a8dd-1491-427a-82dc-050e57761fbe | GET /users/1 | status=200 | durationMs=0
users request | id=843698f9-a802-472e-873f-fa5efe25ad46 | GET /users/1 | status=200 | durationMs=1
users request | id=3d26ca6d-47e8-465a-aa5a-2b5d1685e50f | GET /users/1 | status=200 | durationMs=0
users request | id=31d61371-322c-4ca5-b0da-7636263706a9 | GET /users/1 | status=200 | durationMs=1
users request | id=ac423004-58d1-4e15-9c61-df0e76bdffc6 | GET /users/1 | status=200 | durationMs=0
users request | id=1706c210-8221-4332-8e81-48bc0fc0e12b | GET /users/1 | status=200 | durationMs=0
users request | id=9ec435b5-5104-4536-ab5c-f75f3937108b | GET /users/1 | status=200 | durationMs=1
users request | id=273b2222-78db-4664-ad3d-e23b41513b77 | GET /users/1 | status=200 | durationMs=0
users request | id=f8fbac9b-b228-4cbd-82ad-e5e6b189dab8 | GET /users/1 | status=200 | durationMs=0
users request | id=5f1ce54d-5f26-4534-801d-c16384251a1f | GET /users/1 | status=200 | durationMs=0
users request | id=cbe432dd-648a-45c1-9df8-432577f405b1 | GET /users/1 | status=200 | durationMs=0
users request | id=cfadfd02-9c91-4ed6-9222-cb22036c4c46 | GET /users/1 | status=200 | durationMs=1
users request | id=285fca70-28a6-4b2c-bc7c-d4482b932f7d | GET /users/1 | status=200 | durationMs=0
users request | id=612ab67d-d27e-4c2b-b92c-a394dc16639a | GET /users/1 | status=200 | durationMs=0
users request | id=9c4c47b4-0d39-4e00-84a0-09367c87b290 | GET /users/1 | status=200 | durationMs=0
users request | id=3b30c276-e0b3-4e1c-bfc7-d72d0d1fca06 | GET /users/1 | status=200 | durationMs=0
users request | id=0e1999a6-3c7b-45a9-805d-1a1ca8529b3c | GET /users/1 | status=200 | durationMs=0
users request | id=27ee3a58-7d1a-40c7-8cc3-8b514aac676a | GET /users/1 | status=200 | durationMs=0
users request | id=54b57378-add4-4ba8-b148-5a88dd1395bd | GET /users/1 | status=200 | durationMs=0
users request | id=63d328a6-412e-4e42-a74f-91173c2cc3ba | GET /users/1 | status=200 | durationMs=1
users request | id=ad1e48a7-3195-46dc-8744-8b2f9a2d9e33 | GET /users/1 | status=200 | durationMs=0
users request | id=a501a4bc-fb6c-4577-9195-9020f31dc208 | GET /users/1 | status=200 | durationMs=1
users request | id=592ec8ea-e834-4c6d-ba69-3d3466cf4f5c | GET /users/1 | status=200 | durationMs=0
users request | id=d3e900e6-cf26-46a4-b928-d79542f3b6df | GET /users/1 | status=200 | durationMs=0
users request | id=942c90ff-3b3c-4e64-8a64-19b4104fa6d1 | GET /users/1 | status=200 | durationMs=0
users request | id=815a37d1-fc77-49ad-aa20-70b40078f84e | GET /users/1 | status=200 | durationMs=1
users request | id=48fa4de5-7665-4aaa-8992-35a95325d9e7 | GET /users/1 | status=200 | durationMs=0
users request | id=2a882880-2b97-4629-ae89-7f7902a49358 | GET /users/1 | status=200 | durationMs=0
users request | id=b78401e5-6b57-42c3-978f-40bbbbfc5f73 | GET /users/1 | status=200 | durationMs=0
users request | id=d8448867-ca2d-4861-8ff4-c1628fa8661a | GET /users/1 | status=200 | durationMs=1
users request | id=d59ae23e-93c3-4996-82ab-43ff7fb2690b | GET /users/1 | status=200 | durationMs=0
users request | id=1858d54e-f5f2-4b34-87a1-220b6ec3aecb | GET /users/1 | status=200 | durationMs=0
users request | id=4b1b9496-65a9-40be-b923-ddab68608b98 | GET /users/1 | status=200 | durationMs=0
users request | id=800045d8-3c91-4127-931e-09de737d7974 | GET /users/1 | status=200 | durationMs=0
users request | id=a422a477-5864-4f2c-abe1-4b9550c8f9fe | GET /users/1 | status=200 | durationMs=0
users request | id=5d1be503-40b2-468a-9099-4ad3bf9626d7 | GET /users/1 | status=200 | durationMs=0
users request | id=3f4ef43e-7378-4838-8623-7e12d024d783 | GET /users/1 | status=200 | durationMs=0
users request | id=380268e6-bf79-4219-917d-288a3df3456f | GET /users/1 | status=200 | durationMs=0
users request | id=50e59d8f-edf8-4120-97ef-3f3a532e6f26 | GET /users/1 | status=200 | durationMs=1
users request | id=c17d1e6f-1836-4ab2-8fcf-e306aaf51241 | GET /users/1 | status=200 | durationMs=0
users request | id=953393b3-c3cd-4be3-9c80-4ace1fe603c9 | GET /users/1 | status=200 | durationMs=1
users request | id=b96ff4e7-1c20-45b5-812c-ce0ddd3c1eb2 | GET /users/1 | status=200 | durationMs=0
users request | id=1964c628-9f12-40f2-8383-18264e36ab43 | GET /users/1 | status=200 | durationMs=0
users request | id=cdb08ebc-deb3-4eb0-ad61-53a0018d4b80 | GET /users/1 | status=200 | durationMs=0
users request | id=33915d46-545b-4a99-96a2-2bf159dd13de | GET /users/1 | status=200 | durationMs=0
users request | id=f138e8cf-82b3-42e2-827b-b16e25015cac | GET /users/1 | status=200 | durationMs=0
users request | id=fb8c1328-186d-48ee-ab4e-a26833956e5d | GET /users/1 | status=200 | durationMs=0
users request | id=203d215d-115e-417c-81e4-6620796516b1 | GET /users/1 | status=200 | durationMs=0
users request | id=67fe23cf-34b7-4d54-b1ae-adf5b271f020 | GET /users/1 | status=200 | durationMs=0
users request | id=24a6d89e-ec25-4c71-aa6c-d0ef177e22ea | GET /users/1 | status=200 | durationMs=0
users request | id=93a4d097-66d8-439e-8cf5-604226f65a75 | GET /users/1 | status=200 | durationMs=0
users request | id=62f22993-098f-4c4a-9f40-0f80c0ec50b5 | GET /users/1 | status=200 | durationMs=0
users request | id=81c8f77b-7688-40d2-bb95-84c08601846c | GET /users/1 | status=200 | durationMs=0
users request | id=052a41ab-4cab-4bc0-a503-b43d2bf1c2f2 | GET /users/1 | status=200 | durationMs=0
users request | id=73b52904-5298-4206-83de-178a60ab0d30 | GET /users/1 | status=200 | durationMs=0
users request | id=4556e674-b31f-489e-82a9-b427c71f2995 | GET /users/1 | status=200 | durationMs=1
users request | id=c416ce5b-5868-450d-a24c-043ebb6dbcb4 | GET /users/1 | status=200 | durationMs=0
users request | id=f527ef98-0ba4-4382-b172-ddd0c7db78f9 | GET /users/1 | status=200 | durationMs=1
users request | id=66472391-1fcb-4310-9798-ce2579f8b645 | GET /users/1 | status=200 | durationMs=0
users request | id=24709f1d-97ec-4059-9f30-f9d69043ac36 | GET /users/1 | status=200 | durationMs=0
users request | id=a4b860b6-1fcd-471c-bda4-44761854a49b | GET /users/1 | status=200 | durationMs=0
users request | id=beb6581c-f2ea-4701-8c5f-844ed575bc35 | GET /users/1 | status=200 | durationMs=1
users request | id=f57a64c5-8c03-4e94-853d-ba27238155a8 | GET /users/1 | status=200 | durationMs=0
users request | id=c3a0bee3-d69e-49f8-b296-8c0b13c1c400 | GET /users/1 | status=200 | durationMs=0
users request | id=b89662fc-6fec-4a8e-beee-e9c327ab3e03 | GET /users/1 | status=200 | durationMs=0
users request | id=8f473cd1-b7f5-4bbc-a87b-55f11c8a7c01 | GET /users/1 | status=200 | durationMs=0
users request | id=57133f7c-97ff-42e8-b5f6-d73cdd20bc9e | GET /users/1 | status=200 | durationMs=1
users request | id=36bc28dc-447d-467f-8caa-6a0d04fd41d5 | GET /users/1 | status=200 | durationMs=0
users request | id=f86de89e-0388-4ec4-b009-84a53f5be9a1 | GET /users/1 | status=200 | durationMs=0
users request | id=0beea16e-6a42-4601-accb-b87476842adb | GET /users/1 | status=200 | durationMs=1
users request | id=105fe577-bb57-4acb-b50c-a12a896f1dc9 | GET /users/1 | status=200 | durationMs=1
users request | id=3dedf1f8-17fc-40a9-9aa6-341d5527aa38 | GET /users/1 | status=200 | durationMs=1
users request | id=d9a67ad5-9854-4297-b49c-b0b58e22dfee | GET /users/1 | status=200 | durationMs=0
users request | id=2b3058a2-c52a-4afb-889d-3c3201408cdc | GET /users/1 | status=200 | durationMs=0
users request | id=d158aa93-dd71-4ae8-b2ea-dd709a97fcf9 | GET /users/1 | status=200 | durationMs=0
users request | id=4cf25a14-fc86-46b1-aed2-8bb3f962b6fc | GET /users/1 | status=200 | durationMs=0
users request | id=bb1edb76-edd4-4223-a131-efb94997bd55 | GET /users/1 | status=200 | durationMs=0
users request | id=518b5143-f9a1-4f62-9e5d-1dcd4d4bd58b | GET /users/1 | status=200 | durationMs=0
users request | id=42873bc8-0dbf-4e78-b61a-da75da7c67b0 | GET /users/1 | status=200 | durationMs=0
users request | id=cc540347-0f0e-4ffc-b6ee-f0a54744d303 | GET /users/1 | status=200 | durationMs=0
users request | id=179ae500-a453-40d8-95a7-60eeb6e37b17 | GET /users/1 | status=200 | durationMs=0
users request | id=8514b56a-bf44-4069-9a58-052101dcd250 | GET /users/1 | status=200 | durationMs=0
users request | id=7007a92a-cec0-4f09-baf7-e37e27f6b3cf | GET /users/1 | status=200 | durationMs=0
users request | id=e7ccf143-1d84-48ce-8b62-855a01f5c1da | GET /users/1 | status=200 | durationMs=0
users request | id=838ec475-134d-4c4a-ac62-f22b3808e278 | GET /users/1 | status=200 | durationMs=1
users request | id=7e7077e9-03f2-4307-8b92-9c6c4d6cb14b | GET /users/1 | status=200 | durationMs=1
users request | id=ed316459-3b37-4178-af0d-6c47304b37b7 | GET /users/1 | status=200 | durationMs=1
users request | id=bbde3362-597c-4a39-8d53-48560beb4c63 | GET /users/1 | status=200 | durationMs=1
users request | id=63acd2ca-838f-46e0-8508-3051237455b0 | GET /users/1 | status=200 | durationMs=0
users request | id=3c28cedb-a878-4433-b798-8b2bbd696bfe | GET /users/1 | status=200 | durationMs=0
users request | id=6db52d0f-486c-4bbd-8d3a-fa915d4c49c4 | GET /users/1 | status=200 | durationMs=0
users request | id=e065a43d-81bd-4de0-9d16-5234822c0e8d | GET /users/1 | status=200 | durationMs=1
users request | id=5b9f9814-8a6d-48fc-adc6-aae22ce298bf | GET /users/1 | status=200 | durationMs=0
users request | id=2185bc70-0484-4b5c-97f2-8c62cbafa19f | GET /users/1 | status=200 | durationMs=0
users request | id=ab14641c-871c-465e-b10e-1662cee2422a | GET /users/1 | status=200 | durationMs=0
users request | id=64e3abe2-709e-4151-bff0-a26d636e8f99 | GET /users/1 | status=200 | durationMs=0
users request | id=e7648adf-39e1-4d1c-a374-3f074f754d19 | GET /users/1 | status=200 | durationMs=0
users request | id=6567f975-1ab2-4244-8db5-137778bb6afd | GET /users/1 | status=200 | durationMs=0
users request | id=7e415776-c60b-49fd-8f60-137d1cfd3b08 | GET /users/1 | status=200 | durationMs=0
users request | id=980a0e17-e5dc-48f1-a80a-6dda937b2f41 | GET /users/1 | status=200 | durationMs=1
users request | id=741b2d1b-4a81-4aa9-8cd0-9e77b59b00e0 | GET /users/1 | status=200 | durationMs=0
users request | id=dffd2679-56a8-42cf-8a55-f2910206eeda | GET /users/1 | status=200 | durationMs=1
users request | id=d87b2ab1-82a4-42f3-ba86-60fb4acf5c86 | GET /users/1 | status=200 | durationMs=1
users request | id=cb10acea-c0fe-4963-8b4d-2cf63b0b881c | GET /users/1 | status=200 | durationMs=0
users request | id=277f09ee-e2bf-4c14-91df-7956885dd5d0 | GET /users/1 | status=200 | durationMs=0
users request | id=2a05577f-b532-4617-9b8b-4829040ff641 | GET /users/1 | status=200 | durationMs=0
users request | id=3ca65974-1c91-404a-a457-9dc7d7937ca6 | GET /users/1 | status=200 | durationMs=0
users request | id=96fd12c3-3685-4a80-af37-e500f3faba1b | GET /users/1 | status=200 | durationMs=0
users request | id=777b131a-0c78-4ffe-8d43-52c8ad16decd | GET /users/1 | status=200 | durationMs=0
users request | id=94e04098-4d52-4621-9b28-cfa54a0526b7 | GET /users/1 | status=200 | durationMs=0
users request | id=0ad9db1b-c696-418f-adeb-710cd541fd96 | GET /users/1 | status=200 | durationMs=0
users request | id=50d9bd8e-f002-44bf-9ea1-728ea387801c | GET /users/1 | status=200 | durationMs=0
users request | id=e2f1edc9-7189-4204-8566-c554fd93ff6c | GET /users/1 | status=200 | durationMs=0
users request | id=fb1d7b35-90c7-4ed7-ae04-70e524733090 | GET /users/1 | status=200 | durationMs=0
users request | id=c422c483-7e20-44e2-91e5-9e798246a1bf | GET /users/1 | status=200 | durationMs=0
users request | id=0f681444-b9bb-4c17-a070-390a1d5e9a03 | GET /users/1 | status=200 | durationMs=0
users request | id=915cdb99-b582-4c7c-bea6-00c06e1cde5d | GET /users/1 | status=200 | durationMs=1
users request | id=ef2bf112-534f-4c48-ae10-427a98aca332 | GET /users/1 | status=200 | durationMs=0
users request | id=d197c1bc-70dd-491c-991b-986674660d86 | GET /users/1 | status=200 | durationMs=0
users request | id=e1d4d4db-86e4-48ab-b8bf-adf22afb1072 | GET /users/1 | status=200 | durationMs=0
users request | id=38a09e0b-8c0c-42e8-abf1-6d826e4c600d | GET /users/1 | status=200 | durationMs=0
users request | id=1d136c26-1ce6-45b2-8465-0f4a3038b367 | GET /users/1 | status=200 | durationMs=0
users request | id=8c8c349c-5140-453a-95e2-d2387c846ca6 | GET /users/1 | status=200 | durationMs=0
users request | id=a3d7da1e-af36-4848-ac34-c796ae7506b2 | GET /users/1 | status=200 | durationMs=1
users request | id=d4f16668-71ab-4db8-a123-677938e9eefe | GET /users/1 | status=200 | durationMs=0
users request | id=49ff0bc6-709a-4b3d-be7c-2a9f1ac0d3f7 | GET /users/1 | status=200 | durationMs=0
users request | id=66cd8512-ad93-4cb4-a35d-ced0e2ef0180 | GET /users/1 | status=200 | durationMs=0
users request | id=659f09e5-7810-4497-aba2-b1153d7b9501 | GET /users/1 | status=200 | durationMs=0
users request | id=fa4bb276-8291-40f7-ad94-08afbccb9594 | GET /users/1 | status=200 | durationMs=1
users request | id=55789c66-dc41-4a2f-8983-b4aa94246e76 | GET /users/1 | status=200 | durationMs=0
users request | id=b8d13ce6-6816-474a-a4a6-6a492dfd78ef | GET /users/1 | status=200 | durationMs=0
users request | id=95305c43-2448-4b99-9404-0921cfec0c16 | GET /users/1 | status=200 | durationMs=0
users request | id=9e797eeb-3748-4a77-9022-6a121c955632 | GET /users/1 | status=200 | durationMs=0
users request | id=7fe98704-f995-4a3a-95ea-02e4ac88b287 | GET /users/1 | status=200 | durationMs=0
users request | id=2d1fd7b4-c1e1-4959-b5c1-d2c7d1516214 | GET /users/1 | status=200 | durationMs=0
users request | id=b9560760-34eb-44d3-aec9-91e6307ea1d2 | GET /users/1 | status=200 | durationMs=0
users request | id=4e013192-6d99-41c2-a338-10aafe0d65cb | GET /users/1 | status=200 | durationMs=0
users request | id=7099b595-86f3-43f9-a896-6842048be095 | GET /users/1 | status=200 | durationMs=0
users request | id=69184845-f620-4072-8ef9-c504ec5a7156 | GET /users/1 | status=200 | durationMs=0
users request | id=d23f01b3-d7d0-4a58-bfc9-69e697317fdc | GET /users/1 | status=200 | durationMs=0
users request | id=9b102b2c-0a07-4a65-a205-1f4fcae82dd6 | GET /users/1 | status=200 | durationMs=0
users request | id=7f0d27e0-239e-4fe1-96c6-e8e7d9188c6a | GET /users/1 | status=200 | durationMs=0
users request | id=16ccb2db-0be6-4692-9169-a7c8cdd1d48b | GET /users/1 | status=200 | durationMs=0
users request | id=e7ff6b30-7323-4d33-8e60-1666bbe0dde5 | GET /users/1 | status=200 | durationMs=0
users request | id=5ac2834d-4754-43ba-8e51-6943248ba490 | GET /users/1 | status=200 | durationMs=0
users request | id=5ee5f389-6485-4625-800d-af69f3fce85b | GET /users/1 | status=200 | durationMs=0
users request | id=5348066c-dbf7-4526-95b0-e5d4d7c7d38b | GET /users/1 | status=200 | durationMs=0
users request | id=496c16d8-bc4c-47c5-8506-a6b328f05076 | GET /users/1 | status=200 | durationMs=1
users request | id=b1b54445-76d0-4f1f-b38b-5c12aa5995c2 | GET /users/1 | status=200 | durationMs=1
users request | id=30071bc8-843a-436b-8136-f622becb45b1 | GET /users/1 | status=200 | durationMs=0
users request | id=aa6fb255-c83b-4467-b32e-321696f1ab07 | GET /users/1 | status=200 | durationMs=0
users request | id=f6592083-04e5-4171-a466-9af4c3985df0 | GET /users/1 | status=200 | durationMs=0
users request | id=7ab3483b-927d-4967-9274-aec5684796e4 | GET /users/1 | status=200 | durationMs=0
users request | id=e5a4b7e0-b5c8-416a-a7c4-ea6a1b4f024e | GET /users/1 | status=200 | durationMs=0
users request | id=87f31b57-527a-43d8-a21c-0ca98ca38663 | GET /users/1 | status=200 | durationMs=0
users request | id=43a7739d-7bab-4147-b3a0-3a9e6892ef27 | GET /users/1 | status=200 | durationMs=0
users request | id=06597aa4-1622-466e-a391-ac1a70455cd6 | GET /users/1 | status=200 | durationMs=0
users request | id=3159daec-4114-427d-8d2d-86b8d5979957 | GET /users/1 | status=200 | durationMs=0
users request | id=4b826914-21eb-4869-8420-e548ee7db1f4 | GET /users/1 | status=200 | durationMs=0
users request | id=e240348a-5e7e-4ca8-95f8-64afc99a9ed6 | GET /users/1 | status=200 | durationMs=2
users request | id=0f13db8c-b166-49ae-9b50-4e5428a163eb | GET /users/1 | status=200 | durationMs=1
users request | id=97bc9f90-e2c7-4c21-b7bf-e130726e3f2c | GET /users/1 | status=200 | durationMs=0
users request | id=66e28232-f5bc-435e-9f63-4f6aee180d95 | GET /users/1 | status=200 | durationMs=0
users request | id=5c577c8f-b201-49e6-aaa3-4f08cb06387e | GET /users/1 | status=200 | durationMs=0
users request | id=19206aa4-66b9-4887-b3a4-52166b829e35 | GET /users/1 | status=200 | durationMs=0
users request | id=7d1c5a95-d21d-4171-bf78-5da96b3c9d83 | GET /users/1 | status=200 | durationMs=0
users request | id=450ffa50-dbdc-4118-9d16-1827560e3de1 | GET /users/1 | status=200 | durationMs=0
users request | id=56380979-07ff-4484-b730-97028c944f65 | GET /users/1 | status=200 | durationMs=0
users request | id=caa618bf-10e3-4ef9-9b7a-9fcf765020f1 | GET /users/1 | status=200 | durationMs=0
users request | id=67416d9b-2bb6-4148-a9d9-832bbd67645e | GET /users/1 | status=200 | durationMs=0
users request | id=5d1f15ba-5c91-4669-bb82-d5ec7180b4e2 | GET /users/1 | status=200 | durationMs=0
users request | id=2ef29ee7-2f7a-46be-bd24-29127d2a3c45 | GET /users/1 | status=200 | durationMs=0
users request | id=158b5353-c1f9-4bac-9cc5-cafc48d8ee4d | GET /users/1 | status=200 | durationMs=0
users request | id=f3729ab9-102d-4f71-8a9d-275e5adae582 | GET /users/1 | status=200 | durationMs=1
users request | id=21c2abdf-da49-4420-920a-6d4c3c450d43 | GET /users/1 | status=200 | durationMs=0
users request | id=1cfea0e1-6898-418a-8618-768e2ffbcdc6 | GET /users/1 | status=200 | durationMs=0
users request | id=bff95b59-7249-4d43-a13f-7f90e97cd4f6 | GET /users/1 | status=200 | durationMs=0
users request | id=55d02484-6b54-4cb3-81e7-86bf457fc831 | GET /users/1 | status=200 | durationMs=0
users request | id=c1ac9d38-2735-488b-a0e7-4406623ea6ff | GET /users/1 | status=200 | durationMs=0
users request | id=b6f4b1bb-e207-442f-94e2-36455cb5a390 | GET /users/1 | status=200 | durationMs=0
users request | id=b5e782b5-7a76-4fdb-a00f-2d7255ed6bda | GET /users/1 | status=200 | durationMs=1
users request | id=a85cee45-a274-42c9-911d-8900a8f4c665 | GET /users/1 | status=200 | durationMs=0
users request | id=ab393938-63be-4709-a45b-8e767ab2af10 | GET /users/1 | status=200 | durationMs=0
users request | id=290ee10d-bbd8-4811-8356-e1ec31d918c8 | GET /users/1 | status=200 | durationMs=0
users request | id=f4c466b9-c2d0-4553-be32-1326dfcbf250 | GET /users/1 | status=200 | durationMs=0
users request | id=d8d0a8c3-b590-4488-86fd-faa7c60bf915 | GET /users/1 | status=200 | durationMs=0
users request | id=8c7e4dd6-7e98-405d-a39d-f8234841e856 | GET /users/1 | status=200 | durationMs=1
users request | id=b8d05501-8483-445d-a05d-79911ca318bd | GET /users/1 | status=200 | durationMs=0
users request | id=771c620a-3f96-4e43-9828-416e66a871fc | GET /users/1 | status=200 | durationMs=0
users request | id=a89f990a-05e6-4eff-aa39-4d6517bcae64 | GET /users/1 | status=200 | durationMs=0
users request | id=1d4f4dd1-4046-48df-ba84-80c9c34af192 | GET /users/1 | status=200 | durationMs=1
users request | id=936a2806-23f6-41d2-b29e-c4e21d694f95 | GET /users/1 | status=200 | durationMs=0
users request | id=f3bb9770-e3ce-49f2-bb47-f9910d377cca | GET /users/1 | status=200 | durationMs=1
users request | id=ca9cce31-a63a-42c7-8c54-8be51df9ceae | GET /users/1 | status=200 | durationMs=0
users request | id=eea6e90f-d17b-4c4a-aa5d-2b9ff7f6f961 | GET /users/1 | status=200 | durationMs=0
users request | id=ef9cff6c-0e9e-4d11-8fc7-127176ba5444 | GET /users/1 | status=200 | durationMs=0
users request | id=c89420f6-8253-4d61-aa1f-0d096d3def10 | GET /users/1 | status=200 | durationMs=0
users request | id=8bc93149-5e34-48d6-a79b-3922eb9f733e | GET /users/1 | status=200 | durationMs=0
users request | id=9080852e-7930-43ab-9d3a-ee2243d1f8de | GET /users/1 | status=200 | durationMs=1
users request | id=18d1a5d9-dc08-4247-95e9-00bdfa558021 | GET /users/1 | status=200 | durationMs=0
users request | id=de316227-f2dc-478d-a4e2-b4da74296efb | GET /users/1 | status=200 | durationMs=0
users request | id=2c46dbbb-018b-488b-a3fe-774b5a8919fc | GET /users/1 | status=200 | durationMs=0
users request | id=a7b9c34e-8daf-41fe-945f-a6b1f0d21c8e | GET /users/1 | status=200 | durationMs=0
users request | id=76224a11-f3ab-466b-b900-ce3f2bff31d3 | GET /users/1 | status=200 | durationMs=1
users request | id=854bbfb9-bc5b-47c5-89ab-8d9871ffb8ea | GET /users/1 | status=200 | durationMs=1
users request | id=c99e01eb-0f5d-40a6-aa2e-5d1dc969fd7c | GET /users/1 | status=200 | durationMs=0
users request | id=1be92c63-8d54-4992-bf1a-8ed198997464 | GET /users/1 | status=200 | durationMs=0
users request | id=9368f153-ee7c-4cd6-8829-472550fd1787 | GET /users/1 | status=200 | durationMs=1
users request | id=9b2d2025-554f-4036-9e43-97265bb3d922 | GET /users/1 | status=200 | durationMs=0
users request | id=81c2a605-87df-4fb1-a6a6-6f2567d1462d | GET /users/1 | status=200 | durationMs=0
users request | id=0d40a9f0-35ed-4f15-98be-d477e2d9f117 | GET /users/1 | status=200 | durationMs=0
users request | id=6a03b2e3-c374-4549-9590-fbef42b21f0e | GET /users/1 | status=200 | durationMs=0
users request | id=e0cca4ae-f9e0-4439-89bc-56fd646757f1 | GET /users/1 | status=200 | durationMs=1
users request | id=700c7860-aed7-47f0-9bad-65ca496f5022 | GET /users/1 | status=200 | durationMs=0
users request | id=0f5b7579-5b94-4a5c-b9a9-5c62515d753e | GET /users/1 | status=200 | durationMs=0
users request | id=93f53537-7ea0-4adb-9a2a-55a3d02a7663 | GET /users/1 | status=200 | durationMs=0
users request | id=454f919d-a583-41d7-9821-32b476f7b335 | GET /users/1 | status=200 | durationMs=1
users request | id=508d0490-266a-4b98-92f2-d2644a93f873 | GET /users/1 | status=200 | durationMs=1
users request | id=785f9fed-6300-411e-b14d-3e43e2ecfa62 | GET /users/1 | status=200 | durationMs=0
users request | id=58a452ba-4237-45f7-8c07-2ac781983bde | GET /users/1 | status=200 | durationMs=0
users request | id=303c9789-c47c-4c28-a2ad-69869d186b98 | GET /users/1 | status=200 | durationMs=1
users request | id=0ab85454-39e3-4ff3-83d1-387d08b6bd26 | GET /users/1 | status=200 | durationMs=0
users request | id=287ace7e-9fc3-4abb-803c-423495b33ff7 | GET /users/1 | status=200 | durationMs=0
users request | id=57e6f6e1-25ff-47c7-8570-00d790d9a027 | GET /users/1 | status=200 | durationMs=0
users request | id=0dce20dd-cb77-41cc-9d68-7e942d855f24 | GET /users/1 | status=200 | durationMs=0
users request | id=81cec5a8-a69c-4f44-a85a-1b1ac116691d | GET /users/1 | status=200 | durationMs=0
users request | id=c5e7fc7d-05eb-46a8-b4ab-a1985747c8cc | GET /users/1 | status=200 | durationMs=0
users request | id=a6aae75a-ed04-4524-ad15-1604d8cd7b3c | GET /users/1 | status=200 | durationMs=0
users request | id=dffc5134-a9c8-4fa9-87cd-065f37ecf494 | GET /users/1 | status=200 | durationMs=1
users request | id=b68763df-7b2c-42e5-bf32-98862c5f915e | GET /users/1 | status=200 | durationMs=1
users request | id=aabca5ae-d16c-4357-a8fe-c5af0ea7272a | GET /users/1 | status=200 | durationMs=0
users request | id=7ec0b0fe-73f5-42c9-bc08-46137daec1c3 | GET /users/1 | status=200 | durationMs=0
users request | id=f9bd3d4f-ded7-42b1-89b5-df19593f2a7b | GET /users/1 | status=200 | durationMs=1
users request | id=ca4430f5-4fef-4703-8413-7b2bcb8921fa | GET /users/1 | status=200 | durationMs=1
users request | id=8edb5a65-513d-4fe3-81cf-dd9e3ae8ee6b | GET /users/1 | status=200 | durationMs=0
users request | id=24cb4129-03f2-4562-8afc-5d661b36475c | GET /users/1 | status=200 | durationMs=1
users request | id=3b43d533-7b8a-4268-9f04-703a5075af86 | GET /users/1 | status=200 | durationMs=0
users request | id=e6b8b806-aa8d-4098-bf5e-ded0eb99c7d0 | GET /users/1 | status=200 | durationMs=0
users request | id=97d2fe82-e3cd-4e55-8062-cad9fac18f39 | GET /users/1 | status=200 | durationMs=1
users request | id=cbfc8ab4-db9f-43b3-97ac-0c45c8d4065d | GET /users/1 | status=200 | durationMs=1
users request | id=c3fd05c5-b50f-4604-8a6a-00311dbcbf1f | GET /users/1 | status=200 | durationMs=0
users request | id=b61c610e-3c73-465e-b257-e005bd56c7b0 | GET /users/1 | status=200 | durationMs=0
users request | id=640e8eb2-6ae6-4b4f-a3f7-91b2f59596a4 | GET /users/1 | status=200 | durationMs=0
users request | id=8bf90332-a668-4114-a043-4dd42eee5a37 | GET /users/1 | status=200 | durationMs=0
users request | id=6c10f2ca-8d07-4857-b9b5-2b347a0fcaf9 | GET /users/1 | status=200 | durationMs=0
users request | id=6b1899b7-0038-4599-8653-ed57a88cfc0c | GET /users/1 | status=200 | durationMs=0
users request | id=33e1b409-bb2e-4e29-9b97-cf5f065b9bf1 | GET /users/1 | status=200 | durationMs=0
users request | id=4e82839e-1d1e-4e90-9a8a-2dc7cad8bed9 | GET /users/1 | status=200 | durationMs=0
users request | id=d0bda5b7-40e1-451c-b63f-03c793ffb6a8 | GET /users/1 | status=200 | durationMs=0
users request | id=4758d165-3fa3-4100-be52-5a8557f5a3f4 | GET /users/1 | status=200 | durationMs=0
users request | id=2f7309c3-b89a-41cb-af54-866a69607ed8 | GET /users/1 | status=200 | durationMs=1
users request | id=b9c8e087-86d5-467c-9a7b-0fe450288ea7 | GET /users/1 | status=200 | durationMs=0
users request | id=436203fe-19df-480b-836d-12ac55fae6b7 | GET /users/1 | status=200 | durationMs=1
users request | id=625a34c6-9390-467a-9631-e8fc66a6cdb4 | GET /users/1 | status=200 | durationMs=0
users request | id=3b582df2-fb3b-477e-82eb-0305768f656d | GET /users/1 | status=200 | durationMs=0
users request | id=5408c213-0dc5-4230-ac96-40cdcc670eed | GET /users/1 | status=200 | durationMs=0
users request | id=09f13a9b-2c8d-4a11-b79a-917f4030c83f | GET /users/1 | status=200 | durationMs=0
users request | id=52ccbcb3-e442-4b4e-a8f1-befe1eb55b83 | GET /users/1 | status=200 | durationMs=1
users request | id=16857cd4-aab0-4777-85ce-0490f39231e1 | GET /users/1 | status=200 | durationMs=1
users request | id=f9964bd1-c678-4a66-90c3-7ee45c1e13cf | GET /users/1 | status=200 | durationMs=0
users request | id=6db4d995-27bc-4092-9f3c-27384e02b26b | GET /users/1 | status=200 | durationMs=0
users request | id=cae24753-ea38-486a-aebe-cf53d4933491 | GET /users/1 | status=200 | durationMs=1
users request | id=07416389-bd33-4c80-a6e3-2c1d6f25c712 | GET /users/1 | status=200 | durationMs=0
users request | id=f9a68e8b-44f7-421b-96c4-5974068ff21a | GET /users/1 | status=200 | durationMs=0
users request | id=43cc2948-ab8d-47db-a4fc-4465cdaea5b0 | GET /users/1 | status=200 | durationMs=0
users request | id=95adcab3-5c4b-41ce-af43-a7ce803371f2 | GET /users/1 | status=200 | durationMs=0
users request | id=c7f6804e-47f9-4874-bf56-e1111eeca6e3 | GET /users/1 | status=200 | durationMs=0
users request | id=3286e5da-bd4d-4986-8928-2476a9e97c44 | GET /users/1 | status=200 | durationMs=0
users request | id=ebc30148-9eea-4e4d-b455-f9a05f7afe46 | GET /users/1 | status=200 | durationMs=0
users request | id=744e5c3c-9790-4878-9925-f8ea5b59d8e4 | GET /users/1 | status=200 | durationMs=0
users request | id=18a3415f-aafb-4659-a0a8-715f22b89fb7 | GET /users/1 | status=200 | durationMs=0
users request | id=b96853e2-dec9-49ea-86ab-6bedfc486f79 | GET /users/1 | status=200 | durationMs=0
users request | id=21b04424-51b4-4e68-a7be-d36cd6433173 | GET /users/1 | status=200 | durationMs=0
users request | id=9bd18f89-3393-492a-9793-99c77928af11 | GET /users/1 | status=200 | durationMs=0
users request | id=7332437c-4627-4629-be09-7145737ff0a0 | GET /users/1 | status=200 | durationMs=0
users request | id=9267c63e-7786-4e2a-b3b5-43212558659e | GET /users/1 | status=200 | durationMs=1
users request | id=f974ceb3-d38b-4a1a-91f3-667c30430743 | GET /users/1 | status=200 | durationMs=1
users request | id=72a8259e-8901-40a2-83aa-4d528c498c76 | GET /users/1 | status=200 | durationMs=1
users request | id=3863533b-6d16-4f55-977d-8c962bed5ca1 | GET /users/1 | status=200 | durationMs=0
users request | id=d5130978-6f18-42e9-81c1-fa0602d4b2b8 | GET /users/1 | status=200 | durationMs=0
users request | id=71818a92-e477-45ba-aa40-bbce757c01ac | GET /users/1 | status=200 | durationMs=0
users request | id=bcca9f5b-cdb2-4e93-9f2d-14175ce42374 | GET /users/1 | status=200 | durationMs=1
users request | id=8e9fdbfe-ac1e-487c-8cb6-94a4efd4a9f0 | GET /users/1 | status=200 | durationMs=1
users request | id=d3c709f9-37d5-4a34-8fa9-43b774b65dfe | GET /users/1 | status=200 | durationMs=1
users request | id=ee43d98d-c83e-49c5-ba68-c36a25bc5f62 | GET /users/1 | status=200 | durationMs=0
users request | id=0d3035b4-9d2f-4f47-ac46-7dffc015e869 | GET /users/1 | status=200 | durationMs=0
users request | id=3651cbdd-2958-4de8-b5c4-7402737448fd | GET /users/1 | status=200 | durationMs=0
users request | id=b1c08acc-170f-4470-a48f-9d526aca2c9a | GET /users/1 | status=200 | durationMs=0
users request | id=d2b120dd-36ed-4ea2-868f-dc4784f56386 | GET /users/1 | status=200 | durationMs=0
users request | id=bec7f9fd-1c60-4bdc-9fbf-ce3704fcdd25 | GET /users/1 | status=200 | durationMs=0
users request | id=b292a29d-8073-4369-bea4-918b608ad774 | GET /users/1 | status=200 | durationMs=0
users request | id=90cc849f-f21b-474b-965d-fb13c1b34de1 | GET /users/1 | status=200 | durationMs=0
users request | id=7133a10f-3ee4-4a2c-8494-3d8f4b4f92af | GET /users/1 | status=200 | durationMs=0
users request | id=afc7decf-b8e6-4b91-8f34-2acf47e5de09 | GET /users/1 | status=200 | durationMs=0
users request | id=c4231642-f018-4a2f-9b35-42cd0c7165f3 | GET /users/1 | status=200 | durationMs=0
users request | id=99ff260f-bbe8-44f4-91dc-1f3bce59a5cf | GET /users/1 | status=200 | durationMs=0
users request | id=67db9da1-7624-4a45-9f10-c1aeb13892be | GET /users/1 | status=200 | durationMs=0
users request | id=66f1474c-04db-42b9-838a-7231eaecebbb | GET /users/1 | status=200 | durationMs=0
users request | id=df798560-8f5d-4514-acec-203b9b46b04a | GET /users/1 | status=200 | durationMs=1
users request | id=e3c84ebe-16f7-4b2a-9ba0-6686ad5b2178 | GET /users/1 | status=200 | durationMs=0
users request | id=6e6ea8f7-22b6-4425-8613-91122ca1bb25 | GET /users/1 | status=200 | durationMs=0
users request | id=b71c739d-fa47-4ac9-81ed-86f1b3770cfc | GET /users/1 | status=200 | durationMs=0
users request | id=665a27bc-1fc5-4caa-beaa-a53dffb9c63a | GET /users/1 | status=200 | durationMs=1
users request | id=193277a8-71f9-4434-98a7-ba349bcac9c8 | GET /users/1 | status=200 | durationMs=0
users request | id=4039c683-8fdd-412d-a1b5-267bfe38da15 | GET /users/1 | status=200 | durationMs=0
users request | id=987f6c04-ace5-4e54-b4e6-cfa63eac409c | GET /users/1 | status=200 | durationMs=0
users request | id=33e338de-f100-42b6-929c-b075e77aae66 | GET /users/1 | status=200 | durationMs=1
users request | id=5bb1dd86-fe60-48df-9277-e832b2eed0a8 | GET /users/1 | status=200 | durationMs=0
users request | id=82b2c0fd-7446-4d80-a9db-87b8f17d7ed9 | GET /users/1 | status=200 | durationMs=1
users request | id=887f9518-d930-48e7-adae-15a6a39c3453 | GET /users/1 | status=200 | durationMs=0
users request | id=754815bd-8c04-4b5b-930d-1d8c5b552df9 | GET /users/1 | status=200 | durationMs=0
users request | id=8d90e9da-e3f1-49e7-bd30-3e028aa0e456 | GET /users/1 | status=200 | durationMs=0
users request | id=ce0d7112-a443-4bae-bcd1-1d4614c51822 | GET /users/1 | status=200 | durationMs=0
users request | id=fb4c7d77-e75d-4075-9d4c-02b0633072a7 | GET /users/1 | status=200 | durationMs=0
users request | id=b7e0a735-1342-4c72-a7c6-8d6e4ebb05f9 | GET /users/1 | status=200 | durationMs=1
users request | id=d0603301-85a0-42ec-9e00-4424bea7d14f | GET /users/1 | status=200 | durationMs=1
users request | id=af4fcd55-0ad8-42ed-9e27-20a05dacd586 | GET /users/1 | status=200 | durationMs=0
users request | id=a7e82dc5-b123-4b37-9d0b-132501068be9 | GET /users/1 | status=200 | durationMs=0
users request | id=0dd5aaff-f951-4603-bf28-072800f3236d | GET /users/1 | status=200 | durationMs=0
users request | id=f8651b00-30ca-43dc-bdeb-898dbcf4c110 | GET /users/1 | status=200 | durationMs=0
users request | id=82ec33ae-7fcb-4f56-ad38-914c5354f109 | GET /users/1 | status=200 | durationMs=0
users request | id=f6d481e3-4d1a-49eb-8487-08861f1d3464 | GET /users/1 | status=200 | durationMs=0
users request | id=d97bad53-c27a-4cb7-8090-538e46855981 | GET /users/1 | status=200 | durationMs=0
users request | id=d5c35259-65b1-4878-a542-8c070652949b | GET /users/1 | status=200 | durationMs=0
users request | id=c2b5e409-f5bf-4ae8-bf73-4a96065478c3 | GET /users/1 | status=200 | durationMs=0
users request | id=d0d7eb29-8806-47bc-ab04-9e2cca502162 | GET /users/1 | status=200 | durationMs=0
users request | id=5611135a-bef1-4bb7-9949-66621e38a405 | GET /users/1 | status=200 | durationMs=1
users request | id=55102ff5-0c12-47a0-9e5c-b41b0070bfef | GET /users/1 | status=200 | durationMs=0
users request | id=52a76309-caac-4b84-8716-fa67ff39787e | GET /users/1 | status=200 | durationMs=0
users request | id=26c8eaf0-d3b3-433e-a84e-8232cf0c4308 | GET /users/1 | status=200 | durationMs=1
users request | id=d1f089e7-7a20-42b3-b905-0650cc94b2b3 | GET /users/1 | status=200 | durationMs=0
users request | id=c40001a3-d7ff-4de8-be7f-85626a147a12 | GET /users/1 | status=200 | durationMs=0
users request | id=319d3ab8-bae7-4865-a1cc-ab0036ed7bcd | GET /users/1 | status=200 | durationMs=0
users request | id=743f2a39-0aca-40f3-b34c-8ecea13e089f | GET /users/1 | status=200 | durationMs=0
users request | id=9db0575f-37d3-4c20-861b-8725c12859ce | GET /users/1 | status=200 | durationMs=0
users request | id=5653f0ce-ea7b-4281-98f1-de13ea4227a4 | GET /users/1 | status=200 | durationMs=1
users request | id=05942eef-8df2-48a4-abac-1bff45f5a54a | GET /users/1 | status=200 | durationMs=0
users request | id=bdbf5465-fda3-4620-8b07-dbfb42701697 | GET /users/1 | status=200 | durationMs=0
